Nov  1 00:05:46 roy-VirtualBox anacron[7605]: Job `cron.daily' terminated
Nov  1 00:05:46 roy-VirtualBox anacron[7605]: Normal exit (1 job run)
Nov  1 00:05:48 roy-VirtualBox systemd-resolved[291]: Using degraded feature set (TCP) for DNS server 192.168.86.1.
Nov  1 00:06:18 roy-VirtualBox systemd-resolved[291]: Using degraded feature set (UDP) for DNS server 192.168.86.1.
Nov  1 00:06:18 roy-VirtualBox systemd-resolved[291]: Using degraded feature set (TCP) for DNS server 192.168.86.1.
Nov  1 00:06:28 roy-VirtualBox systemd-resolved[291]: Using degraded feature set (UDP) for DNS server 192.168.86.1.
Nov  1 00:06:28 roy-VirtualBox systemd-resolved[291]: Using degraded feature set (TCP) for DNS server 192.168.86.1.
Nov  1 00:06:34 roy-VirtualBox systemd-resolved[291]: Using degraded feature set (UDP) for DNS server 192.168.86.1.
Nov  1 00:06:55 roy-VirtualBox NetworkManager[586]: <info>  [1541045215.2198] dhcp4 (enp0s3): activation: beginning transaction (timeout in 45 seconds)
Nov  1 00:06:55 roy-VirtualBox NetworkManager[586]: <info>  [1541045215.2220] dhcp4 (enp0s3): dhclient started with pid 8054
Nov  1 00:06:55 roy-VirtualBox dhclient[8054]: DHCPREQUEST of 10.0.2.15 on enp0s3 to 255.255.255.255 port 67 (xid=0x398632ea)
Nov  1 00:06:55 roy-VirtualBox dhclient[8054]: DHCPNAK from 192.168.86.1 (xid=0xea328639)
Nov  1 00:06:55 roy-VirtualBox NetworkManager[586]: <info>  [1541045215.2672] dhcp4 (enp0s3): state changed unknown -> expire
Nov  1 00:06:55 roy-VirtualBox NetworkManager[586]: <info>  [1541045215.2680] dhcp4 (enp0s3): canceled DHCP transaction, DHCP client pid 8054
Nov  1 00:06:55 roy-VirtualBox NetworkManager[586]: <info>  [1541045215.2681] dhcp4 (enp0s3): state changed expire -> done
Nov  1 00:06:55 roy-VirtualBox NetworkManager[586]: <info>  [1541045215.2683] device (enp0s3): scheduling DHCPv4 restart in 120 seconds, 1 tries left (reason: lease expired)
Nov  1 00:06:58 roy-VirtualBox kernel: [ 4485.350139] [UFW BLOCK] IN=enp0s3 OUT= MAC=01:00:5e:00:00:fb:20:ee:28:69:03:53:08:00 SRC=192.168.86.20 DST=224.0.0.251 LEN=32 TOS=0x00 PREC=0x00 TTL=1 ID=5228 PROTO=2 
Nov  1 00:07:18 roy-VirtualBox systemd-resolved[291]: Using degraded feature set (TCP) for DNS server 192.168.86.1.
Nov  1 00:07:28 roy-VirtualBox systemd-resolved[291]: Using degraded feature set (UDP) for DNS server 192.168.86.1.
Nov  1 00:07:45 roy-VirtualBox NetworkManager[586]: <info>  [1541045265.1920] manager: NetworkManager state is now CONNECTED_SITE
Nov  1 00:07:45 roy-VirtualBox whoopsie[781]: [00:07:45] offline
Nov  1 00:07:45 roy-VirtualBox dbus-daemon[557]: [system] Activating via systemd: service name='org.freedesktop.nm_dispatcher' unit='dbus-org.freedesktop.nm-dispatcher.service' requested by ':1.10' (uid=0 pid=586 comm="/usr/sbin/NetworkManager --no-daemon " label="unconfined")
Nov  1 00:07:45 roy-VirtualBox systemd[1]: Starting Network Manager Script Dispatcher Service...
Nov  1 00:07:45 roy-VirtualBox dbus-daemon[557]: [system] Successfully activated service 'org.freedesktop.nm_dispatcher'
Nov  1 00:07:45 roy-VirtualBox systemd[1]: Started Network Manager Script Dispatcher Service.
Nov  1 00:07:45 roy-VirtualBox nm-dispatcher: req:1 'connectivity-change': new request (1 scripts)
Nov  1 00:07:45 roy-VirtualBox nm-dispatcher: req:1 'connectivity-change': start running ordered scripts...
Nov  1 00:07:46 roy-VirtualBox systemd-resolved[291]: Using degraded feature set (TCP) for DNS server 192.168.86.1.
Nov  1 00:07:49 roy-VirtualBox systemd-resolved[291]: Using degraded feature set (UDP) for DNS server 192.168.86.1.
Nov  1 00:07:56 roy-VirtualBox systemd-resolved[291]: Using degraded feature set (TCP) for DNS server 192.168.86.1.
Nov  1 00:08:06 roy-VirtualBox whoopsie[781]: [00:08:06] Cannot reach: https://daisy.ubuntu.com
Nov  1 00:08:39 roy-VirtualBox systemd-resolved[291]: Using degraded feature set (UDP) for DNS server 192.168.86.1.
Nov  1 00:08:39 roy-VirtualBox systemd-resolved[291]: Using degraded feature set (TCP) for DNS server 192.168.86.1.
Nov  1 00:08:55 roy-VirtualBox NetworkManager[586]: <info>  [1541045335.1650] dhcp4 (enp0s3): activation: beginning transaction (timeout in 45 seconds)
Nov  1 00:08:55 roy-VirtualBox NetworkManager[586]: <info>  [1541045335.1671] dhcp4 (enp0s3): dhclient started with pid 8075
Nov  1 00:08:55 roy-VirtualBox dhclient[8075]: DHCPREQUEST of 10.0.2.15 on enp0s3 to 255.255.255.255 port 67 (xid=0x3db90799)
Nov  1 00:08:55 roy-VirtualBox dhclient[8075]: DHCPNAK from 192.168.86.1 (xid=0x9907b93d)
Nov  1 00:08:55 roy-VirtualBox NetworkManager[586]: <info>  [1541045335.2823] dhcp4 (enp0s3): state changed unknown -> expire
Nov  1 00:08:55 roy-VirtualBox NetworkManager[586]: <info>  [1541045335.2831] dhcp4 (enp0s3): canceled DHCP transaction, DHCP client pid 8075
Nov  1 00:08:55 roy-VirtualBox NetworkManager[586]: <info>  [1541045335.2833] dhcp4 (enp0s3): state changed expire -> done
Nov  1 00:08:55 roy-VirtualBox NetworkManager[586]: <info>  [1541045335.2836] device (enp0s3): state change: activated -> failed (reason 'ip-config-unavailable', sys-iface-state: 'managed')
Nov  1 00:08:55 roy-VirtualBox NetworkManager[586]: <info>  [1541045335.2850] manager: NetworkManager state is now CONNECTED_LOCAL
Nov  1 00:08:55 roy-VirtualBox NetworkManager[586]: <info>  [1541045335.2861] manager: NetworkManager state is now DISCONNECTED
Nov  1 00:08:55 roy-VirtualBox NetworkManager[586]: <warn>  [1541045335.3343] device (enp0s3): Activation: failed for connection 'Wired connection 1'
Nov  1 00:08:55 roy-VirtualBox dbus-daemon[557]: [system] Activating via systemd: service name='org.freedesktop.nm_dispatcher' unit='dbus-org.freedesktop.nm-dispatcher.service' requested by ':1.10' (uid=0 pid=586 comm="/usr/sbin/NetworkManager --no-daemon " label="unconfined")
Nov  1 00:08:55 roy-VirtualBox NetworkManager[586]: <info>  [1541045335.3415] device (enp0s3): state change: failed -> disconnected (reason 'none', sys-iface-state: 'managed')
Nov  1 00:08:55 roy-VirtualBox systemd[1]: Starting Network Manager Script Dispatcher Service...
Nov  1 00:08:55 roy-VirtualBox avahi-daemon[588]: Withdrawing address record for fe80::fcd:2cfd:9ff7:3a16 on enp0s3.
Nov  1 00:08:55 roy-VirtualBox avahi-daemon[588]: Leaving mDNS multicast group on interface enp0s3.IPv6 with address fe80::fcd:2cfd:9ff7:3a16.
Nov  1 00:08:55 roy-VirtualBox avahi-daemon[588]: Interface enp0s3.IPv6 no longer relevant for mDNS.
Nov  1 00:08:55 roy-VirtualBox avahi-daemon[588]: Withdrawing address record for 10.0.2.15 on enp0s3.
Nov  1 00:08:55 roy-VirtualBox avahi-daemon[588]: Leaving mDNS multicast group on interface enp0s3.IPv4 with address 10.0.2.15.
Nov  1 00:08:55 roy-VirtualBox avahi-daemon[588]: Interface enp0s3.IPv4 no longer relevant for mDNS.
Nov  1 00:08:55 roy-VirtualBox whoopsie[781]: [00:08:55] Cannot reach: https://daisy.ubuntu.com
Nov  1 00:08:55 roy-VirtualBox NetworkManager[586]: <info>  [1541045335.3740] policy: auto-activating connection 'Wired connection 1'
Nov  1 00:08:55 roy-VirtualBox dbus-daemon[870]: [session uid=121 pid=870] Activating service name='ca.desrt.dconf' requested by ':1.4' (uid=121 pid=896 comm="/usr/bin/gnome-shell " label="unconfined")
Nov  1 00:08:55 roy-VirtualBox dbus-daemon[870]: [session uid=121 pid=870] Successfully activated service 'ca.desrt.dconf'
Nov  1 00:08:55 roy-VirtualBox NetworkManager[586]: <info>  [1541045335.3847] device (enp0s3): Activation: starting connection 'Wired connection 1' (c31ff7c0-1b0c-365e-b7b4-e45f9ebcc7e4)
Nov  1 00:08:55 roy-VirtualBox NetworkManager[586]: <info>  [1541045335.3883] device (enp0s3): state change: disconnected -> prepare (reason 'none', sys-iface-state: 'managed')
Nov  1 00:08:55 roy-VirtualBox NetworkManager[586]: <info>  [1541045335.3911] manager: NetworkManager state is now CONNECTING
Nov  1 00:08:55 roy-VirtualBox NetworkManager[586]: <info>  [1541045335.3934] device (enp0s3): state change: prepare -> config (reason 'none', sys-iface-state: 'managed')
Nov  1 00:08:55 roy-VirtualBox NetworkManager[586]: <info>  [1541045335.3945] device (enp0s3): state change: config -> ip-config (reason 'none', sys-iface-state: 'managed')
Nov  1 00:08:55 roy-VirtualBox NetworkManager[586]: <info>  [1541045335.3993] dhcp4 (enp0s3): activation: beginning transaction (timeout in 45 seconds)
Nov  1 00:08:55 roy-VirtualBox NetworkManager[586]: <info>  [1541045335.4011] dhcp4 (enp0s3): dhclient started with pid 8097
Nov  1 00:08:55 roy-VirtualBox gsd-sharing[1364]: Failed to StopUnit service: GDBus.Error:org.freedesktop.systemd1.NoSuchUnit: Unit gnome-user-share-webdav.service not loaded.
Nov  1 00:08:55 roy-VirtualBox gsd-sharing[1364]: Failed to StopUnit service: GDBus.Error:org.freedesktop.systemd1.NoSuchUnit: Unit rygel.service not loaded.
Nov  1 00:08:55 roy-VirtualBox gsd-sharing[1364]: Failed to StopUnit service: GDBus.Error:org.freedesktop.systemd1.NoSuchUnit: Unit gnome-remote-desktop.service not loaded.
Nov  1 00:08:55 roy-VirtualBox dbus-daemon[557]: [system] Successfully activated service 'org.freedesktop.nm_dispatcher'
Nov  1 00:08:55 roy-VirtualBox nm-dispatcher: req:1 'down' [enp0s3]: new request (1 scripts)
Nov  1 00:08:55 roy-VirtualBox nm-dispatcher: req:1 'down' [enp0s3]: start running ordered scripts...
Nov  1 00:08:55 roy-VirtualBox systemd[1]: Started Network Manager Script Dispatcher Service.
Nov  1 00:08:55 roy-VirtualBox nm-dispatcher: req:2 'connectivity-change': new request (1 scripts)
Nov  1 00:08:55 roy-VirtualBox dhclient[8097]: DHCPREQUEST of 10.0.2.15 on enp0s3 to 255.255.255.255 port 67 (xid=0x6f1a7639)
Nov  1 00:08:55 roy-VirtualBox nm-dispatcher: req:2 'connectivity-change': start running ordered scripts...
Nov  1 00:08:55 roy-VirtualBox dhclient[8097]: DHCPNAK from 192.168.86.1 (xid=0x39761a6f)
Nov  1 00:08:55 roy-VirtualBox NetworkManager[586]: <info>  [1541045335.4878] dhcp4 (enp0s3): state changed unknown -> expire
Nov  1 00:08:55 roy-VirtualBox NetworkManager[586]: <info>  [1541045335.4952] dhcp4 (enp0s3): state changed expire -> unknown
Nov  1 00:08:55 roy-VirtualBox dhclient[8097]: DHCPDISCOVER on enp0s3 to 255.255.255.255 port 67 interval 3 (xid=0x75422723)
Nov  1 00:08:57 roy-VirtualBox avahi-daemon[588]: Joining mDNS multicast group on interface enp0s3.IPv6 with address fe80::fcd:2cfd:9ff7:3a16.
Nov  1 00:08:57 roy-VirtualBox avahi-daemon[588]: New relevant interface enp0s3.IPv6 for mDNS.
Nov  1 00:08:57 roy-VirtualBox avahi-daemon[588]: Registering new address record for fe80::fcd:2cfd:9ff7:3a16 on enp0s3.*.
Nov  1 00:08:58 roy-VirtualBox dhclient[8097]: DHCPDISCOVER on enp0s3 to 255.255.255.255 port 67 interval 3 (xid=0x75422723)
Nov  1 00:08:58 roy-VirtualBox dhclient[8097]: DHCPREQUEST of 192.168.86.36 on enp0s3 to 255.255.255.255 port 67 (xid=0x23274275)
Nov  1 00:08:58 roy-VirtualBox dhclient[8097]: DHCPOFFER of 192.168.86.36 from 192.168.86.1
Nov  1 00:08:58 roy-VirtualBox dhclient[8097]: DHCPACK of 192.168.86.36 from 192.168.86.1
Nov  1 00:08:58 roy-VirtualBox NetworkManager[586]: <info>  [1541045338.9674] dhcp4 (enp0s3):   address 192.168.86.36
Nov  1 00:08:58 roy-VirtualBox NetworkManager[586]: <info>  [1541045338.9677] dhcp4 (enp0s3):   plen 24 (255.255.255.0)
Nov  1 00:08:58 roy-VirtualBox NetworkManager[586]: <info>  [1541045338.9678] dhcp4 (enp0s3):   gateway 192.168.86.1
Nov  1 00:08:58 roy-VirtualBox NetworkManager[586]: <info>  [1541045338.9679] dhcp4 (enp0s3):   lease time 86400
Nov  1 00:08:58 roy-VirtualBox NetworkManager[586]: <info>  [1541045338.9680] dhcp4 (enp0s3):   hostname 'roy-VirtualBox'
Nov  1 00:08:58 roy-VirtualBox NetworkManager[586]: <info>  [1541045338.9681] dhcp4 (enp0s3):   nameserver '192.168.86.1'
Nov  1 00:08:58 roy-VirtualBox NetworkManager[586]: <info>  [1541045338.9682] dhcp4 (enp0s3):   domain name 'lan'
Nov  1 00:08:58 roy-VirtualBox NetworkManager[586]: <info>  [1541045338.9683] dhcp4 (enp0s3): state changed unknown -> bound
Nov  1 00:08:58 roy-VirtualBox avahi-daemon[588]: Joining mDNS multicast group on interface enp0s3.IPv4 with address 192.168.86.36.
Nov  1 00:08:58 roy-VirtualBox avahi-daemon[588]: New relevant interface enp0s3.IPv4 for mDNS.
Nov  1 00:08:58 roy-VirtualBox avahi-daemon[588]: Registering new address record for 192.168.86.36 on enp0s3.IPv4.
Nov  1 00:08:58 roy-VirtualBox NetworkManager[586]: <info>  [1541045338.9745] device (enp0s3): state change: ip-config -> ip-check (reason 'none', sys-iface-state: 'managed')
Nov  1 00:08:58 roy-VirtualBox whoopsie[781]: [00:08:58] Cannot reach: https://daisy.ubuntu.com
Nov  1 00:08:58 roy-VirtualBox NetworkManager[586]: <info>  [1541045338.9798] device (enp0s3): state change: ip-check -> secondaries (reason 'none', sys-iface-state: 'managed')
Nov  1 00:08:58 roy-VirtualBox NetworkManager[586]: <info>  [1541045338.9841] device (enp0s3): state change: secondaries -> activated (reason 'none', sys-iface-state: 'managed')
Nov  1 00:08:58 roy-VirtualBox NetworkManager[586]: <info>  [1541045338.9879] manager: NetworkManager state is now CONNECTED_LOCAL
Nov  1 00:08:59 roy-VirtualBox NetworkManager[586]: <info>  [1541045339.0189] manager: NetworkManager state is now CONNECTED_SITE
Nov  1 00:08:59 roy-VirtualBox dhclient[8097]: bound to 192.168.86.36 -- renewal in 41506 seconds.
Nov  1 00:08:59 roy-VirtualBox NetworkManager[586]: <info>  [1541045339.0211] policy: set 'Wired connection 1' (enp0s3) as default for IPv4 routing and DNS
Nov  1 00:08:59 roy-VirtualBox NetworkManager[586]: <info>  [1541045339.0214] device (enp0s3): Activation: successful, device activated.
Nov  1 00:08:59 roy-VirtualBox nm-dispatcher: req:3 'up' [enp0s3]: new request (1 scripts)
Nov  1 00:08:59 roy-VirtualBox nm-dispatcher: req:3 'up' [enp0s3]: start running ordered scripts...
Nov  1 00:08:59 roy-VirtualBox gsd-sharing[1364]: Failed to StopUnit service: GDBus.Error:org.freedesktop.systemd1.NoSuchUnit: Unit gnome-user-share-webdav.service not loaded.
Nov  1 00:08:59 roy-VirtualBox gsd-sharing[1364]: Failed to StopUnit service: GDBus.Error:org.freedesktop.systemd1.NoSuchUnit: Unit rygel.service not loaded.
Nov  1 00:08:59 roy-VirtualBox gsd-sharing[1364]: Failed to StopUnit service: GDBus.Error:org.freedesktop.systemd1.NoSuchUnit: Unit gnome-remote-desktop.service not loaded.
Nov  1 00:08:59 roy-VirtualBox systemd[1]: Reloading OpenBSD Secure Shell server.
Nov  1 00:08:59 roy-VirtualBox systemd[1]: Reloaded OpenBSD Secure Shell server.
Nov  1 00:08:59 roy-VirtualBox systemd[1]: Reloading OpenBSD Secure Shell server.
Nov  1 00:08:59 roy-VirtualBox systemd[1]: Reloaded OpenBSD Secure Shell server.
Nov  1 00:09:00 roy-VirtualBox NetworkManager[586]: <info>  [1541045340.0972] manager: NetworkManager state is now CONNECTED_GLOBAL
Nov  1 00:09:00 roy-VirtualBox nm-dispatcher: req:4 'connectivity-change': new request (1 scripts)
Nov  1 00:09:00 roy-VirtualBox nm-dispatcher: req:4 'connectivity-change': start running ordered scripts...
Nov  1 00:09:00 roy-VirtualBox whoopsie[781]: [00:09:00] The default IPv4 route is: /org/freedesktop/NetworkManager/ActiveConnection/2
Nov  1 00:09:00 roy-VirtualBox whoopsie[781]: [00:09:00] Not a paid data plan: /org/freedesktop/NetworkManager/ActiveConnection/2
Nov  1 00:09:00 roy-VirtualBox whoopsie[781]: [00:09:00] Found usable connection: /org/freedesktop/NetworkManager/ActiveConnection/2
Nov  1 00:09:00 roy-VirtualBox whoopsie[781]: [00:09:00] online
Nov  1 00:09:01 roy-VirtualBox CRON[8196]: (root) CMD (  [ -x /usr/lib/php/sessionclean ] && if [ ! -d /run/systemd/system ]; then /usr/lib/php/sessionclean; fi)
Nov  1 00:09:10 roy-VirtualBox systemd[1]: Starting Clean php session files...
Nov  1 00:09:10 roy-VirtualBox systemd[1]: Started Clean php session files.
Nov  1 00:10:58 roy-VirtualBox gnome-shell[1253]: Object .Gjs_AppIndicatorIconActor__1 (0x5615a203b8f0), has been already finalized. Impossible to set any property to it.
Nov  1 00:10:58 roy-VirtualBox gnome-software[1464]: no app for changed ubuntu-appindicators@ubuntu.com
Nov  1 00:10:58 roy-VirtualBox org.gnome.Shell.desktop[1253]: == Stack trace for context 0x56159ed24320 ==
Nov  1 00:10:58 roy-VirtualBox org.gnome.Shell.desktop[1253]: #0 0x7ffd22e7f620 I   resource:///org/gnome/gjs/modules/_legacy.js:83 (0x7fbb66db5de0 @ 87)
Nov  1 00:10:58 roy-VirtualBox org.gnome.Shell.desktop[1253]: #1 0x56159f1336e0 i   /usr/share/gnome-shell/extensions/ubuntu-appindicators@ubuntu.com/indicatorStatusIcon.js:93 (0x7fbb567bf098 @ 58)
Nov  1 00:10:58 roy-VirtualBox org.gnome.Shell.desktop[1253]: #2 0x7ffd22e80200 I   resource:///org/gnome/gjs/modules/_legacy.js:82 (0x7fbb66db5de0 @ 71)
Nov  1 00:10:58 roy-VirtualBox org.gnome.Shell.desktop[1253]: #3 0x7ffd22e802c0 b   self-hosted:916 (0x7fbb66df12b8 @ 367)
Nov  1 00:10:58 roy-VirtualBox org.gnome.Shell.desktop[1253]: #4 0x7ffd22e803b0 b   resource:///org/gnome/gjs/modules/signals.js:128 (0x7fbb66dd2230 @ 386)
Nov  1 00:10:58 roy-VirtualBox org.gnome.Shell.desktop[1253]: #5 0x56159f133658 i   /usr/share/gnome-shell/extensions/ubuntu-appindicators@ubuntu.com/appIndicator.js:190 (0x7fbb567a9cd0 @ 22)
Nov  1 00:10:58 roy-VirtualBox org.gnome.Shell.desktop[1253]: #6 0x7ffd22e81000 I   resource:///org/gnome/gjs/modules/_legacy.js:82 (0x7fbb66db5de0 @ 71)
Nov  1 00:10:58 roy-VirtualBox org.gnome.Shell.desktop[1253]: #7 0x56159f1335b0 i   /usr/share/gnome-shell/extensions/ubuntu-appindicators@ubuntu.com/statusNotifierWatcher.js:219 (0x7fbb567a9340 @ 225)
Nov  1 00:10:58 roy-VirtualBox org.gnome.Shell.desktop[1253]: #8 0x7ffd22e81be0 I   resource:///org/gnome/gjs/modules/_legacy.js:82 (0x7fbb66db5de0 @ 71)
Nov  1 00:10:58 roy-VirtualBox org.gnome.Shell.desktop[1253]: #9 0x56159f133538 i   /usr/share/gnome-shell/extensions/ubuntu-appindicators@ubuntu.com/extension.js:61 (0x7fbb5679b4d8 @ 37)
Nov  1 00:10:58 roy-VirtualBox org.gnome.Shell.desktop[1253]: #10 0x56159f133478 i   resource:///org/gnome/shell/ui/extensionSystem.js:82 (0x7fbb7805a120 @ 431)
Nov  1 00:10:58 roy-VirtualBox org.gnome.Shell.desktop[1253]: #11 0x56159f1333f8 i   resource:///org/gnome/shell/ui/extensionSystem.js:344 (0x7fbb7805abc0 @ 13)
Nov  1 00:10:58 roy-VirtualBox org.gnome.Shell.desktop[1253]: #12 0x7ffd22e828e0 b   self-hosted:251 (0x7fbb66dc4ab0 @ 223)
Nov  1 00:10:58 roy-VirtualBox org.gnome.Shell.desktop[1253]: #13 0x56159f133378 i   resource:///org/gnome/shell/ui/extensionSystem.js:343 (0x7fbb7805ab38 @ 64)
Nov  1 00:10:58 roy-VirtualBox org.gnome.Shell.desktop[1253]: #14 0x56159f1332f8 i   resource:///org/gnome/shell/ui/extensionSystem.js:361 (0x7fbb7805ac48 @ 87)
Nov  1 00:10:58 roy-VirtualBox org.gnome.Shell.desktop[1253]: #15 0x7ffd22e83de0 b   resource:///org/gnome/gjs/modules/signals.js:128 (0x7fbb66dd2230 @ 386)
Nov  1 00:10:58 roy-VirtualBox org.gnome.Shell.desktop[1253]: #16 0x7ffd22e845f0 b   resource:///org/gnome/shell/ui/sessionMode.js:205 (0x7fbb66a6d670 @ 254)
Nov  1 00:10:58 roy-VirtualBox org.gnome.Shell.desktop[1253]: #17 0x7ffd22e859e0 b   resource:///org/gnome/gjs/modules/_legacy.js:82 (0x7fbb66db5de0 @ 71)
Nov  1 00:10:58 roy-VirtualBox org.gnome.Shell.desktop[1253]: #18 0x56159f1331b8 i   resource:///org/gnome/shell/ui/sessionMode.js:167 (0x7fbb66a6d450 @ 40)
Nov  1 00:10:58 roy-VirtualBox org.gnome.Shell.desktop[1253]: #19 0x7ffd22e86d40 b   resource:///org/gnome/gjs/modules/_legacy.js:82 (0x7fbb66db5de0 @ 71)
Nov  1 00:10:58 roy-VirtualBox org.gnome.Shell.desktop[1253]: #20 0x56159f133110 i   resource:///org/gnome/shell/ui/screenShield.js:1282 (0x7fbb66a4fbc0 @ 188)
Nov  1 00:10:58 roy-VirtualBox org.gnome.Shell.desktop[1253]: #21 0x7ffd22e880a0 b   resource:///org/gnome/gjs/modules/_legacy.js:82 (0x7fbb66db5de0 @ 71)
Nov  1 00:10:58 roy-VirtualBox org.gnome.Shell.desktop[1253]: #22 0x56159f133088 i   resource:///org/gnome/shell/ui/screenShield.js:902 (0x7fbb66a4ecd0 @ 18)
Nov  1 00:10:58 roy-VirtualBox org.gnome.Shell.desktop[1253]: #23 0x7ffd22e89400 b   resource:///org/gnome/gjs/modules/_legacy.js:82 (0x7fbb66db5de0 @ 71)
Nov  1 00:10:58 roy-VirtualBox org.gnome.Shell.desktop[1253]: #24 0x7ffd22e89c10 b   self-hosted:916 (0x7fbb66df12b8 @ 367)
Nov  1 00:10:58 roy-VirtualBox org.gnome.Shell.desktop[1253]: #25 0x7ffd22e89d00 b   resource:///org/gnome/gjs/modules/signals.js:128 (0x7fbb66dd2230 @ 386)
Nov  1 00:10:58 roy-VirtualBox org.gnome.Shell.desktop[1253]: #26 0x56159f133008 i   resource:///org/gnome/shell/ui/lightbox.js:186 (0x7fbb78038890 @ 29)
Nov  1 00:10:58 roy-VirtualBox org.gnome.Shell.desktop[1253]: #27 0x56159f132f68 i   resource:///org/gnome/gjs/modules/tweener/tweener.js:208 (0x7fbb66dd2b38 @ 54)
Nov  1 00:10:58 roy-VirtualBox org.gnome.Shell.desktop[1253]: #28 0x56159f132e48 i   resource:///org/gnome/gjs/modules/tweener/tweener.js:337 (0x7fbb66dd2bc0 @ 1626)
Nov  1 00:10:58 roy-VirtualBox org.gnome.Shell.desktop[1253]: #29 0x56159f132db8 i   resource:///org/gnome/gjs/modules/tweener/tweener.js:350 (0x7fbb66dd2c48 @ 100)
Nov  1 00:10:58 roy-VirtualBox org.gnome.Shell.desktop[1253]: #30 0x56159f132d40 i   resource:///org/gnome/gjs/modules/tweener/tweener.js:365 (0x7fbb66dd2cd0 @ 10)
Nov  1 00:10:58 roy-VirtualBox org.gnome.Shell.desktop[1253]: #31 0x7ffd22e8be90 b   resource:///org/gnome/gjs/modules/signals.js:128 (0x7fbb66dd2230 @ 386)
Nov  1 00:10:58 roy-VirtualBox org.gnome.Shell.desktop[1253]: #32 0x56159f132cb0 i   resource:///org/gnome/shell/ui/tweener.js:245 (0x7fbb66dcf808 @ 159)
Nov  1 00:10:58 roy-VirtualBox org.gnome.Shell.desktop[1253]: #33 0x7ffd22e8d1f0 b   resource:///org/gnome/gjs/modules/_legacy.js:82 (0x7fbb66db5de0 @ 71)
Nov  1 00:10:58 roy-VirtualBox org.gnome.Shell.desktop[1253]: #34 0x56159f132c30 i   resource:///org/gnome/shell/ui/tweener.js:220 (0x7fbb66dcf780 @ 15)
Nov  1 00:10:58 roy-VirtualBox gnome-software[1464]: no app for changed ubuntu-dock@ubuntu.com
Nov  1 00:11:07 roy-VirtualBox gnome-software[1464]: no app for changed ubuntu-dock@ubuntu.com
Nov  1 00:11:07 roy-VirtualBox gnome-software[1464]: no app for changed ubuntu-appindicators@ubuntu.com
Nov  1 00:11:07 roy-VirtualBox gvfsd-metadata[1557]: g_udev_device_has_property: assertion 'G_UDEV_IS_DEVICE (device)' failed
Nov  1 00:11:07 roy-VirtualBox gvfsd-metadata[1557]: g_udev_device_has_property: assertion 'G_UDEV_IS_DEVICE (device)' failed
Nov  1 00:11:08 roy-VirtualBox gnome-shell[1253]: [AppIndicatorSupport-DEBUG] Registering StatusNotifierItem :1.61/org/ayatana/NotificationItem/software_update_available
Nov  1 00:11:59 roy-VirtualBox kernel: [ 4786.609970] [UFW BLOCK] IN=enp0s3 OUT= MAC=01:00:5e:00:00:fb:20:ee:28:69:03:53:08:00 SRC=192.168.86.20 DST=224.0.0.251 LEN=32 TOS=0x00 PREC=0x00 TTL=1 ID=9503 PROTO=2 
Nov  1 00:15:23 roy-VirtualBox kernel: [ 4990.180406] [UFW BLOCK] IN=enp0s3 OUT= MAC=01:00:5e:00:00:fb:20:ee:28:69:03:53:08:00 SRC=192.168.86.20 DST=224.0.0.251 LEN=32 TOS=0x00 PREC=0x00 TTL=1 ID=3302 PROTO=2 
Nov  1 00:17:01 roy-VirtualBox CRON[8336]: (root) CMD (   cd / && run-parts --report /etc/cron.hourly)
Nov  1 00:17:18 roy-VirtualBox org.gnome.Shell.desktop[1253]: (/usr/lib/firefox/firefox:7782): dconf-WARNING **: 00:17:18.456: Unable to open /var/lib/snapd/desktop/dconf/profile/user: Permission denied
Nov  1 00:17:59 roy-VirtualBox systemd[1]: Created slice User Slice of root.
Nov  1 00:17:59 roy-VirtualBox systemd[1]: Starting User Manager for UID 0...
Nov  1 00:17:59 roy-VirtualBox systemd[1]: Started Session 3 of user root.
Nov  1 00:17:59 roy-VirtualBox systemd[8357]: Listening on GnuPG cryptographic agent and passphrase cache (restricted).
Nov  1 00:17:59 roy-VirtualBox systemd[8357]: Reached target Timers.
Nov  1 00:17:59 roy-VirtualBox systemd[8357]: Starting D-Bus User Message Bus Socket.
Nov  1 00:17:59 roy-VirtualBox systemd[8357]: Listening on GnuPG network certificate management daemon.
Nov  1 00:17:59 roy-VirtualBox systemd[8357]: Listening on GnuPG cryptographic agent and passphrase cache (access for web browsers).
Nov  1 00:17:59 roy-VirtualBox systemd[8357]: Started Pending report trigger for Ubuntu Report.
Nov  1 00:17:59 roy-VirtualBox systemd[8357]: Reached target Paths.
Nov  1 00:17:59 roy-VirtualBox systemd[8357]: Listening on GnuPG cryptographic agent (ssh-agent emulation).
Nov  1 00:17:59 roy-VirtualBox systemd[8357]: Listening on GnuPG cryptographic agent and passphrase cache.
Nov  1 00:17:59 roy-VirtualBox systemd[8357]: Listening on D-Bus User Message Bus Socket.
Nov  1 00:17:59 roy-VirtualBox systemd[8357]: Reached target Sockets.
Nov  1 00:17:59 roy-VirtualBox systemd[8357]: Reached target Basic System.
Nov  1 00:17:59 roy-VirtualBox systemd[1]: Started User Manager for UID 0.
Nov  1 00:17:59 roy-VirtualBox systemd[8357]: Reached target Default.
Nov  1 00:17:59 roy-VirtualBox systemd[8357]: Startup finished in 169ms.
Nov  1 00:20:25 roy-VirtualBox kernel: [ 5291.849047] [UFW BLOCK] IN=enp0s3 OUT= MAC=01:00:5e:00:00:fb:20:ee:28:69:03:53:08:00 SRC=192.168.86.20 DST=224.0.0.251 LEN=32 TOS=0x00 PREC=0x00 TTL=1 ID=21294 PROTO=2 
Nov  1 00:22:39 roy-VirtualBox systemd-resolved[291]: Server returned error NXDOMAIN, mitigating potential DNS violation DVE-2018-0001, retrying transaction with reduced feature level UDP.
Nov  1 00:25:26 roy-VirtualBox kernel: [ 5593.108278] [UFW BLOCK] IN=enp0s3 OUT= MAC=01:00:5e:00:00:fb:20:ee:28:69:03:53:08:00 SRC=192.168.86.20 DST=224.0.0.251 LEN=32 TOS=0x00 PREC=0x00 TTL=1 ID=28920 PROTO=2 
Nov  1 00:30:23 roy-VirtualBox gnome-shell[1253]: Object .Gjs_AppIndicatorIconActor__1 (0x5615a1eff970), has been already finalized. Impossible to set any property to it.
Nov  1 00:30:23 roy-VirtualBox org.gnome.Shell.desktop[1253]: == Stack trace for context 0x56159ed24320 ==
Nov  1 00:30:23 roy-VirtualBox org.gnome.Shell.desktop[1253]: #0 0x7ffd22e7d240 b   resource:///org/gnome/gjs/modules/_legacy.js:83 (0x7fbb66db5de0 @ 87)
Nov  1 00:30:23 roy-VirtualBox org.gnome.Shell.desktop[1253]: #1 0x56159f1336e0 i   /usr/share/gnome-shell/extensions/ubuntu-appindicators@ubuntu.com/indicatorStatusIcon.js:93 (0x7fbb567bf098 @ 58)
Nov  1 00:30:23 roy-VirtualBox org.gnome.Shell.desktop[1253]: #2 0x7ffd22e7e5a0 b   resource:///org/gnome/gjs/modules/_legacy.js:82 (0x7fbb66db5de0 @ 71)
Nov  1 00:30:23 roy-VirtualBox org.gnome.Shell.desktop[1253]: #3 0x7ffd22e7e660 b   self-hosted:916 (0x7fbb66df12b8 @ 367)
Nov  1 00:30:23 roy-VirtualBox org.gnome.Shell.desktop[1253]: #4 0x7ffd22e7e750 b   resource:///org/gnome/gjs/modules/signals.js:128 (0x7fbb66dd2230 @ 386)
Nov  1 00:30:23 roy-VirtualBox org.gnome.Shell.desktop[1253]: #5 0x56159f133658 i   /usr/share/gnome-shell/extensions/ubuntu-appindicators@ubuntu.com/appIndicator.js:190 (0x7fbb567a9cd0 @ 22)
Nov  1 00:30:23 roy-VirtualBox org.gnome.Shell.desktop[1253]: #6 0x7ffd22e7fab0 b   resource:///org/gnome/gjs/modules/_legacy.js:82 (0x7fbb66db5de0 @ 71)
Nov  1 00:30:23 roy-VirtualBox org.gnome.Shell.desktop[1253]: #7 0x56159f1335b0 i   /usr/share/gnome-shell/extensions/ubuntu-appindicators@ubuntu.com/statusNotifierWatcher.js:219 (0x7fbb567a9340 @ 225)
Nov  1 00:30:23 roy-VirtualBox org.gnome.Shell.desktop[1253]: #8 0x7ffd22e80e10 b   resource:///org/gnome/gjs/modules/_legacy.js:82 (0x7fbb66db5de0 @ 71)
Nov  1 00:30:23 roy-VirtualBox org.gnome.Shell.desktop[1253]: #9 0x56159f133538 i   /usr/share/gnome-shell/extensions/ubuntu-appindicators@ubuntu.com/extension.js:61 (0x7fbb5679b4d8 @ 37)
Nov  1 00:30:23 roy-VirtualBox org.gnome.Shell.desktop[1253]: #10 0x56159f133478 i   resource:///org/gnome/shell/ui/extensionSystem.js:82 (0x7fbb7805a120 @ 431)
Nov  1 00:30:23 roy-VirtualBox org.gnome.Shell.desktop[1253]: #11 0x56159f1333f8 i   resource:///org/gnome/shell/ui/extensionSystem.js:344 (0x7fbb7805abc0 @ 13)
Nov  1 00:30:23 roy-VirtualBox org.gnome.Shell.desktop[1253]: #12 0x7ffd22e81b80 b   self-hosted:251 (0x7fbb66dc4ab0 @ 223)
Nov  1 00:30:23 roy-VirtualBox org.gnome.Shell.desktop[1253]: #13 0x56159f133378 i   resource:///org/gnome/shell/ui/extensionSystem.js:343 (0x7fbb7805ab38 @ 64)
Nov  1 00:30:23 roy-VirtualBox org.gnome.Shell.desktop[1253]: #14 0x56159f1332f8 i   resource:///org/gnome/shell/ui/extensionSystem.js:361 (0x7fbb7805ac48 @ 87)
Nov  1 00:30:23 roy-VirtualBox org.gnome.Shell.desktop[1253]: #15 0x7ffd22e83080 b   resource:///org/gnome/gjs/modules/signals.js:128 (0x7fbb66dd2230 @ 386)
Nov  1 00:30:23 roy-VirtualBox org.gnome.Shell.desktop[1253]: #16 0x7ffd22e83890 b   resource:///org/gnome/shell/ui/sessionMode.js:205 (0x7fbb66a6d670 @ 254)
Nov  1 00:30:23 roy-VirtualBox org.gnome.Shell.desktop[1253]: #17 0x7ffd22e84c80 b   resource:///org/gnome/gjs/modules/_legacy.js:82 (0x7fbb66db5de0 @ 71)
Nov  1 00:30:23 roy-VirtualBox org.gnome.Shell.desktop[1253]: #18 0x56159f1331b8 i   resource:///org/gnome/shell/ui/sessionMode.js:167 (0x7fbb66a6d450 @ 40)
Nov  1 00:30:23 roy-VirtualBox org.gnome.Shell.desktop[1253]: #19 0x7ffd22e85fe0 b   resource:///org/gnome/gjs/modules/_legacy.js:82 (0x7fbb66db5de0 @ 71)
Nov  1 00:30:23 roy-VirtualBox org.gnome.Shell.desktop[1253]: #20 0x56159f133110 i   resource:///org/gnome/shell/ui/screenShield.js:1282 (0x7fbb66a4fbc0 @ 188)
Nov  1 00:30:23 roy-VirtualBox org.gnome.Shell.desktop[1253]: #21 0x7ffd22e87340 b   resource:///org/gnome/gjs/modules/_legacy.js:82 (0x7fbb66db5de0 @ 71)
Nov  1 00:30:23 roy-VirtualBox org.gnome.Shell.desktop[1253]: #22 0x56159f133088 i   resource:///org/gnome/shell/ui/screenShield.js:902 (0x7fbb66a4ecd0 @ 18)
Nov  1 00:30:23 roy-VirtualBox org.gnome.Shell.desktop[1253]: #23 0x7ffd22e886a0 b   resource:///org/gnome/gjs/modules/_legacy.js:82 (0x7fbb66db5de0 @ 71)
Nov  1 00:30:23 roy-VirtualBox org.gnome.Shell.desktop[1253]: #24 0x7ffd22e88eb0 b   self-hosted:916 (0x7fbb66df12b8 @ 367)
Nov  1 00:30:23 roy-VirtualBox org.gnome.Shell.desktop[1253]: #25 0x7ffd22e89d00 b   resource:///org/gnome/gjs/modules/signals.js:128 (0x7fbb66dd2230 @ 386)
Nov  1 00:30:23 roy-VirtualBox org.gnome.Shell.desktop[1253]: #26 0x56159f133008 i   resource:///org/gnome/shell/ui/lightbox.js:186 (0x7fbb78038890 @ 29)
Nov  1 00:30:23 roy-VirtualBox org.gnome.Shell.desktop[1253]: #27 0x56159f132f68 i   resource:///org/gnome/gjs/modules/tweener/tweener.js:208 (0x7fbb66dd2b38 @ 54)
Nov  1 00:30:23 roy-VirtualBox org.gnome.Shell.desktop[1253]: #28 0x56159f132e48 i   resource:///org/gnome/gjs/modules/tweener/tweener.js:337 (0x7fbb66dd2bc0 @ 1626)
Nov  1 00:30:23 roy-VirtualBox org.gnome.Shell.desktop[1253]: #29 0x56159f132db8 i   resource:///org/gnome/gjs/modules/tweener/tweener.js:350 (0x7fbb66dd2c48 @ 100)
Nov  1 00:30:23 roy-VirtualBox org.gnome.Shell.desktop[1253]: #30 0x56159f132d40 i   resource:///org/gnome/gjs/modules/tweener/tweener.js:365 (0x7fbb66dd2cd0 @ 10)
Nov  1 00:30:23 roy-VirtualBox org.gnome.Shell.desktop[1253]: #31 0x7ffd22e8be90 b   resource:///org/gnome/gjs/modules/signals.js:128 (0x7fbb66dd2230 @ 386)
Nov  1 00:30:23 roy-VirtualBox org.gnome.Shell.desktop[1253]: #32 0x56159f132cb0 i   resource:///org/gnome/shell/ui/tweener.js:245 (0x7fbb66dcf808 @ 159)
Nov  1 00:30:23 roy-VirtualBox org.gnome.Shell.desktop[1253]: #33 0x7ffd22e8d1f0 b   resource:///org/gnome/gjs/modules/_legacy.js:82 (0x7fbb66db5de0 @ 71)
Nov  1 00:30:23 roy-VirtualBox org.gnome.Shell.desktop[1253]: #34 0x56159f132c30 i   resource:///org/gnome/shell/ui/tweener.js:220 (0x7fbb66dcf780 @ 15)
Nov  1 00:30:23 roy-VirtualBox gnome-software[1464]: no app for changed ubuntu-appindicators@ubuntu.com
Nov  1 00:30:24 roy-VirtualBox gnome-software[1464]: no app for changed ubuntu-dock@ubuntu.com
Nov  1 00:30:26 roy-VirtualBox kernel: [ 5893.751944] [UFW BLOCK] IN=enp0s3 OUT= MAC=01:00:5e:00:00:fb:20:ee:28:69:03:53:08:00 SRC=192.168.86.20 DST=224.0.0.251 LEN=32 TOS=0x00 PREC=0x00 TTL=1 ID=9823 PROTO=2 
Nov  1 00:34:32 roy-VirtualBox gnome-software[1464]: no app for changed ubuntu-dock@ubuntu.com
Nov  1 00:34:32 roy-VirtualBox gnome-software[1464]: no app for changed ubuntu-appindicators@ubuntu.com
Nov  1 00:34:32 roy-VirtualBox gnome-shell[1253]: [AppIndicatorSupport-DEBUG] Registering StatusNotifierItem :1.61/org/ayatana/NotificationItem/software_update_available
Nov  1 00:34:33 roy-VirtualBox gvfsd-metadata[1557]: g_udev_device_has_property: assertion 'G_UDEV_IS_DEVICE (device)' failed
Nov  1 00:34:33 roy-VirtualBox gvfsd-metadata[1557]: g_udev_device_has_property: assertion 'G_UDEV_IS_DEVICE (device)' failed
Nov  1 00:34:59 roy-VirtualBox systemd-resolved[291]: Server returned error NXDOMAIN, mitigating potential DNS violation DVE-2018-0001, retrying transaction with reduced feature level UDP.
Nov  1 00:34:59 roy-VirtualBox systemd-resolved[291]: message repeated 2 times: [ Server returned error NXDOMAIN, mitigating potential DNS violation DVE-2018-0001, retrying transaction with reduced feature level UDP.]
Nov  1 00:35:28 roy-VirtualBox kernel: [ 6195.421727] [UFW BLOCK] IN=enp0s3 OUT= MAC=01:00:5e:00:00:fb:20:ee:28:69:03:53:08:00 SRC=192.168.86.20 DST=224.0.0.251 LEN=32 TOS=0x00 PREC=0x00 TTL=1 ID=17476 PROTO=2 
Nov  1 00:39:01 roy-VirtualBox CRON[18770]: (root) CMD (  [ -x /usr/lib/php/sessionclean ] && if [ ! -d /run/systemd/system ]; then /usr/lib/php/sessionclean; fi)
Nov  1 00:39:15 roy-VirtualBox systemd[1]: Starting Clean php session files...
Nov  1 00:39:15 roy-VirtualBox nrpe[684]: Caught SIGTERM - shutting down...
Nov  1 00:39:15 roy-VirtualBox nrpe[684]: Daemon shutdown
Nov  1 00:39:15 roy-VirtualBox systemd[1]: Stopping Nagios Remote Plugin Executor...
Nov  1 00:39:15 roy-VirtualBox systemd[1]: Stopped Nagios Remote Plugin Executor.
Nov  1 00:39:15 roy-VirtualBox systemd[1]: Started Nagios Remote Plugin Executor.
Nov  1 00:39:15 roy-VirtualBox nrpe[18797]: Starting up daemon
Nov  1 00:39:15 roy-VirtualBox nrpe[18797]: Server listening on 0.0.0.0 port 5666.
Nov  1 00:39:15 roy-VirtualBox nrpe[18797]: Server listening on :: port 5666.
Nov  1 00:39:15 roy-VirtualBox nrpe[18797]: Listening for connections on port 5666
Nov  1 00:39:15 roy-VirtualBox nrpe[18797]: Allowing connections from: 127.0.0.1, 10.0.2.15
Nov  1 00:39:15 roy-VirtualBox systemd[1]: Started Clean php session files.
Nov  1 00:39:44 roy-VirtualBox kernel: [ 6451.215224] [UFW BLOCK] IN=enp0s3 OUT= MAC=01:00:5e:00:00:fb:20:ee:28:69:03:53:08:00 SRC=192.168.86.20 DST=224.0.0.251 LEN=32 TOS=0x00 PREC=0x00 TTL=1 ID=46671 PROTO=2 
Nov  1 00:44:08 roy-VirtualBox org.gnome.Shell.desktop[1253]: (/usr/lib/firefox/firefox:8306): dconf-WARNING **: 00:44:08.832: Unable to open /var/lib/snapd/desktop/dconf/profile/user: Permission denied
Nov  1 00:44:45 roy-VirtualBox kernel: [ 6752.064024] [UFW BLOCK] IN=enp0s3 OUT= MAC=01:00:5e:00:00:fb:20:ee:28:69:03:53:08:00 SRC=192.168.86.20 DST=224.0.0.251 LEN=32 TOS=0x00 PREC=0x00 TTL=1 ID=63109 PROTO=2 
Nov  1 00:48:00 roy-VirtualBox kernel: [ 6947.647653] [UFW BLOCK] IN=enp0s3 OUT= MAC=01:00:5e:00:00:fb:20:ee:28:69:03:53:08:00 SRC=192.168.86.20 DST=224.0.0.251 LEN=32 TOS=0x00 PREC=0x00 TTL=1 ID=11395 PROTO=2 
Nov  1 00:50:53 roy-VirtualBox gnome-shell[1253]: Object .Gjs_AppIndicatorIconActor__1 (0x5615a1cda840), has been already finalized. Impossible to set any property to it.
Nov  1 00:50:53 roy-VirtualBox gnome-software[1464]: no app for changed ubuntu-appindicators@ubuntu.com
Nov  1 00:50:53 roy-VirtualBox org.gnome.Shell.desktop[1253]: == Stack trace for context 0x56159ed24320 ==
Nov  1 00:50:53 roy-VirtualBox org.gnome.Shell.desktop[1253]: #0 0x7ffd22e7dfa0 b   resource:///org/gnome/gjs/modules/_legacy.js:83 (0x7fbb66db5de0 @ 87)
Nov  1 00:50:53 roy-VirtualBox org.gnome.Shell.desktop[1253]: #1 0x56159f1336e0 i   /usr/share/gnome-shell/extensions/ubuntu-appindicators@ubuntu.com/indicatorStatusIcon.js:93 (0x7fbb567bf098 @ 58)
Nov  1 00:50:53 roy-VirtualBox org.gnome.Shell.desktop[1253]: #2 0x7ffd22e7f300 b   resource:///org/gnome/gjs/modules/_legacy.js:82 (0x7fbb66db5de0 @ 71)
Nov  1 00:50:53 roy-VirtualBox org.gnome.Shell.desktop[1253]: #3 0x7ffd22e7f3c0 b   self-hosted:916 (0x7fbb66df12b8 @ 367)
Nov  1 00:50:53 roy-VirtualBox org.gnome.Shell.desktop[1253]: #4 0x7ffd22e7f4b0 b   resource:///org/gnome/gjs/modules/signals.js:128 (0x7fbb66dd2230 @ 386)
Nov  1 00:50:53 roy-VirtualBox org.gnome.Shell.desktop[1253]: #5 0x56159f133658 i   /usr/share/gnome-shell/extensions/ubuntu-appindicators@ubuntu.com/appIndicator.js:190 (0x7fbb567a9cd0 @ 22)
Nov  1 00:50:53 roy-VirtualBox org.gnome.Shell.desktop[1253]: #6 0x7ffd22e80810 b   resource:///org/gnome/gjs/modules/_legacy.js:82 (0x7fbb66db5de0 @ 71)
Nov  1 00:50:53 roy-VirtualBox org.gnome.Shell.desktop[1253]: #7 0x56159f1335b0 i   /usr/share/gnome-shell/extensions/ubuntu-appindicators@ubuntu.com/statusNotifierWatcher.js:219 (0x7fbb567a9340 @ 225)
Nov  1 00:50:53 roy-VirtualBox org.gnome.Shell.desktop[1253]: #8 0x7ffd22e81b70 b   resource:///org/gnome/gjs/modules/_legacy.js:82 (0x7fbb66db5de0 @ 71)
Nov  1 00:50:53 roy-VirtualBox org.gnome.Shell.desktop[1253]: #9 0x56159f133538 i   /usr/share/gnome-shell/extensions/ubuntu-appindicators@ubuntu.com/extension.js:61 (0x7fbb5679b4d8 @ 37)
Nov  1 00:50:53 roy-VirtualBox org.gnome.Shell.desktop[1253]: #10 0x56159f133478 i   resource:///org/gnome/shell/ui/extensionSystem.js:82 (0x7fbb7805a120 @ 431)
Nov  1 00:50:53 roy-VirtualBox org.gnome.Shell.desktop[1253]: #11 0x56159f1333f8 i   resource:///org/gnome/shell/ui/extensionSystem.js:344 (0x7fbb7805abc0 @ 13)
Nov  1 00:50:53 roy-VirtualBox org.gnome.Shell.desktop[1253]: #12 0x7ffd22e828e0 b   self-hosted:251 (0x7fbb66dc4ab0 @ 223)
Nov  1 00:50:53 roy-VirtualBox org.gnome.Shell.desktop[1253]: #13 0x56159f133378 i   resource:///org/gnome/shell/ui/extensionSystem.js:343 (0x7fbb7805ab38 @ 64)
Nov  1 00:50:53 roy-VirtualBox org.gnome.Shell.desktop[1253]: #14 0x56159f1332f8 i   resource:///org/gnome/shell/ui/extensionSystem.js:361 (0x7fbb7805ac48 @ 87)
Nov  1 00:50:53 roy-VirtualBox org.gnome.Shell.desktop[1253]: #15 0x7ffd22e83de0 b   resource:///org/gnome/gjs/modules/signals.js:128 (0x7fbb66dd2230 @ 386)
Nov  1 00:50:53 roy-VirtualBox org.gnome.Shell.desktop[1253]: #16 0x7ffd22e845f0 b   resource:///org/gnome/shell/ui/sessionMode.js:205 (0x7fbb66a6d670 @ 254)
Nov  1 00:50:53 roy-VirtualBox org.gnome.Shell.desktop[1253]: #17 0x7ffd22e859e0 b   resource:///org/gnome/gjs/modules/_legacy.js:82 (0x7fbb66db5de0 @ 71)
Nov  1 00:50:53 roy-VirtualBox org.gnome.Shell.desktop[1253]: #18 0x56159f1331b8 i   resource:///org/gnome/shell/ui/sessionMode.js:167 (0x7fbb66a6d450 @ 40)
Nov  1 00:50:53 roy-VirtualBox org.gnome.Shell.desktop[1253]: #19 0x7ffd22e86d40 b   resource:///org/gnome/gjs/modules/_legacy.js:82 (0x7fbb66db5de0 @ 71)
Nov  1 00:50:53 roy-VirtualBox org.gnome.Shell.desktop[1253]: #20 0x56159f133110 i   resource:///org/gnome/shell/ui/screenShield.js:1282 (0x7fbb66a4fbc0 @ 188)
Nov  1 00:50:53 roy-VirtualBox org.gnome.Shell.desktop[1253]: #21 0x7ffd22e880a0 b   resource:///org/gnome/gjs/modules/_legacy.js:82 (0x7fbb66db5de0 @ 71)
Nov  1 00:50:53 roy-VirtualBox org.gnome.Shell.desktop[1253]: #22 0x56159f133088 i   resource:///org/gnome/shell/ui/screenShield.js:902 (0x7fbb66a4ecd0 @ 18)
Nov  1 00:50:53 roy-VirtualBox org.gnome.Shell.desktop[1253]: #23 0x7ffd22e89400 b   resource:///org/gnome/gjs/modules/_legacy.js:82 (0x7fbb66db5de0 @ 71)
Nov  1 00:50:53 roy-VirtualBox org.gnome.Shell.desktop[1253]: #24 0x7ffd22e89c10 b   self-hosted:916 (0x7fbb66df12b8 @ 367)
Nov  1 00:50:53 roy-VirtualBox org.gnome.Shell.desktop[1253]: #25 0x7ffd22e89d00 b   resource:///org/gnome/gjs/modules/signals.js:128 (0x7fbb66dd2230 @ 386)
Nov  1 00:50:53 roy-VirtualBox org.gnome.Shell.desktop[1253]: #26 0x56159f133008 i   resource:///org/gnome/shell/ui/lightbox.js:186 (0x7fbb78038890 @ 29)
Nov  1 00:50:53 roy-VirtualBox org.gnome.Shell.desktop[1253]: #27 0x56159f132f68 i   resource:///org/gnome/gjs/modules/tweener/tweener.js:208 (0x7fbb66dd2b38 @ 54)
Nov  1 00:50:53 roy-VirtualBox org.gnome.Shell.desktop[1253]: #28 0x56159f132e48 i   resource:///org/gnome/gjs/modules/tweener/tweener.js:337 (0x7fbb66dd2bc0 @ 1626)
Nov  1 00:50:53 roy-VirtualBox org.gnome.Shell.desktop[1253]: #29 0x56159f132db8 i   resource:///org/gnome/gjs/modules/tweener/tweener.js:350 (0x7fbb66dd2c48 @ 100)
Nov  1 00:50:53 roy-VirtualBox org.gnome.Shell.desktop[1253]: #30 0x56159f132d40 i   resource:///org/gnome/gjs/modules/tweener/tweener.js:365 (0x7fbb66dd2cd0 @ 10)
Nov  1 00:50:53 roy-VirtualBox org.gnome.Shell.desktop[1253]: #31 0x7ffd22e8be90 b   resource:///org/gnome/gjs/modules/signals.js:128 (0x7fbb66dd2230 @ 386)
Nov  1 00:50:53 roy-VirtualBox org.gnome.Shell.desktop[1253]: #32 0x56159f132cb0 i   resource:///org/gnome/shell/ui/tweener.js:245 (0x7fbb66dcf808 @ 159)
Nov  1 00:50:53 roy-VirtualBox org.gnome.Shell.desktop[1253]: #33 0x7ffd22e8d1f0 b   resource:///org/gnome/gjs/modules/_legacy.js:82 (0x7fbb66db5de0 @ 71)
Nov  1 00:50:53 roy-VirtualBox org.gnome.Shell.desktop[1253]: #34 0x56159f132c30 i   resource:///org/gnome/shell/ui/tweener.js:220 (0x7fbb66dcf780 @ 15)
Nov  1 00:50:53 roy-VirtualBox gnome-software[1464]: no app for changed ubuntu-dock@ubuntu.com
Nov  1 00:50:55 roy-VirtualBox gnome-software[1464]: no app for changed ubuntu-dock@ubuntu.com
Nov  1 00:50:55 roy-VirtualBox gnome-software[1464]: no app for changed ubuntu-appindicators@ubuntu.com
Nov  1 00:50:55 roy-VirtualBox gvfsd-metadata[1557]: g_udev_device_has_property: assertion 'G_UDEV_IS_DEVICE (device)' failed
Nov  1 00:50:55 roy-VirtualBox gvfsd-metadata[1557]: g_udev_device_has_property: assertion 'G_UDEV_IS_DEVICE (device)' failed
Nov  1 00:50:56 roy-VirtualBox gnome-shell[1253]: [AppIndicatorSupport-DEBUG] Registering StatusNotifierItem :1.61/org/ayatana/NotificationItem/software_update_available
Nov  1 00:53:01 roy-VirtualBox kernel: [ 7248.497236] [UFW BLOCK] IN=enp0s3 OUT= MAC=01:00:5e:00:00:fb:20:ee:28:69:03:53:08:00 SRC=192.168.86.20 DST=224.0.0.251 LEN=32 TOS=0x00 PREC=0x00 TTL=1 ID=20469 PROTO=2 
Nov  1 00:56:44 roy-VirtualBox gnome-shell[1253]: Object .Gjs_AppIndicatorIconActor__1 (0x5615a811bda0), has been already finalized. Impossible to set any property to it.
Nov  1 00:56:44 roy-VirtualBox gnome-software[1464]: no app for changed ubuntu-appindicators@ubuntu.com
Nov  1 00:56:44 roy-VirtualBox org.gnome.Shell.desktop[1253]: == Stack trace for context 0x56159ed24320 ==
Nov  1 00:56:44 roy-VirtualBox org.gnome.Shell.desktop[1253]: #0 0x7ffd22e7e8c0 I   resource:///org/gnome/gjs/modules/_legacy.js:83 (0x7fbb66db5de0 @ 87)
Nov  1 00:56:44 roy-VirtualBox org.gnome.Shell.desktop[1253]: #1 0x56159f1336e0 i   /usr/share/gnome-shell/extensions/ubuntu-appindicators@ubuntu.com/indicatorStatusIcon.js:93 (0x7fbb567bf098 @ 58)
Nov  1 00:56:44 roy-VirtualBox org.gnome.Shell.desktop[1253]: #2 0x7ffd22e7f4a0 I   resource:///org/gnome/gjs/modules/_legacy.js:82 (0x7fbb66db5de0 @ 71)
Nov  1 00:56:44 roy-VirtualBox org.gnome.Shell.desktop[1253]: #3 0x7ffd22e7f560 b   self-hosted:916 (0x7fbb66df12b8 @ 367)
Nov  1 00:56:44 roy-VirtualBox org.gnome.Shell.desktop[1253]: #4 0x7ffd22e7f650 b   resource:///org/gnome/gjs/modules/signals.js:128 (0x7fbb66dd2230 @ 386)
Nov  1 00:56:44 roy-VirtualBox org.gnome.Shell.desktop[1253]: #5 0x56159f133658 i   /usr/share/gnome-shell/extensions/ubuntu-appindicators@ubuntu.com/appIndicator.js:190 (0x7fbb567a9cd0 @ 22)
Nov  1 00:56:44 roy-VirtualBox org.gnome.Shell.desktop[1253]: #6 0x7ffd22e802a0 I   resource:///org/gnome/gjs/modules/_legacy.js:82 (0x7fbb66db5de0 @ 71)
Nov  1 00:56:44 roy-VirtualBox org.gnome.Shell.desktop[1253]: #7 0x56159f1335b0 i   /usr/share/gnome-shell/extensions/ubuntu-appindicators@ubuntu.com/statusNotifierWatcher.js:219 (0x7fbb567a9340 @ 225)
Nov  1 00:56:44 roy-VirtualBox org.gnome.Shell.desktop[1253]: #8 0x7ffd22e80e80 I   resource:///org/gnome/gjs/modules/_legacy.js:82 (0x7fbb66db5de0 @ 71)
Nov  1 00:56:44 roy-VirtualBox org.gnome.Shell.desktop[1253]: #9 0x56159f133538 i   /usr/share/gnome-shell/extensions/ubuntu-appindicators@ubuntu.com/extension.js:61 (0x7fbb5679b4d8 @ 37)
Nov  1 00:56:44 roy-VirtualBox org.gnome.Shell.desktop[1253]: #10 0x56159f133478 i   resource:///org/gnome/shell/ui/extensionSystem.js:82 (0x7fbb7805a120 @ 431)
Nov  1 00:56:44 roy-VirtualBox org.gnome.Shell.desktop[1253]: #11 0x56159f1333f8 i   resource:///org/gnome/shell/ui/extensionSystem.js:344 (0x7fbb7805abc0 @ 13)
Nov  1 00:56:44 roy-VirtualBox org.gnome.Shell.desktop[1253]: #12 0x7ffd22e81b80 b   self-hosted:251 (0x7fbb66dc4ab0 @ 223)
Nov  1 00:56:44 roy-VirtualBox org.gnome.Shell.desktop[1253]: #13 0x56159f133378 i   resource:///org/gnome/shell/ui/extensionSystem.js:343 (0x7fbb7805ab38 @ 64)
Nov  1 00:56:44 roy-VirtualBox org.gnome.Shell.desktop[1253]: #14 0x56159f1332f8 i   resource:///org/gnome/shell/ui/extensionSystem.js:361 (0x7fbb7805ac48 @ 87)
Nov  1 00:56:44 roy-VirtualBox org.gnome.Shell.desktop[1253]: #15 0x7ffd22e83080 b   resource:///org/gnome/gjs/modules/signals.js:128 (0x7fbb66dd2230 @ 386)
Nov  1 00:56:44 roy-VirtualBox org.gnome.Shell.desktop[1253]: #16 0x7ffd22e83890 b   resource:///org/gnome/shell/ui/sessionMode.js:205 (0x7fbb66a6d670 @ 254)
Nov  1 00:56:44 roy-VirtualBox org.gnome.Shell.desktop[1253]: #17 0x7ffd22e84c80 b   resource:///org/gnome/gjs/modules/_legacy.js:82 (0x7fbb66db5de0 @ 71)
Nov  1 00:56:44 roy-VirtualBox org.gnome.Shell.desktop[1253]: #18 0x56159f1331b8 i   resource:///org/gnome/shell/ui/sessionMode.js:167 (0x7fbb66a6d450 @ 40)
Nov  1 00:56:44 roy-VirtualBox org.gnome.Shell.desktop[1253]: #19 0x7ffd22e85fe0 b   resource:///org/gnome/gjs/modules/_legacy.js:82 (0x7fbb66db5de0 @ 71)
Nov  1 00:56:44 roy-VirtualBox org.gnome.Shell.desktop[1253]: #20 0x56159f133110 i   resource:///org/gnome/shell/ui/screenShield.js:1282 (0x7fbb66a4fbc0 @ 188)
Nov  1 00:56:44 roy-VirtualBox org.gnome.Shell.desktop[1253]: #21 0x7ffd22e87340 b   resource:///org/gnome/gjs/modules/_legacy.js:82 (0x7fbb66db5de0 @ 71)
Nov  1 00:56:44 roy-VirtualBox org.gnome.Shell.desktop[1253]: #22 0x56159f133088 i   resource:///org/gnome/shell/ui/screenShield.js:902 (0x7fbb66a4ecd0 @ 18)
Nov  1 00:56:44 roy-VirtualBox org.gnome.Shell.desktop[1253]: #23 0x7ffd22e886a0 b   resource:///org/gnome/gjs/modules/_legacy.js:82 (0x7fbb66db5de0 @ 71)
Nov  1 00:56:44 roy-VirtualBox org.gnome.Shell.desktop[1253]: #24 0x7ffd22e88eb0 b   self-hosted:916 (0x7fbb66df12b8 @ 367)
Nov  1 00:56:44 roy-VirtualBox org.gnome.Shell.desktop[1253]: #25 0x7ffd22e89d00 b   resource:///org/gnome/gjs/modules/signals.js:128 (0x7fbb66dd2230 @ 386)
Nov  1 00:56:44 roy-VirtualBox org.gnome.Shell.desktop[1253]: #26 0x56159f133008 i   resource:///org/gnome/shell/ui/lightbox.js:186 (0x7fbb78038890 @ 29)
Nov  1 00:56:44 roy-VirtualBox org.gnome.Shell.desktop[1253]: #27 0x56159f132f68 i   resource:///org/gnome/gjs/modules/tweener/tweener.js:208 (0x7fbb66dd2b38 @ 54)
Nov  1 00:56:44 roy-VirtualBox org.gnome.Shell.desktop[1253]: #28 0x56159f132e48 i   resource:///org/gnome/gjs/modules/tweener/tweener.js:337 (0x7fbb66dd2bc0 @ 1626)
Nov  1 00:56:44 roy-VirtualBox org.gnome.Shell.desktop[1253]: #29 0x56159f132db8 i   resource:///org/gnome/gjs/modules/tweener/tweener.js:350 (0x7fbb66dd2c48 @ 100)
Nov  1 00:56:44 roy-VirtualBox org.gnome.Shell.desktop[1253]: #30 0x56159f132d40 i   resource:///org/gnome/gjs/modules/tweener/tweener.js:365 (0x7fbb66dd2cd0 @ 10)
Nov  1 00:56:44 roy-VirtualBox org.gnome.Shell.desktop[1253]: #31 0x7ffd22e8be90 b   resource:///org/gnome/gjs/modules/signals.js:128 (0x7fbb66dd2230 @ 386)
Nov  1 00:56:44 roy-VirtualBox org.gnome.Shell.desktop[1253]: #32 0x56159f132cb0 i   resource:///org/gnome/shell/ui/tweener.js:245 (0x7fbb66dcf808 @ 159)
Nov  1 00:56:44 roy-VirtualBox org.gnome.Shell.desktop[1253]: #33 0x7ffd22e8d1f0 b   resource:///org/gnome/gjs/modules/_legacy.js:82 (0x7fbb66db5de0 @ 71)
Nov  1 00:56:44 roy-VirtualBox org.gnome.Shell.desktop[1253]: #34 0x56159f132c30 i   resource:///org/gnome/shell/ui/tweener.js:220 (0x7fbb66dcf780 @ 15)
Nov  1 00:56:44 roy-VirtualBox gnome-software[1464]: no app for changed ubuntu-dock@ubuntu.com
Nov  1 00:58:02 roy-VirtualBox kernel: [ 7548.731657] [UFW BLOCK] IN=enp0s3 OUT= MAC=01:00:5e:00:00:fb:20:ee:28:69:03:53:08:00 SRC=192.168.86.20 DST=224.0.0.251 LEN=32 TOS=0x00 PREC=0x00 TTL=1 ID=7957 PROTO=2 
Nov  1 01:02:18 roy-VirtualBox systemd[1]: Started Run anacron jobs.
Nov  1 01:02:18 roy-VirtualBox anacron[19085]: Anacron 2.3 started on 2018-11-01
Nov  1 01:02:18 roy-VirtualBox anacron[19085]: Normal exit (0 jobs run)
Nov  1 01:04:14 roy-VirtualBox kernel: [ 7921.260858] [UFW BLOCK] IN=enp0s3 OUT= MAC=01:00:5e:00:00:fb:20:ee:28:69:03:53:08:00 SRC=192.168.86.20 DST=224.0.0.251 LEN=32 TOS=0x00 PREC=0x00 TTL=1 ID=16237 PROTO=2 
Nov  1 01:09:01 roy-VirtualBox CRON[19102]: (root) CMD (  [ -x /usr/lib/php/sessionclean ] && if [ ! -d /run/systemd/system ]; then /usr/lib/php/sessionclean; fi)
Nov  1 01:09:15 roy-VirtualBox kernel: [ 8221.906506] [UFW BLOCK] IN=enp0s3 OUT= MAC=01:00:5e:00:00:fb:20:ee:28:69:03:53:08:00 SRC=192.168.86.20 DST=224.0.0.251 LEN=32 TOS=0x00 PREC=0x00 TTL=1 ID=23821 PROTO=2 
Nov  1 01:09:45 roy-VirtualBox systemd[1]: Starting Clean php session files...
Nov  1 01:09:45 roy-VirtualBox systemd[1]: Started Clean php session files.
Nov  1 01:13:38 roy-VirtualBox gnome-software[1464]: no app for changed ubuntu-dock@ubuntu.com
Nov  1 01:13:38 roy-VirtualBox gnome-software[1464]: no app for changed ubuntu-appindicators@ubuntu.com
Nov  1 01:13:38 roy-VirtualBox gnome-shell[1253]: [AppIndicatorSupport-DEBUG] Registering StatusNotifierItem :1.61/org/ayatana/NotificationItem/software_update_available
Nov  1 01:13:39 roy-VirtualBox gvfsd-metadata[1557]: g_udev_device_has_property: assertion 'G_UDEV_IS_DEVICE (device)' failed
Nov  1 01:13:39 roy-VirtualBox gvfsd-metadata[1557]: g_udev_device_has_property: assertion 'G_UDEV_IS_DEVICE (device)' failed
Nov  1 01:14:03 roy-VirtualBox systemd[1]: Stopping User Manager for UID 0...
Nov  1 01:14:03 roy-VirtualBox systemd[8357]: Stopped target Default.
Nov  1 01:14:03 roy-VirtualBox systemd[8357]: Stopped target Basic System.
Nov  1 01:14:03 roy-VirtualBox systemd[8357]: Stopped target Sockets.
Nov  1 01:14:03 roy-VirtualBox systemd[8357]: Closed GnuPG cryptographic agent and passphrase cache (restricted).
Nov  1 01:14:03 roy-VirtualBox systemd[8357]: Closed GnuPG network certificate management daemon.
Nov  1 01:14:03 roy-VirtualBox systemd[8357]: Closed GnuPG cryptographic agent (ssh-agent emulation).
Nov  1 01:14:03 roy-VirtualBox systemd[8357]: Closed GnuPG cryptographic agent and passphrase cache.
Nov  1 01:14:03 roy-VirtualBox systemd[8357]: Stopped target Paths.
Nov  1 01:14:03 roy-VirtualBox systemd[8357]: Stopped Pending report trigger for Ubuntu Report.
Nov  1 01:14:03 roy-VirtualBox systemd[8357]: Closed D-Bus User Message Bus Socket.
Nov  1 01:14:03 roy-VirtualBox systemd[8357]: Stopped target Timers.
Nov  1 01:14:03 roy-VirtualBox systemd[8357]: Closed GnuPG cryptographic agent and passphrase cache (access for web browsers).
Nov  1 01:14:03 roy-VirtualBox systemd[8357]: Reached target Shutdown.
Nov  1 01:14:03 roy-VirtualBox systemd[8357]: Starting Exit the Session...
Nov  1 01:14:03 roy-VirtualBox systemd[8357]: Received SIGRTMIN+24 from PID 19206 (kill).
Nov  1 01:14:03 roy-VirtualBox systemd[1]: Stopped User Manager for UID 0.
Nov  1 01:14:03 roy-VirtualBox systemd[1]: Removed slice User Slice of root.
Nov  1 01:14:16 roy-VirtualBox kernel: [ 8522.958287] rfkill: input handler enabled
Nov  1 01:14:16 roy-VirtualBox gsd-print-notif[1358]: Source ID 2 was not found when attempting to remove it
Nov  1 01:14:16 roy-VirtualBox systemd[1103]: Stopping D-Bus User Message Bus...
Nov  1 01:14:16 roy-VirtualBox gnome-session[1132]: gnome-session-binary[1132]: WARNING: Lost name on bus: org.gnome.SessionManager
Nov  1 01:14:16 roy-VirtualBox gvfsd[1259]: A connection to the bus can't be made
Nov  1 01:14:16 roy-VirtualBox systemd[1]: Unmounted /run/user/1000/gvfs.
Nov  1 01:14:16 roy-VirtualBox deja-dup-monito[1709]: Owner of volume monitor org.gtk.vfs.UDisks2VolumeMonitor disconnected from the bus; removing drives/volumes/mounts
Nov  1 01:14:16 roy-VirtualBox deja-dup-monito[1709]: Owner of volume monitor org.gtk.vfs.GoaVolumeMonitor disconnected from the bus; removing drives/volumes/mounts
Nov  1 01:14:16 roy-VirtualBox deja-dup-monito[1709]: Owner of volume monitor org.gtk.vfs.MTPVolumeMonitor disconnected from the bus; removing drives/volumes/mounts
Nov  1 01:14:16 roy-VirtualBox gedit[1907]: Owner of volume monitor org.gtk.vfs.UDisks2VolumeMonitor disconnected from the bus; removing drives/volumes/mounts
Nov  1 01:14:16 roy-VirtualBox gedit[1907]: Owner of volume monitor org.gtk.vfs.GoaVolumeMonitor disconnected from the bus; removing drives/volumes/mounts
Nov  1 01:14:16 roy-VirtualBox gedit[1907]: Owner of volume monitor org.gtk.vfs.MTPVolumeMonitor disconnected from the bus; removing drives/volumes/mounts
Nov  1 01:14:16 roy-VirtualBox deja-dup-monito[1709]: Owner of volume monitor org.gtk.vfs.GPhoto2VolumeMonitor disconnected from the bus; removing drives/volumes/mounts
Nov  1 01:14:16 roy-VirtualBox deja-dup-monito[1709]: Owner of volume monitor org.gtk.vfs.AfcVolumeMonitor disconnected from the bus; removing drives/volumes/mounts
Nov  1 01:14:16 roy-VirtualBox gnome-software[1464]: lost session service
Nov  1 01:14:16 roy-VirtualBox evolution-addre[1539]: Error releasing name org.gnome.evolution.dataserver.Subprocess.Backend.AddressBookx1526x2: The connection is closed
Nov  1 01:14:16 roy-VirtualBox systemd[1]: Stopped target RPC Port Mapper.
Nov  1 01:14:16 roy-VirtualBox systemd[1]: Stopping Daemon for power management...
Nov  1 01:14:16 roy-VirtualBox systemd[811]: Stopping Sound Service...
Nov  1 01:14:16 roy-VirtualBox systemd[811]: Stopping Accessibility services bus...
Nov  1 01:14:16 roy-VirtualBox systemd[811]: Stopping D-Bus User Message Bus...
Nov  1 01:14:16 roy-VirtualBox systemd[811]: Stopped target Default.
Nov  1 01:14:16 roy-VirtualBox systemd[1]: Stopping User Manager for UID 121...
Nov  1 01:14:16 roy-VirtualBox systemd[1]: Stopped target Graphical Interface.
Nov  1 01:14:16 roy-VirtualBox systemd[1]: Stopping GNOME Display Manager...
Nov  1 01:14:16 roy-VirtualBox systemd[1]: Stopping PackageKit Daemon...
Nov  1 01:14:16 roy-VirtualBox systemd[1]: Stopping ACPI event daemon...
Nov  1 01:14:16 roy-VirtualBox systemd[1]: Stopping Session c1 of user gdm.
Nov  1 01:14:16 roy-VirtualBox systemd[1103]: Stopping Virtual filesystem service - disk device monitor...
Nov  1 01:14:16 roy-VirtualBox systemd[1103]: Stopping Accessibility services bus...
Nov  1 01:14:16 roy-VirtualBox systemd[1103]: Stopped target Default.
Nov  1 01:14:16 roy-VirtualBox systemd[1]: Stopping User Manager for UID 1000...
Nov  1 01:14:16 roy-VirtualBox systemd[1]: Stopping Authorization Manager...
Nov  1 01:14:16 roy-VirtualBox systemd[1]: Closed Load/Save RF Kill Switch Status /dev/rfkill Watch.
Nov  1 01:14:16 roy-VirtualBox systemd[1]: Stopping Thunderbolt system service...
Nov  1 01:14:16 roy-VirtualBox systemd[1]: Stopped target Multi-User System.
Nov  1 01:14:16 roy-VirtualBox systemd[1]: Stopping Dispatcher daemon for systemd-networkd...
Nov  1 01:14:16 roy-VirtualBox systemd[1]: Stopping Make remote CUPS printers available locally...
Nov  1 01:14:16 roy-VirtualBox systemd[1]: Stopping MySQL Community Server...
Nov  1 01:14:16 roy-VirtualBox systemd[811]: Stopped Accessibility services bus.
Nov  1 01:14:16 roy-VirtualBox systemd[811]: Stopped Sound Service.
Nov  1 01:14:16 roy-VirtualBox systemd[1103]: Stopped D-Bus User Message Bus.
Nov  1 01:14:16 roy-VirtualBox systemd[1]: Stopping Regular background program processing daemon...
Nov  1 01:14:16 roy-VirtualBox systemd[1]: Stopping OpenBSD Secure Shell server...
Nov  1 01:14:16 roy-VirtualBox ModemManager[553]: <info>  Caught signal, shutting down...
Nov  1 01:14:16 roy-VirtualBox systemd[1]: Stopping Modem Manager...
Nov  1 01:14:16 roy-VirtualBox systemd[1]: Stopping crash report submission daemon...
Nov  1 01:14:16 roy-VirtualBox systemd[1]: Stopping LSB: Record successful boot for GRUB...
Nov  1 01:14:16 roy-VirtualBox systemd[1]: Stopped target Login Prompts.
Nov  1 01:14:16 roy-VirtualBox systemd[1]: Stopping Tool to automatically collect and submit kernel crash signatures...
Nov  1 01:14:16 roy-VirtualBox systemd[1]: Stopped Wait until snapd is fully seeded.
Nov  1 01:14:16 roy-VirtualBox snapd[612]: main.go:121: Exiting on terminated signal.
Nov  1 01:14:16 roy-VirtualBox systemd[1]: Stopping Snappy daemon...
Nov  1 10:59:29 roy-VirtualBox kernel: [    0.000000] Linux version 4.15.0-29-generic (buildd@lgw01-amd64-057) (gcc version 7.3.0 (Ubuntu 7.3.0-16ubuntu3)) #31-Ubuntu SMP Tue Jul 17 15:39:52 UTC 2018 (Ubuntu 4.15.0-29.31-generic 4.15.18)
Nov  1 10:59:29 roy-VirtualBox kernel: [    0.000000] Command line: BOOT_IMAGE=/boot/vmlinuz-4.15.0-29-generic root=UUID=aa4d5d87-6944-4c2d-87fd-6794d89ce045 ro quiet splash
Nov  1 10:59:29 roy-VirtualBox kernel: [    0.000000] KERNEL supported cpus:
Nov  1 10:59:29 roy-VirtualBox kernel: [    0.000000]   Intel GenuineIntel
Nov  1 10:59:29 roy-VirtualBox kernel: [    0.000000]   AMD AuthenticAMD
Nov  1 10:59:29 roy-VirtualBox kernel: [    0.000000]   Centaur CentaurHauls
Nov  1 10:59:29 roy-VirtualBox kernel: [    0.000000] x86/fpu: Supporting XSAVE feature 0x001: 'x87 floating point registers'
Nov  1 10:59:29 roy-VirtualBox kernel: [    0.000000] x86/fpu: Supporting XSAVE feature 0x002: 'SSE registers'
Nov  1 10:59:29 roy-VirtualBox kernel: [    0.000000] x86/fpu: Supporting XSAVE feature 0x004: 'AVX registers'
Nov  1 10:59:29 roy-VirtualBox kernel: [    0.000000] x86/fpu: xstate_offset[2]:  576, xstate_sizes[2]:  256
Nov  1 10:59:29 roy-VirtualBox kernel: [    0.000000] x86/fpu: Enabled xstate features 0x7, context size is 832 bytes, using 'standard' format.
Nov  1 10:59:29 roy-VirtualBox kernel: [    0.000000] e820: BIOS-provided physical RAM map:
Nov  1 10:59:29 roy-VirtualBox kernel: [    0.000000] BIOS-e820: [mem 0x0000000000000000-0x000000000009fbff] usable
Nov  1 10:59:29 roy-VirtualBox kernel: [    0.000000] BIOS-e820: [mem 0x000000000009fc00-0x000000000009ffff] reserved
Nov  1 10:59:29 roy-VirtualBox kernel: [    0.000000] BIOS-e820: [mem 0x00000000000f0000-0x00000000000fffff] reserved
Nov  1 10:59:29 roy-VirtualBox kernel: [    0.000000] BIOS-e820: [mem 0x0000000000100000-0x00000000dffeffff] usable
Nov  1 10:59:29 roy-VirtualBox kernel: [    0.000000] BIOS-e820: [mem 0x00000000dfff0000-0x00000000dfffffff] ACPI data
Nov  1 10:59:29 roy-VirtualBox kernel: [    0.000000] BIOS-e820: [mem 0x00000000fec00000-0x00000000fec00fff] reserved
Nov  1 10:59:29 roy-VirtualBox kernel: [    0.000000] BIOS-e820: [mem 0x00000000fee00000-0x00000000fee00fff] reserved
Nov  1 10:59:29 roy-VirtualBox kernel: [    0.000000] BIOS-e820: [mem 0x00000000fffc0000-0x00000000ffffffff] reserved
Nov  1 10:59:29 roy-VirtualBox kernel: [    0.000000] BIOS-e820: [mem 0x0000000100000000-0x000000011fffffff] usable
Nov  1 10:59:29 roy-VirtualBox kernel: [    0.000000] NX (Execute Disable) protection: active
Nov  1 10:59:29 roy-VirtualBox kernel: [    0.000000] SMBIOS 2.5 present.
Nov  1 10:59:29 roy-VirtualBox kernel: [    0.000000] DMI: innotek GmbH VirtualBox/VirtualBox, BIOS VirtualBox 12/01/2006
Nov  1 10:59:29 roy-VirtualBox kernel: [    0.000000] Hypervisor detected: KVM
Nov  1 10:59:29 roy-VirtualBox kernel: [    0.000000] e820: update [mem 0x00000000-0x00000fff] usable ==> reserved
Nov  1 10:59:29 roy-VirtualBox kernel: [    0.000000] e820: remove [mem 0x000a0000-0x000fffff] usable
Nov  1 10:59:29 roy-VirtualBox kernel: [    0.000000] e820: last_pfn = 0x120000 max_arch_pfn = 0x400000000
Nov  1 10:59:29 roy-VirtualBox kernel: [    0.000000] MTRR default type: uncachable
Nov  1 10:59:29 roy-VirtualBox kernel: [    0.000000] MTRR variable ranges disabled:
Nov  1 10:59:29 roy-VirtualBox kernel: [    0.000000] MTRR: Disabled
Nov  1 10:59:29 roy-VirtualBox kernel: [    0.000000] x86/PAT: MTRRs disabled, skipping PAT initialization too.
Nov  1 10:59:29 roy-VirtualBox kernel: [    0.000000] CPU MTRRs all blank - virtualized system.
Nov  1 10:59:29 roy-VirtualBox kernel: [    0.000000] x86/PAT: Configuration [0-7]: WB  WT  UC- UC  WB  WT  UC- UC  
Nov  1 10:59:29 roy-VirtualBox kernel: [    0.000000] e820: last_pfn = 0xdfff0 max_arch_pfn = 0x400000000
Nov  1 10:59:29 roy-VirtualBox kernel: [    0.000000] found SMP MP-table at [mem 0x0009fff0-0x0009ffff] mapped at [        (ptrval)]
Nov  1 10:59:29 roy-VirtualBox kernel: [    0.000000] Scanning 1 areas for low memory corruption
Nov  1 10:59:29 roy-VirtualBox kernel: [    0.000000] Base memory trampoline at [        (ptrval)] 99000 size 24576
Nov  1 10:59:29 roy-VirtualBox kernel: [    0.000000] BRK [0x5e13f000, 0x5e13ffff] PGTABLE
Nov  1 10:59:29 roy-VirtualBox kernel: [    0.000000] BRK [0x5e140000, 0x5e140fff] PGTABLE
Nov  1 10:59:29 roy-VirtualBox kernel: [    0.000000] BRK [0x5e141000, 0x5e141fff] PGTABLE
Nov  1 10:59:29 roy-VirtualBox kernel: [    0.000000] BRK [0x5e142000, 0x5e142fff] PGTABLE
Nov  1 10:59:29 roy-VirtualBox kernel: [    0.000000] BRK [0x5e143000, 0x5e143fff] PGTABLE
Nov  1 10:59:29 roy-VirtualBox kernel: [    0.000000] RAMDISK: [mem 0x31621000-0x34b07fff]
Nov  1 10:59:29 roy-VirtualBox kernel: [    0.000000] ACPI: Early table checksum verification disabled
Nov  1 10:59:29 roy-VirtualBox kernel: [    0.000000] ACPI: RSDP 0x00000000000E0000 000024 (v02 VBOX  )
Nov  1 10:59:29 roy-VirtualBox kernel: [    0.000000] ACPI: XSDT 0x00000000DFFF0030 00003C (v01 VBOX   VBOXXSDT 00000001 ASL  00000061)
Nov  1 10:59:29 roy-VirtualBox kernel: [    0.000000] ACPI: FACP 0x00000000DFFF00F0 0000F4 (v04 VBOX   VBOXFACP 00000001 ASL  00000061)
Nov  1 10:59:29 roy-VirtualBox kernel: [    0.000000] ACPI: DSDT 0x00000000DFFF0470 0021FF (v02 VBOX   VBOXBIOS 00000002 INTL 20100528)
Nov  1 10:59:29 roy-VirtualBox kernel: [    0.000000] ACPI: FACS 0x00000000DFFF0200 000040
Nov  1 10:59:29 roy-VirtualBox kernel: [    0.000000] ACPI: FACS 0x00000000DFFF0200 000040
Nov  1 10:59:29 roy-VirtualBox kernel: [    0.000000] ACPI: APIC 0x00000000DFFF0240 000054 (v02 VBOX   VBOXAPIC 00000001 ASL  00000061)
Nov  1 10:59:29 roy-VirtualBox kernel: [    0.000000] ACPI: SSDT 0x00000000DFFF02A0 0001CC (v01 VBOX   VBOXCPUT 00000002 INTL 20100528)
Nov  1 10:59:29 roy-VirtualBox kernel: [    0.000000] ACPI: Local APIC address 0xfee00000
Nov  1 10:59:29 roy-VirtualBox kernel: [    0.000000] No NUMA configuration found
Nov  1 10:59:29 roy-VirtualBox kernel: [    0.000000] Faking a node at [mem 0x0000000000000000-0x000000011fffffff]
Nov  1 10:59:29 roy-VirtualBox kernel: [    0.000000] NODE_DATA(0) allocated [mem 0x11ffd1000-0x11fffbfff]
Nov  1 10:59:29 roy-VirtualBox kernel: [    0.000000] kvm-clock: cpu 0, msr 1:1ff50001, primary cpu clock
Nov  1 10:59:29 roy-VirtualBox kernel: [    0.000000] kvm-clock: Using msrs 4b564d01 and 4b564d00
Nov  1 10:59:29 roy-VirtualBox kernel: [    0.000000] kvm-clock: using sched offset of 14110589533 cycles
Nov  1 10:59:29 roy-VirtualBox kernel: [    0.000000] clocksource: kvm-clock: mask: 0xffffffffffffffff max_cycles: 0x1cd42e4dffb, max_idle_ns: 881590591483 ns
Nov  1 10:59:29 roy-VirtualBox kernel: [    0.000000] Zone ranges:
Nov  1 10:59:29 roy-VirtualBox kernel: [    0.000000]   DMA      [mem 0x0000000000001000-0x0000000000ffffff]
Nov  1 10:59:29 roy-VirtualBox kernel: [    0.000000]   DMA32    [mem 0x0000000001000000-0x00000000ffffffff]
Nov  1 10:59:29 roy-VirtualBox kernel: [    0.000000]   Normal   [mem 0x0000000100000000-0x000000011fffffff]
Nov  1 10:59:29 roy-VirtualBox kernel: [    0.000000]   Device   empty
Nov  1 10:59:29 roy-VirtualBox kernel: [    0.000000] Movable zone start for each node
Nov  1 10:59:29 roy-VirtualBox kernel: [    0.000000] Early memory node ranges
Nov  1 10:59:29 roy-VirtualBox kernel: [    0.000000]   node   0: [mem 0x0000000000001000-0x000000000009efff]
Nov  1 10:59:29 roy-VirtualBox kernel: [    0.000000]   node   0: [mem 0x0000000000100000-0x00000000dffeffff]
Nov  1 10:59:29 roy-VirtualBox kernel: [    0.000000]   node   0: [mem 0x0000000100000000-0x000000011fffffff]
Nov  1 10:59:29 roy-VirtualBox kernel: [    0.000000] Initmem setup node 0 [mem 0x0000000000001000-0x000000011fffffff]
Nov  1 10:59:29 roy-VirtualBox kernel: [    0.000000] On node 0 totalpages: 1048462
Nov  1 10:59:29 roy-VirtualBox kernel: [    0.000000]   DMA zone: 64 pages used for memmap
Nov  1 10:59:29 roy-VirtualBox kernel: [    0.000000]   DMA zone: 21 pages reserved
Nov  1 10:59:29 roy-VirtualBox kernel: [    0.000000]   DMA zone: 3998 pages, LIFO batch:0
Nov  1 10:59:29 roy-VirtualBox kernel: [    0.000000]   DMA32 zone: 14272 pages used for memmap
Nov  1 10:59:29 roy-VirtualBox kernel: [    0.000000]   DMA32 zone: 913392 pages, LIFO batch:31
Nov  1 10:59:29 roy-VirtualBox kernel: [    0.000000]   Normal zone: 2048 pages used for memmap
Nov  1 10:59:29 roy-VirtualBox kernel: [    0.000000]   Normal zone: 131072 pages, LIFO batch:31
Nov  1 10:59:29 roy-VirtualBox kernel: [    0.000000] Reserved but unavailable: 98 pages
Nov  1 10:59:29 roy-VirtualBox kernel: [    0.000000] ACPI: PM-Timer IO Port: 0x4008
Nov  1 10:59:29 roy-VirtualBox kernel: [    0.000000] ACPI: Local APIC address 0xfee00000
Nov  1 10:59:29 roy-VirtualBox kernel: [    0.000000] IOAPIC[0]: apic_id 1, version 32, address 0xfec00000, GSI 0-23
Nov  1 10:59:29 roy-VirtualBox kernel: [    0.000000] ACPI: INT_SRC_OVR (bus 0 bus_irq 0 global_irq 2 dfl dfl)
Nov  1 10:59:29 roy-VirtualBox kernel: [    0.000000] ACPI: INT_SRC_OVR (bus 0 bus_irq 9 global_irq 9 low level)
Nov  1 10:59:29 roy-VirtualBox kernel: [    0.000000] ACPI: IRQ0 used by override.
Nov  1 10:59:29 roy-VirtualBox kernel: [    0.000000] ACPI: IRQ9 used by override.
Nov  1 10:59:29 roy-VirtualBox kernel: [    0.000000] Using ACPI (MADT) for SMP configuration information
Nov  1 10:59:29 roy-VirtualBox kernel: [    0.000000] smpboot: Allowing 1 CPUs, 0 hotplug CPUs
Nov  1 10:59:29 roy-VirtualBox kernel: [    0.000000] PM: Registered nosave memory: [mem 0x00000000-0x00000fff]
Nov  1 10:59:29 roy-VirtualBox kernel: [    0.000000] PM: Registered nosave memory: [mem 0x0009f000-0x0009ffff]
Nov  1 10:59:29 roy-VirtualBox kernel: [    0.000000] PM: Registered nosave memory: [mem 0x000a0000-0x000effff]
Nov  1 10:59:29 roy-VirtualBox kernel: [    0.000000] PM: Registered nosave memory: [mem 0x000f0000-0x000fffff]
Nov  1 10:59:29 roy-VirtualBox kernel: [    0.000000] PM: Registered nosave memory: [mem 0xdfff0000-0xdfffffff]
Nov  1 10:59:29 roy-VirtualBox kernel: [    0.000000] PM: Registered nosave memory: [mem 0xe0000000-0xfebfffff]
Nov  1 10:59:29 roy-VirtualBox kernel: [    0.000000] PM: Registered nosave memory: [mem 0xfec00000-0xfec00fff]
Nov  1 10:59:29 roy-VirtualBox kernel: [    0.000000] PM: Registered nosave memory: [mem 0xfec01000-0xfedfffff]
Nov  1 10:59:29 roy-VirtualBox kernel: [    0.000000] PM: Registered nosave memory: [mem 0xfee00000-0xfee00fff]
Nov  1 10:59:29 roy-VirtualBox kernel: [    0.000000] PM: Registered nosave memory: [mem 0xfee01000-0xfffbffff]
Nov  1 10:59:29 roy-VirtualBox kernel: [    0.000000] PM: Registered nosave memory: [mem 0xfffc0000-0xffffffff]
Nov  1 10:59:29 roy-VirtualBox kernel: [    0.000000] e820: [mem 0xe0000000-0xfebfffff] available for PCI devices
Nov  1 10:59:29 roy-VirtualBox kernel: [    0.000000] Booting paravirtualized kernel on KVM
Nov  1 10:59:29 roy-VirtualBox kernel: [    0.000000] clocksource: refined-jiffies: mask: 0xffffffff max_cycles: 0xffffffff, max_idle_ns: 7645519600211568 ns
Nov  1 10:59:29 roy-VirtualBox kernel: [    0.000000] random: get_random_bytes called from start_kernel+0x99/0x4fd with crng_init=0
Nov  1 10:59:29 roy-VirtualBox kernel: [    0.000000] setup_percpu: NR_CPUS:8192 nr_cpumask_bits:1 nr_cpu_ids:1 nr_node_ids:1
Nov  1 10:59:29 roy-VirtualBox kernel: [    0.000000] percpu: Embedded 46 pages/cpu @        (ptrval) s151552 r8192 d28672 u2097152
Nov  1 10:59:29 roy-VirtualBox kernel: [    0.000000] pcpu-alloc: s151552 r8192 d28672 u2097152 alloc=1*2097152
Nov  1 10:59:29 roy-VirtualBox kernel: [    0.000000] pcpu-alloc: [0] 0 
Nov  1 10:59:29 roy-VirtualBox kernel: [    0.000000] PV qspinlock hash table entries: 256 (order: 0, 4096 bytes)
Nov  1 10:59:29 roy-VirtualBox kernel: [    0.000000] Built 1 zonelists, mobility grouping on.  Total pages: 1032057
Nov  1 10:59:29 roy-VirtualBox kernel: [    0.000000] Policy zone: Normal
Nov  1 10:59:29 roy-VirtualBox kernel: [    0.000000] Kernel command line: BOOT_IMAGE=/boot/vmlinuz-4.15.0-29-generic root=UUID=aa4d5d87-6944-4c2d-87fd-6794d89ce045 ro quiet splash
Nov  1 10:59:29 roy-VirtualBox kernel: [    0.000000] Calgary: detecting Calgary via BIOS EBDA area
Nov  1 10:59:29 roy-VirtualBox kernel: [    0.000000] Calgary: Unable to locate Rio Grande table in EBDA - bailing!
Nov  1 10:59:29 roy-VirtualBox kernel: [    0.000000] Memory: 3979204K/4193848K available (12300K kernel code, 2470K rwdata, 4240K rodata, 2408K init, 2416K bss, 214644K reserved, 0K cma-reserved)
Nov  1 10:59:29 roy-VirtualBox kernel: [    0.000000] SLUB: HWalign=64, Order=0-3, MinObjects=0, CPUs=1, Nodes=1
Nov  1 10:59:29 roy-VirtualBox kernel: [    0.000000] Kernel/User page tables isolation: enabled
Nov  1 10:59:29 roy-VirtualBox kernel: [    0.000000] ftrace: allocating 39092 entries in 153 pages
Nov  1 10:59:29 roy-VirtualBox kernel: [    0.004000] Hierarchical RCU implementation.
Nov  1 10:59:29 roy-VirtualBox kernel: [    0.004000] 	RCU restricting CPUs from NR_CPUS=8192 to nr_cpu_ids=1.
Nov  1 10:59:29 roy-VirtualBox kernel: [    0.004000] 	Tasks RCU enabled.
Nov  1 10:59:29 roy-VirtualBox kernel: [    0.004000] RCU: Adjusting geometry for rcu_fanout_leaf=16, nr_cpu_ids=1
Nov  1 10:59:29 roy-VirtualBox kernel: [    0.004000] NR_IRQS: 524544, nr_irqs: 256, preallocated irqs: 16
Nov  1 10:59:29 roy-VirtualBox kernel: [    0.004000] Console: colour VGA+ 80x25
Nov  1 10:59:29 roy-VirtualBox kernel: [    0.004000] console [tty0] enabled
Nov  1 10:59:29 roy-VirtualBox kernel: [    0.004000] ACPI: Core revision 20170831
Nov  1 10:59:29 roy-VirtualBox kernel: [    0.004000] ACPI: 2 ACPI AML tables successfully acquired and loaded
Nov  1 10:59:29 roy-VirtualBox kernel: [    0.004000] APIC: Switch to symmetric I/O mode setup
Nov  1 10:59:29 roy-VirtualBox kernel: [    0.004000] x2apic enabled
Nov  1 10:59:29 roy-VirtualBox kernel: [    0.004000] Switched APIC routing to physical x2apic.
Nov  1 10:59:29 roy-VirtualBox kernel: [    0.004000] ..TIMER: vector=0x30 apic1=0 pin1=2 apic2=-1 pin2=-1
Nov  1 10:59:29 roy-VirtualBox kernel: [    0.004000] tsc: Detected 1991.999 MHz processor
Nov  1 10:59:29 roy-VirtualBox kernel: [    0.004000] Calibrating delay loop (skipped) preset value.. 3983.99 BogoMIPS (lpj=7967996)
Nov  1 10:59:29 roy-VirtualBox kernel: [    0.004000] pid_max: default: 32768 minimum: 301
Nov  1 10:59:29 roy-VirtualBox kernel: [    0.004000] Security Framework initialized
Nov  1 10:59:29 roy-VirtualBox kernel: [    0.004000] Yama: becoming mindful.
Nov  1 10:59:29 roy-VirtualBox kernel: [    0.004000] AppArmor: AppArmor initialized
Nov  1 10:59:29 roy-VirtualBox kernel: [    0.004000] Dentry cache hash table entries: 524288 (order: 10, 4194304 bytes)
Nov  1 10:59:29 roy-VirtualBox kernel: [    0.004111] Inode-cache hash table entries: 262144 (order: 9, 2097152 bytes)
Nov  1 10:59:29 roy-VirtualBox kernel: [    0.004127] Mount-cache hash table entries: 8192 (order: 4, 65536 bytes)
Nov  1 10:59:29 roy-VirtualBox kernel: [    0.004136] Mountpoint-cache hash table entries: 8192 (order: 4, 65536 bytes)
Nov  1 10:59:29 roy-VirtualBox kernel: [    0.004346] CPU: Physical Processor ID: 0
Nov  1 10:59:29 roy-VirtualBox kernel: [    0.004364] mce: CPU supports 0 MCE banks
Nov  1 10:59:29 roy-VirtualBox kernel: [    0.004375] process: using mwait in idle threads
Nov  1 10:59:29 roy-VirtualBox kernel: [    0.004379] Last level iTLB entries: 4KB 64, 2MB 8, 4MB 8
Nov  1 10:59:29 roy-VirtualBox kernel: [    0.004379] Last level dTLB entries: 4KB 64, 2MB 0, 4MB 0, 1GB 4
Nov  1 10:59:29 roy-VirtualBox kernel: [    0.004380] Spectre V2 : Mitigation: Full generic retpoline
Nov  1 10:59:29 roy-VirtualBox kernel: [    0.004381] Spectre V2 : Spectre v2 mitigation: Filling RSB on context switch
Nov  1 10:59:29 roy-VirtualBox kernel: [    0.004382] Speculative Store Bypass: Vulnerable
Nov  1 10:59:29 roy-VirtualBox kernel: [    0.013904] Freeing SMP alternatives memory: 36K
Nov  1 10:59:29 roy-VirtualBox kernel: [    0.016000] smpboot: CPU0: Intel(R) Core(TM) i7-8550U CPU @ 1.80GHz (family: 0x6, model: 0x8e, stepping: 0xa)
Nov  1 10:59:29 roy-VirtualBox kernel: [    0.016000] Performance Events: unsupported p6 CPU model 142 no PMU driver, software events only.
Nov  1 10:59:29 roy-VirtualBox kernel: [    0.016000] Hierarchical SRCU implementation.
Nov  1 10:59:29 roy-VirtualBox kernel: [    0.016000] NMI watchdog: Perf event create on CPU 0 failed with -2
Nov  1 10:59:29 roy-VirtualBox kernel: [    0.016000] NMI watchdog: Perf NMI watchdog permanently disabled
Nov  1 10:59:29 roy-VirtualBox kernel: [    0.016000] smp: Bringing up secondary CPUs ...
Nov  1 10:59:29 roy-VirtualBox kernel: [    0.016000] smp: Brought up 1 node, 1 CPU
Nov  1 10:59:29 roy-VirtualBox kernel: [    0.016000] smpboot: Max logical packages: 1
Nov  1 10:59:29 roy-VirtualBox kernel: [    0.016000] smpboot: Total of 1 processors activated (3983.99 BogoMIPS)
Nov  1 10:59:29 roy-VirtualBox kernel: [    0.016000] devtmpfs: initialized
Nov  1 10:59:29 roy-VirtualBox kernel: [    0.016000] x86/mm: Memory block size: 128MB
Nov  1 10:59:29 roy-VirtualBox kernel: [    0.016000] evm: security.selinux
Nov  1 10:59:29 roy-VirtualBox kernel: [    0.016000] evm: security.SMACK64
Nov  1 10:59:29 roy-VirtualBox kernel: [    0.016000] evm: security.SMACK64EXEC
Nov  1 10:59:29 roy-VirtualBox kernel: [    0.016000] evm: security.SMACK64TRANSMUTE
Nov  1 10:59:29 roy-VirtualBox kernel: [    0.016000] evm: security.SMACK64MMAP
Nov  1 10:59:29 roy-VirtualBox kernel: [    0.016000] evm: security.apparmor
Nov  1 10:59:29 roy-VirtualBox kernel: [    0.016000] evm: security.ima
Nov  1 10:59:29 roy-VirtualBox kernel: [    0.016000] evm: security.capability
Nov  1 10:59:29 roy-VirtualBox kernel: [    0.016000] clocksource: jiffies: mask: 0xffffffff max_cycles: 0xffffffff, max_idle_ns: 7645041785100000 ns
Nov  1 10:59:29 roy-VirtualBox kernel: [    0.016000] futex hash table entries: 256 (order: 2, 16384 bytes)
Nov  1 10:59:29 roy-VirtualBox kernel: [    0.016000] pinctrl core: initialized pinctrl subsystem
Nov  1 10:59:29 roy-VirtualBox kernel: [    0.016000] RTC time: 14:59:25, date: 11/01/18
Nov  1 10:59:29 roy-VirtualBox kernel: [    0.016000] NET: Registered protocol family 16
Nov  1 10:59:29 roy-VirtualBox kernel: [    0.016000] audit: initializing netlink subsys (disabled)
Nov  1 10:59:29 roy-VirtualBox kernel: [    0.016000] cpuidle: using governor ladder
Nov  1 10:59:29 roy-VirtualBox kernel: [    0.016000] cpuidle: using governor menu
Nov  1 10:59:29 roy-VirtualBox kernel: [    0.016000] ACPI: bus type PCI registered
Nov  1 10:59:29 roy-VirtualBox kernel: [    0.016000] acpiphp: ACPI Hot Plug PCI Controller Driver version: 0.5
Nov  1 10:59:29 roy-VirtualBox kernel: [    0.016000] PCI: Using configuration type 1 for base access
Nov  1 10:59:29 roy-VirtualBox kernel: [    0.016000] audit: type=2000 audit(1541084381.246:1): state=initialized audit_enabled=0 res=1
Nov  1 10:59:29 roy-VirtualBox kernel: [    0.016000] HugeTLB registered 2.00 MiB page size, pre-allocated 0 pages
Nov  1 10:59:29 roy-VirtualBox kernel: [    0.016000] ACPI: Added _OSI(Module Device)
Nov  1 10:59:29 roy-VirtualBox kernel: [    0.016000] ACPI: Added _OSI(Processor Device)
Nov  1 10:59:29 roy-VirtualBox kernel: [    0.016000] ACPI: Added _OSI(3.0 _SCP Extensions)
Nov  1 10:59:29 roy-VirtualBox kernel: [    0.016000] ACPI: Added _OSI(Processor Aggregator Device)
Nov  1 10:59:29 roy-VirtualBox kernel: [    0.016000] ACPI: Added _OSI(Linux-Dell-Video)
Nov  1 10:59:29 roy-VirtualBox kernel: [    0.016263] ACPI: Executed 1 blocks of module-level executable AML code
Nov  1 10:59:29 roy-VirtualBox kernel: [    0.020962] ACPI: Interpreter enabled
Nov  1 10:59:29 roy-VirtualBox kernel: [    0.020971] ACPI: (supports S0 S5)
Nov  1 10:59:29 roy-VirtualBox kernel: [    0.020972] ACPI: Using IOAPIC for interrupt routing
Nov  1 10:59:29 roy-VirtualBox kernel: [    0.021236] PCI: Using host bridge windows from ACPI; if necessary, use "pci=nocrs" and report a bug
Nov  1 10:59:29 roy-VirtualBox kernel: [    0.021394] ACPI: Enabled 2 GPEs in block 00 to 07
Nov  1 10:59:29 roy-VirtualBox kernel: [    0.027523] ACPI: PCI Root Bridge [PCI0] (domain 0000 [bus 00-ff])
Nov  1 10:59:29 roy-VirtualBox kernel: [    0.027527] acpi PNP0A03:00: _OSC: OS supports [ASPM ClockPM Segments MSI]
Nov  1 10:59:29 roy-VirtualBox kernel: [    0.027546] acpi PNP0A03:00: _OSC: not requesting OS control; OS requires [ExtendedConfig ASPM ClockPM MSI]
Nov  1 10:59:29 roy-VirtualBox kernel: [    0.027554] acpi PNP0A03:00: fail to add MMCONFIG information, can't access extended PCI configuration space under this bridge.
Nov  1 10:59:29 roy-VirtualBox kernel: [    0.027869] PCI host bridge to bus 0000:00
Nov  1 10:59:29 roy-VirtualBox kernel: [    0.027871] pci_bus 0000:00: root bus resource [io  0x0000-0x0cf7 window]
Nov  1 10:59:29 roy-VirtualBox kernel: [    0.027873] pci_bus 0000:00: root bus resource [io  0x0d00-0xffff window]
Nov  1 10:59:29 roy-VirtualBox kernel: [    0.027874] pci_bus 0000:00: root bus resource [mem 0x000a0000-0x000bffff window]
Nov  1 10:59:29 roy-VirtualBox kernel: [    0.027875] pci_bus 0000:00: root bus resource [mem 0xe0000000-0xfdffffff window]
Nov  1 10:59:29 roy-VirtualBox kernel: [    0.027877] pci_bus 0000:00: root bus resource [bus 00-ff]
Nov  1 10:59:29 roy-VirtualBox kernel: [    0.027915] pci 0000:00:00.0: [8086:1237] type 00 class 0x060000
Nov  1 10:59:29 roy-VirtualBox kernel: [    0.028465] pci 0000:00:01.0: [8086:7000] type 00 class 0x060100
Nov  1 10:59:29 roy-VirtualBox kernel: [    0.029180] pci 0000:00:01.1: [8086:7111] type 00 class 0x01018a
Nov  1 10:59:29 roy-VirtualBox kernel: [    0.029563] pci 0000:00:01.1: reg 0x20: [io  0xd000-0xd00f]
Nov  1 10:59:29 roy-VirtualBox kernel: [    0.029718] pci 0000:00:01.1: legacy IDE quirk: reg 0x10: [io  0x01f0-0x01f7]
Nov  1 10:59:29 roy-VirtualBox kernel: [    0.029719] pci 0000:00:01.1: legacy IDE quirk: reg 0x14: [io  0x03f6]
Nov  1 10:59:29 roy-VirtualBox kernel: [    0.029720] pci 0000:00:01.1: legacy IDE quirk: reg 0x18: [io  0x0170-0x0177]
Nov  1 10:59:29 roy-VirtualBox kernel: [    0.029721] pci 0000:00:01.1: legacy IDE quirk: reg 0x1c: [io  0x0376]
Nov  1 10:59:29 roy-VirtualBox kernel: [    0.029931] pci 0000:00:02.0: [80ee:beef] type 00 class 0x030000
Nov  1 10:59:29 roy-VirtualBox kernel: [    0.031814] pci 0000:00:02.0: reg 0x10: [mem 0xe0000000-0xe0ffffff pref]
Nov  1 10:59:29 roy-VirtualBox kernel: [    0.042220] pci 0000:00:03.0: [8086:100e] type 00 class 0x020000
Nov  1 10:59:29 roy-VirtualBox kernel: [    0.044077] pci 0000:00:03.0: reg 0x10: [mem 0xf0000000-0xf001ffff]
Nov  1 10:59:29 roy-VirtualBox kernel: [    0.047039] pci 0000:00:03.0: reg 0x18: [io  0xd010-0xd017]
Nov  1 10:59:29 roy-VirtualBox kernel: [    0.054043] pci 0000:00:04.0: [80ee:cafe] type 00 class 0x088000
Nov  1 10:59:29 roy-VirtualBox kernel: [    0.055608] pci 0000:00:04.0: reg 0x10: [io  0xd020-0xd03f]
Nov  1 10:59:29 roy-VirtualBox kernel: [    0.056065] pci 0000:00:04.0: reg 0x14: [mem 0xf0400000-0xf07fffff]
Nov  1 10:59:29 roy-VirtualBox kernel: [    0.057546] pci 0000:00:04.0: reg 0x18: [mem 0xf0800000-0xf0803fff pref]
Nov  1 10:59:29 roy-VirtualBox kernel: [    0.064328] pci 0000:00:05.0: [8086:2415] type 00 class 0x040100
Nov  1 10:59:29 roy-VirtualBox kernel: [    0.064467] pci 0000:00:05.0: reg 0x10: [io  0xd100-0xd1ff]
Nov  1 10:59:29 roy-VirtualBox kernel: [    0.064541] pci 0000:00:05.0: reg 0x14: [io  0xd200-0xd23f]
Nov  1 10:59:29 roy-VirtualBox kernel: [    0.065128] pci 0000:00:06.0: [106b:003f] type 00 class 0x0c0310
Nov  1 10:59:29 roy-VirtualBox kernel: [    0.066664] pci 0000:00:06.0: reg 0x10: [mem 0xf0804000-0xf0804fff]
Nov  1 10:59:29 roy-VirtualBox kernel: [    0.076392] pci 0000:00:07.0: [8086:7113] type 00 class 0x068000
Nov  1 10:59:29 roy-VirtualBox kernel: [    0.076874] pci 0000:00:07.0: quirk: [io  0x4000-0x403f] claimed by PIIX4 ACPI
Nov  1 10:59:29 roy-VirtualBox kernel: [    0.076884] pci 0000:00:07.0: quirk: [io  0x4100-0x410f] claimed by PIIX4 SMB
Nov  1 10:59:29 roy-VirtualBox kernel: [    0.077170] pci 0000:00:0d.0: [8086:2829] type 00 class 0x010601
Nov  1 10:59:29 roy-VirtualBox kernel: [    0.078670] pci 0000:00:0d.0: reg 0x10: [io  0xd240-0xd247]
Nov  1 10:59:29 roy-VirtualBox kernel: [    0.080069] pci 0000:00:0d.0: reg 0x14: [io  0xd248-0xd24b]
Nov  1 10:59:29 roy-VirtualBox kernel: [    0.081524] pci 0000:00:0d.0: reg 0x18: [io  0xd250-0xd257]
Nov  1 10:59:29 roy-VirtualBox kernel: [    0.082933] pci 0000:00:0d.0: reg 0x1c: [io  0xd258-0xd25b]
Nov  1 10:59:29 roy-VirtualBox kernel: [    0.084072] pci 0000:00:0d.0: reg 0x20: [io  0xd260-0xd26f]
Nov  1 10:59:29 roy-VirtualBox kernel: [    0.085807] pci 0000:00:0d.0: reg 0x24: [mem 0xf0806000-0xf0807fff]
Nov  1 10:59:29 roy-VirtualBox kernel: [    0.089125] ACPI: PCI Interrupt Link [LNKA] (IRQs 5 9 10 *11)
Nov  1 10:59:29 roy-VirtualBox kernel: [    0.089474] ACPI: PCI Interrupt Link [LNKB] (IRQs 5 9 *10 11)
Nov  1 10:59:29 roy-VirtualBox kernel: [    0.089587] ACPI: PCI Interrupt Link [LNKC] (IRQs 5 *9 10 11)
Nov  1 10:59:29 roy-VirtualBox kernel: [    0.089699] ACPI: PCI Interrupt Link [LNKD] (IRQs 5 9 10 *11)
Nov  1 10:59:29 roy-VirtualBox kernel: [    0.089966] SCSI subsystem initialized
Nov  1 10:59:29 roy-VirtualBox kernel: [    0.089996] libata version 3.00 loaded.
Nov  1 10:59:29 roy-VirtualBox kernel: [    0.090033] pci 0000:00:02.0: vgaarb: setting as boot VGA device
Nov  1 10:59:29 roy-VirtualBox kernel: [    0.090035] pci 0000:00:02.0: vgaarb: VGA device added: decodes=io+mem,owns=io+mem,locks=none
Nov  1 10:59:29 roy-VirtualBox kernel: [    0.090037] pci 0000:00:02.0: vgaarb: bridge control possible
Nov  1 10:59:29 roy-VirtualBox kernel: [    0.090037] vgaarb: loaded
Nov  1 10:59:29 roy-VirtualBox kernel: [    0.090054] ACPI: bus type USB registered
Nov  1 10:59:29 roy-VirtualBox kernel: [    0.090065] usbcore: registered new interface driver usbfs
Nov  1 10:59:29 roy-VirtualBox kernel: [    0.090071] usbcore: registered new interface driver hub
Nov  1 10:59:29 roy-VirtualBox kernel: [    0.090078] usbcore: registered new device driver usb
Nov  1 10:59:29 roy-VirtualBox kernel: [    0.090113] EDAC MC: Ver: 3.0.0
Nov  1 10:59:29 roy-VirtualBox kernel: [    0.090368] PCI: Using ACPI for IRQ routing
Nov  1 10:59:29 roy-VirtualBox kernel: [    0.090370] PCI: pci_cache_line_size set to 64 bytes
Nov  1 10:59:29 roy-VirtualBox kernel: [    0.090537] e820: reserve RAM buffer [mem 0x0009fc00-0x0009ffff]
Nov  1 10:59:29 roy-VirtualBox kernel: [    0.090538] e820: reserve RAM buffer [mem 0xdfff0000-0xdfffffff]
Nov  1 10:59:29 roy-VirtualBox kernel: [    0.090603] NetLabel: Initializing
Nov  1 10:59:29 roy-VirtualBox kernel: [    0.090604] NetLabel:  domain hash size = 128
Nov  1 10:59:29 roy-VirtualBox kernel: [    0.090604] NetLabel:  protocols = UNLABELED CIPSOv4 CALIPSO
Nov  1 10:59:29 roy-VirtualBox kernel: [    0.090617] NetLabel:  unlabeled traffic allowed by default
Nov  1 10:59:29 roy-VirtualBox kernel: [    0.090926] clocksource: Switched to clocksource kvm-clock
Nov  1 10:59:29 roy-VirtualBox kernel: [    0.100162] VFS: Disk quotas dquot_6.6.0
Nov  1 10:59:29 roy-VirtualBox kernel: [    0.100174] VFS: Dquot-cache hash table entries: 512 (order 0, 4096 bytes)
Nov  1 10:59:29 roy-VirtualBox kernel: [    0.100248] AppArmor: AppArmor Filesystem Enabled
Nov  1 10:59:29 roy-VirtualBox kernel: [    0.100267] pnp: PnP ACPI init
Nov  1 10:59:29 roy-VirtualBox kernel: [    0.100358] pnp 00:00: Plug and Play ACPI device, IDs PNP0303 (active)
Nov  1 10:59:29 roy-VirtualBox kernel: [    0.100421] pnp 00:01: Plug and Play ACPI device, IDs PNP0f03 (active)
Nov  1 10:59:29 roy-VirtualBox kernel: [    0.101216] pnp: PnP ACPI: found 2 devices
Nov  1 10:59:29 roy-VirtualBox kernel: [    0.107707] clocksource: acpi_pm: mask: 0xffffff max_cycles: 0xffffff, max_idle_ns: 2085701024 ns
Nov  1 10:59:29 roy-VirtualBox kernel: [    0.107714] pci_bus 0000:00: resource 4 [io  0x0000-0x0cf7 window]
Nov  1 10:59:29 roy-VirtualBox kernel: [    0.107716] pci_bus 0000:00: resource 5 [io  0x0d00-0xffff window]
Nov  1 10:59:29 roy-VirtualBox kernel: [    0.107717] pci_bus 0000:00: resource 6 [mem 0x000a0000-0x000bffff window]
Nov  1 10:59:29 roy-VirtualBox kernel: [    0.107718] pci_bus 0000:00: resource 7 [mem 0xe0000000-0xfdffffff window]
Nov  1 10:59:29 roy-VirtualBox kernel: [    0.107769] NET: Registered protocol family 2
Nov  1 10:59:29 roy-VirtualBox kernel: [    0.107903] TCP established hash table entries: 32768 (order: 6, 262144 bytes)
Nov  1 10:59:29 roy-VirtualBox kernel: [    0.107937] TCP bind hash table entries: 32768 (order: 7, 524288 bytes)
Nov  1 10:59:29 roy-VirtualBox kernel: [    0.107965] TCP: Hash tables configured (established 32768 bind 32768)
Nov  1 10:59:29 roy-VirtualBox kernel: [    0.107978] UDP hash table entries: 2048 (order: 4, 65536 bytes)
Nov  1 10:59:29 roy-VirtualBox kernel: [    0.107986] UDP-Lite hash table entries: 2048 (order: 4, 65536 bytes)
Nov  1 10:59:29 roy-VirtualBox kernel: [    0.108009] NET: Registered protocol family 1
Nov  1 10:59:29 roy-VirtualBox kernel: [    0.108015] pci 0000:00:00.0: Limiting direct PCI/PCI transfers
Nov  1 10:59:29 roy-VirtualBox kernel: [    0.108054] pci 0000:00:01.0: Activating ISA DMA hang workarounds
Nov  1 10:59:29 roy-VirtualBox kernel: [    0.108101] pci 0000:00:02.0: Video device with shadowed ROM at [mem 0x000c0000-0x000dffff]
Nov  1 10:59:29 roy-VirtualBox kernel: [    0.109734] PCI: CLS 0 bytes, default 64
Nov  1 10:59:29 roy-VirtualBox kernel: [    0.109763] Unpacking initramfs...
Nov  1 10:59:29 roy-VirtualBox kernel: [    0.754775] Freeing initrd memory: 54172K
Nov  1 10:59:29 roy-VirtualBox kernel: [    0.754796] PCI-DMA: Using software bounce buffering for IO (SWIOTLB)
Nov  1 10:59:29 roy-VirtualBox kernel: [    0.754798] software IO TLB [mem 0xdbff0000-0xdfff0000] (64MB) mapped at [        (ptrval)-        (ptrval)]
Nov  1 10:59:29 roy-VirtualBox kernel: [    0.754867] platform rtc_cmos: registered platform RTC device (no PNP device found)
Nov  1 10:59:29 roy-VirtualBox kernel: [    0.754879] Scanning for low memory corruption every 60 seconds
Nov  1 10:59:29 roy-VirtualBox kernel: [    0.755327] Initialise system trusted keyrings
Nov  1 10:59:29 roy-VirtualBox kernel: [    0.755334] Key type blacklist registered
Nov  1 10:59:29 roy-VirtualBox kernel: [    0.755362] workingset: timestamp_bits=36 max_order=20 bucket_order=0
Nov  1 10:59:29 roy-VirtualBox kernel: [    0.757655] zbud: loaded
Nov  1 10:59:29 roy-VirtualBox kernel: [    0.758090] squashfs: version 4.0 (2009/01/31) Phillip Lougher
Nov  1 10:59:29 roy-VirtualBox kernel: [    0.758181] fuse init (API version 7.26)
Nov  1 10:59:29 roy-VirtualBox kernel: [    0.758788] Key type asymmetric registered
Nov  1 10:59:29 roy-VirtualBox kernel: [    0.758789] Asymmetric key parser 'x509' registered
Nov  1 10:59:29 roy-VirtualBox kernel: [    0.758810] Block layer SCSI generic (bsg) driver version 0.4 loaded (major 246)
Nov  1 10:59:29 roy-VirtualBox kernel: [    0.758825] io scheduler noop registered
Nov  1 10:59:29 roy-VirtualBox kernel: [    0.758825] io scheduler deadline registered
Nov  1 10:59:29 roy-VirtualBox kernel: [    0.758859] io scheduler cfq registered (default)
Nov  1 10:59:29 roy-VirtualBox kernel: [    0.759143] ACPI: AC Adapter [AC] (off-line)
Nov  1 10:59:29 roy-VirtualBox kernel: [    0.759186] input: Power Button as /devices/LNXSYSTM:00/LNXPWRBN:00/input/input0
Nov  1 10:59:29 roy-VirtualBox kernel: [    0.759198] ACPI: Power Button [PWRF]
Nov  1 10:59:29 roy-VirtualBox kernel: [    0.759262] input: Sleep Button as /devices/LNXSYSTM:00/LNXSLPBN:00/input/input1
Nov  1 10:59:29 roy-VirtualBox kernel: [    0.759268] ACPI: Sleep Button [SLPF]
Nov  1 10:59:29 roy-VirtualBox kernel: [    0.760305] ACPI: Battery Slot [BAT0] (battery present)
Nov  1 10:59:29 roy-VirtualBox kernel: [    0.760330] Serial: 8250/16550 driver, 32 ports, IRQ sharing enabled
Nov  1 10:59:29 roy-VirtualBox kernel: [    0.761643] Linux agpgart interface v0.103
Nov  1 10:59:29 roy-VirtualBox kernel: [    0.763736] loop: module loaded
Nov  1 10:59:29 roy-VirtualBox kernel: [    0.763818] ata_piix 0000:00:01.1: version 2.13
Nov  1 10:59:29 roy-VirtualBox kernel: [    0.764153] scsi host0: ata_piix
Nov  1 10:59:29 roy-VirtualBox kernel: [    0.764173] scsi host1: ata_piix
Nov  1 10:59:29 roy-VirtualBox kernel: [    0.764280] ata1: PATA max UDMA/33 cmd 0x1f0 ctl 0x3f6 bmdma 0xd000 irq 14
Nov  1 10:59:29 roy-VirtualBox kernel: [    0.764281] ata2: PATA max UDMA/33 cmd 0x170 ctl 0x376 bmdma 0xd008 irq 15
Nov  1 10:59:29 roy-VirtualBox kernel: [    0.764336] libphy: Fixed MDIO Bus: probed
Nov  1 10:59:29 roy-VirtualBox kernel: [    0.764336] tun: Universal TUN/TAP device driver, 1.6
Nov  1 10:59:29 roy-VirtualBox kernel: [    0.764668] PPP generic driver version 2.4.2
Nov  1 10:59:29 roy-VirtualBox kernel: [    0.764716] ehci_hcd: USB 2.0 'Enhanced' Host Controller (EHCI) Driver
Nov  1 10:59:29 roy-VirtualBox kernel: [    0.764718] ehci-pci: EHCI PCI platform driver
Nov  1 10:59:29 roy-VirtualBox kernel: [    0.764724] ehci-platform: EHCI generic platform driver
Nov  1 10:59:29 roy-VirtualBox kernel: [    0.764730] ohci_hcd: USB 1.1 'Open' Host Controller (OHCI) Driver
Nov  1 10:59:29 roy-VirtualBox kernel: [    0.764731] ohci-pci: OHCI PCI platform driver
Nov  1 10:59:29 roy-VirtualBox kernel: [    0.765541] ohci-pci 0000:00:06.0: OHCI PCI host controller
Nov  1 10:59:29 roy-VirtualBox kernel: [    0.765545] ohci-pci 0000:00:06.0: new USB bus registered, assigned bus number 1
Nov  1 10:59:29 roy-VirtualBox kernel: [    0.765595] ohci-pci 0000:00:06.0: irq 22, io mem 0xf0804000
Nov  1 10:59:29 roy-VirtualBox kernel: [    0.824786] usb usb1: New USB device found, idVendor=1d6b, idProduct=0001
Nov  1 10:59:29 roy-VirtualBox kernel: [    0.824787] usb usb1: New USB device strings: Mfr=3, Product=2, SerialNumber=1
Nov  1 10:59:29 roy-VirtualBox kernel: [    0.824789] usb usb1: Product: OHCI PCI host controller
Nov  1 10:59:29 roy-VirtualBox kernel: [    0.824790] usb usb1: Manufacturer: Linux 4.15.0-29-generic ohci_hcd
Nov  1 10:59:29 roy-VirtualBox kernel: [    0.824791] usb usb1: SerialNumber: 0000:00:06.0
Nov  1 10:59:29 roy-VirtualBox kernel: [    0.824881] hub 1-0:1.0: USB hub found
Nov  1 10:59:29 roy-VirtualBox kernel: [    0.824892] hub 1-0:1.0: 12 ports detected
Nov  1 10:59:29 roy-VirtualBox kernel: [    0.825241] ohci-platform: OHCI generic platform driver
Nov  1 10:59:29 roy-VirtualBox kernel: [    0.825250] uhci_hcd: USB Universal Host Controller Interface driver
Nov  1 10:59:29 roy-VirtualBox kernel: [    0.825293] i8042: PNP: PS/2 Controller [PNP0303:PS2K,PNP0f03:PS2M] at 0x60,0x64 irq 1,12
Nov  1 10:59:29 roy-VirtualBox kernel: [    0.825739] serio: i8042 KBD port at 0x60,0x64 irq 1
Nov  1 10:59:29 roy-VirtualBox kernel: [    0.825742] serio: i8042 AUX port at 0x60,0x64 irq 12
Nov  1 10:59:29 roy-VirtualBox kernel: [    0.825815] mousedev: PS/2 mouse device common for all mice
Nov  1 10:59:29 roy-VirtualBox kernel: [    0.826124] input: AT Translated Set 2 keyboard as /devices/platform/i8042/serio0/input/input2
Nov  1 10:59:29 roy-VirtualBox kernel: [    0.826473] rtc_cmos rtc_cmos: rtc core: registered rtc_cmos as rtc0
Nov  1 10:59:29 roy-VirtualBox kernel: [    0.826532] rtc_cmos rtc_cmos: alarms up to one day, 114 bytes nvram
Nov  1 10:59:29 roy-VirtualBox kernel: [    0.826537] i2c /dev entries driver
Nov  1 10:59:29 roy-VirtualBox kernel: [    0.826573] device-mapper: uevent: version 1.0.3
Nov  1 10:59:29 roy-VirtualBox kernel: [    0.826613] device-mapper: ioctl: 4.37.0-ioctl (2017-09-20) initialised: dm-devel@redhat.com
Nov  1 10:59:29 roy-VirtualBox kernel: [    0.826620] ledtrig-cpu: registered to indicate activity on CPUs
Nov  1 10:59:29 roy-VirtualBox kernel: [    0.826711] intel_pmc_core:  initialized
Nov  1 10:59:29 roy-VirtualBox kernel: [    0.826863] NET: Registered protocol family 10
Nov  1 10:59:29 roy-VirtualBox kernel: [    0.829617] Segment Routing with IPv6
Nov  1 10:59:29 roy-VirtualBox kernel: [    0.829632] NET: Registered protocol family 17
Nov  1 10:59:29 roy-VirtualBox kernel: [    0.829655] Key type dns_resolver registered
Nov  1 10:59:29 roy-VirtualBox kernel: [    0.829729] RAS: Correctable Errors collector initialized.
Nov  1 10:59:29 roy-VirtualBox kernel: [    0.829737] sched_clock: Marking stable (828415171, 0)->(1066703128, -238287957)
Nov  1 10:59:29 roy-VirtualBox kernel: [    0.829821] registered taskstats version 1
Nov  1 10:59:29 roy-VirtualBox kernel: [    0.829827] Loading compiled-in X.509 certificates
Nov  1 10:59:29 roy-VirtualBox kernel: [    0.831707] Loaded X.509 cert 'Build time autogenerated kernel key: 1cc37f41791529df57507d3747a6804ab53f482b'
Nov  1 10:59:29 roy-VirtualBox kernel: [    0.831717] zswap: loaded using pool lzo/zbud
Nov  1 10:59:29 roy-VirtualBox kernel: [    0.834473] Key type big_key registered
Nov  1 10:59:29 roy-VirtualBox kernel: [    0.834476] Key type trusted registered
Nov  1 10:59:29 roy-VirtualBox kernel: [    0.835632] Key type encrypted registered
Nov  1 10:59:29 roy-VirtualBox kernel: [    0.835633] AppArmor: AppArmor sha1 policy hashing enabled
Nov  1 10:59:29 roy-VirtualBox kernel: [    0.835635] ima: No TPM chip found, activating TPM-bypass! (rc=-19)
Nov  1 10:59:29 roy-VirtualBox kernel: [    0.835647] evm: HMAC attrs: 0x1
Nov  1 10:59:29 roy-VirtualBox kernel: [    0.835901]   Magic number: 10:33:990
Nov  1 10:59:29 roy-VirtualBox kernel: [    0.835927] memory memory33: hash matches
Nov  1 10:59:29 roy-VirtualBox kernel: [    0.835975] rtc_cmos rtc_cmos: setting system clock to 2018-11-01 14:59:26 UTC (1541084366)
Nov  1 10:59:29 roy-VirtualBox kernel: [    0.836025] BIOS EDD facility v0.16 2004-Jun-25, 0 devices found
Nov  1 10:59:29 roy-VirtualBox kernel: [    0.836026] EDD information not available.
Nov  1 10:59:29 roy-VirtualBox kernel: [    0.924583] ata2.00: ATAPI: VBOX CD-ROM, 1.0, max UDMA/133
Nov  1 10:59:29 roy-VirtualBox kernel: [    0.925025] ata2.00: configured for UDMA/33
Nov  1 10:59:29 roy-VirtualBox kernel: [    0.925572] scsi 1:0:0:0: CD-ROM            VBOX     CD-ROM           1.0  PQ: 0 ANSI: 5
Nov  1 10:59:29 roy-VirtualBox kernel: [    0.948848] sr 1:0:0:0: [sr0] scsi3-mmc drive: 32x/32x xa/form2 tray
Nov  1 10:59:29 roy-VirtualBox kernel: [    0.948849] cdrom: Uniform CD-ROM driver Revision: 3.20
Nov  1 10:59:29 roy-VirtualBox kernel: [    0.948948] sr 1:0:0:0: Attached scsi CD-ROM sr0
Nov  1 10:59:29 roy-VirtualBox kernel: [    0.949099] sr 1:0:0:0: Attached scsi generic sg0 type 5
Nov  1 10:59:29 roy-VirtualBox kernel: [    0.951162] Freeing unused kernel memory: 2408K
Nov  1 10:59:29 roy-VirtualBox kernel: [    0.960431] Write protecting the kernel read-only data: 20480k
Nov  1 10:59:29 roy-VirtualBox kernel: [    0.960767] Freeing unused kernel memory: 2008K
Nov  1 10:59:29 roy-VirtualBox kernel: [    0.964304] Freeing unused kernel memory: 1904K
Nov  1 10:59:29 roy-VirtualBox kernel: [    0.972869] x86/mm: Checked W+X mappings: passed, no W+X pages found.
Nov  1 10:59:29 roy-VirtualBox kernel: [    0.972870] x86/mm: Checking user space page tables
Nov  1 10:59:29 roy-VirtualBox kernel: [    0.981456] x86/mm: Checked W+X mappings: passed, no W+X pages found.
Nov  1 10:59:29 roy-VirtualBox kernel: [    1.082025] ACPI: Video Device [GFX0] (multi-head: yes  rom: no  post: no)
Nov  1 10:59:29 roy-VirtualBox kernel: [    1.082084] input: Video Bus as /devices/LNXSYSTM:00/LNXSYBUS:00/PNP0A03:00/LNXVIDEO:00/input/input4
Nov  1 10:59:29 roy-VirtualBox kernel: [    1.095578] e1000: Intel(R) PRO/1000 Network Driver - version 7.3.21-k8-NAPI
Nov  1 10:59:29 roy-VirtualBox kernel: [    1.095579] e1000: Copyright (c) 1999-2006 Intel Corporation.
Nov  1 10:59:29 roy-VirtualBox kernel: [    1.281894] usb 1-1: new full-speed USB device number 2 using ohci-pci
Nov  1 10:59:29 roy-VirtualBox kernel: [    1.314029] input: ImExPS/2 Generic Explorer Mouse as /devices/platform/i8042/serio1/input/input5
Nov  1 10:59:29 roy-VirtualBox kernel: [    1.508048] e1000 0000:00:03.0 eth0: (PCI:33MHz:32-bit) 08:00:27:6a:e1:23
Nov  1 10:59:29 roy-VirtualBox kernel: [    1.508054] e1000 0000:00:03.0 eth0: Intel(R) PRO/1000 Network Connection
Nov  1 10:59:29 roy-VirtualBox kernel: [    1.508272] piix4_smbus 0000:00:07.0: SMBus Host Controller at 0x4100, revision 0
Nov  1 10:59:29 roy-VirtualBox kernel: [    1.508654] ahci 0000:00:0d.0: version 3.0
Nov  1 10:59:29 roy-VirtualBox kernel: [    1.509832] ahci 0000:00:0d.0: SSS flag set, parallel bus scan disabled
Nov  1 10:59:29 roy-VirtualBox kernel: [    1.510031] ahci 0000:00:0d.0: AHCI 0001.0100 32 slots 1 ports 3 Gbps 0x1 impl SATA mode
Nov  1 10:59:29 roy-VirtualBox kernel: [    1.510046] ahci 0000:00:0d.0: flags: 64bit ncq stag only ccc 
Nov  1 10:59:29 roy-VirtualBox kernel: [    1.512818] e1000 0000:00:03.0 enp0s3: renamed from eth0
Nov  1 10:59:29 roy-VirtualBox kernel: [    1.514882] scsi host2: ahci
Nov  1 10:59:29 roy-VirtualBox kernel: [    1.514985] ata3: SATA max UDMA/133 abar m8192@0xf0806000 port 0xf0806100 irq 21
Nov  1 10:59:29 roy-VirtualBox systemd[1]: Starting Flush Journal to Persistent Storage...
Nov  1 10:59:29 roy-VirtualBox systemd[1]: Started Create list of required static device nodes for the current kernel.
Nov  1 10:59:29 roy-VirtualBox systemd[1]: Started Load/Save Random Seed.
Nov  1 10:59:29 roy-VirtualBox systemd[1]: Starting Create Static Device Nodes in /dev...
Nov  1 10:59:29 roy-VirtualBox systemd-modules-load[209]: Inserted module 'lp'
Nov  1 10:59:29 roy-VirtualBox systemd-modules-load[209]: Inserted module 'ppdev'
Nov  1 10:59:29 roy-VirtualBox systemd-modules-load[209]: Inserted module 'parport_pc'
Nov  1 10:59:29 roy-VirtualBox systemd[1]: Started Load Kernel Modules.
Nov  1 10:59:29 roy-VirtualBox systemd[1]: Mounting Kernel Configuration File System...
Nov  1 10:59:29 roy-VirtualBox systemd[1]: Mounting FUSE Control File System...
Nov  1 10:59:29 roy-VirtualBox systemd[1]: Starting Apply Kernel Variables...
Nov  1 10:59:29 roy-VirtualBox systemd[1]: Started Create Static Device Nodes in /dev.
Nov  1 10:59:29 roy-VirtualBox systemd[1]: Started udev Coldplug all Devices.
Nov  1 10:59:29 roy-VirtualBox systemd[1]: Mounted Kernel Configuration File System.
Nov  1 10:59:29 roy-VirtualBox systemd[1]: Mounted FUSE Control File System.
Nov  1 10:59:29 roy-VirtualBox systemd[1]: Starting udev Kernel Device Manager...
Nov  1 10:59:29 roy-VirtualBox systemd[1]: Started Apply Kernel Variables.
Nov  1 10:59:29 roy-VirtualBox systemd[1]: Started Flush Journal to Persistent Storage.
Nov  1 10:59:29 roy-VirtualBox systemd[1]: Activated swap /swapfile.
Nov  1 10:59:29 roy-VirtualBox systemd[1]: Reached target Swap.
Nov  1 10:59:29 roy-VirtualBox systemd[1]: Started udev Kernel Device Manager.
Nov  1 10:59:29 roy-VirtualBox systemd[1]: Started Set the console keyboard layout.
Nov  1 10:59:29 roy-VirtualBox systemd[1]: Reached target Local File Systems (Pre).
Nov  1 10:59:29 roy-VirtualBox systemd[1]: Mounting Mount unit for gnome-logs, revision 37...
Nov  1 10:59:29 roy-VirtualBox systemd[1]: Mounting Mount unit for gnome-3-26-1604, revision 70...
Nov  1 10:59:29 roy-VirtualBox systemd[1]: Reached target Local File Systems.
Nov  1 10:59:29 roy-VirtualBox systemd[1]: Starting AppArmor initialization...
Nov  1 10:59:29 roy-VirtualBox systemd[1]: Starting Create Volatile Files and Directories...
Nov  1 10:59:29 roy-VirtualBox systemd[1]: Starting Tell Plymouth To Write Out Runtime Data...
Nov  1 10:59:29 roy-VirtualBox systemd[1]: Starting Clean up any mess left by 0dns-up...
Nov  1 10:59:29 roy-VirtualBox systemd[1]: Starting Set console font and keymap...
Nov  1 10:59:29 roy-VirtualBox systemd[1]: Mounting Mount unit for gnome-calculator, revision 180...
