Oct 29 18:04:54 roy-VirtualBox kernel: [    0.000000] Linux version 4.15.0-29-generic (buildd@lgw01-amd64-057) (gcc version 7.3.0 (Ubuntu 7.3.0-16ubuntu3)) #31-Ubuntu SMP Tue Jul 17 15:39:52 UTC 2018 (Ubuntu 4.15.0-29.31-generic 4.15.18)
Oct 29 18:04:54 roy-VirtualBox kernel: [    0.000000] Command line: BOOT_IMAGE=/boot/vmlinuz-4.15.0-29-generic root=UUID=aa4d5d87-6944-4c2d-87fd-6794d89ce045 ro quiet splash
Oct 29 18:04:54 roy-VirtualBox kernel: [    0.000000] KERNEL supported cpus:
Oct 29 18:04:54 roy-VirtualBox kernel: [    0.000000]   Intel GenuineIntel
Oct 29 18:04:54 roy-VirtualBox kernel: [    0.000000]   AMD AuthenticAMD
Oct 29 18:04:54 roy-VirtualBox kernel: [    0.000000]   Centaur CentaurHauls
Oct 29 18:04:54 roy-VirtualBox kernel: [    0.000000] x86/fpu: Supporting XSAVE feature 0x001: 'x87 floating point registers'
Oct 29 18:04:54 roy-VirtualBox kernel: [    0.000000] x86/fpu: Supporting XSAVE feature 0x002: 'SSE registers'
Oct 29 18:04:54 roy-VirtualBox kernel: [    0.000000] x86/fpu: Supporting XSAVE feature 0x004: 'AVX registers'
Oct 29 18:04:54 roy-VirtualBox kernel: [    0.000000] x86/fpu: xstate_offset[2]:  576, xstate_sizes[2]:  256
Oct 29 18:04:54 roy-VirtualBox kernel: [    0.000000] x86/fpu: Enabled xstate features 0x7, context size is 832 bytes, using 'standard' format.
Oct 29 18:04:54 roy-VirtualBox kernel: [    0.000000] e820: BIOS-provided physical RAM map:
Oct 29 18:04:54 roy-VirtualBox kernel: [    0.000000] BIOS-e820: [mem 0x0000000000000000-0x000000000009fbff] usable
Oct 29 18:04:54 roy-VirtualBox kernel: [    0.000000] BIOS-e820: [mem 0x000000000009fc00-0x000000000009ffff] reserved
Oct 29 18:04:54 roy-VirtualBox kernel: [    0.000000] BIOS-e820: [mem 0x00000000000f0000-0x00000000000fffff] reserved
Oct 29 18:04:54 roy-VirtualBox kernel: [    0.000000] BIOS-e820: [mem 0x0000000000100000-0x00000000dffeffff] usable
Oct 29 18:04:54 roy-VirtualBox kernel: [    0.000000] BIOS-e820: [mem 0x00000000dfff0000-0x00000000dfffffff] ACPI data
Oct 29 18:04:54 roy-VirtualBox kernel: [    0.000000] BIOS-e820: [mem 0x00000000fec00000-0x00000000fec00fff] reserved
Oct 29 18:04:54 roy-VirtualBox kernel: [    0.000000] BIOS-e820: [mem 0x00000000fee00000-0x00000000fee00fff] reserved
Oct 29 18:04:54 roy-VirtualBox kernel: [    0.000000] BIOS-e820: [mem 0x00000000fffc0000-0x00000000ffffffff] reserved
Oct 29 18:04:54 roy-VirtualBox kernel: [    0.000000] BIOS-e820: [mem 0x0000000100000000-0x000000011fffffff] usable
Oct 29 18:04:54 roy-VirtualBox kernel: [    0.000000] NX (Execute Disable) protection: active
Oct 29 18:04:54 roy-VirtualBox kernel: [    0.000000] SMBIOS 2.5 present.
Oct 29 18:04:54 roy-VirtualBox kernel: [    0.000000] DMI: innotek GmbH VirtualBox/VirtualBox, BIOS VirtualBox 12/01/2006
Oct 29 18:04:54 roy-VirtualBox kernel: [    0.000000] Hypervisor detected: KVM
Oct 29 18:04:54 roy-VirtualBox kernel: [    0.000000] e820: update [mem 0x00000000-0x00000fff] usable ==> reserved
Oct 29 18:04:54 roy-VirtualBox kernel: [    0.000000] e820: remove [mem 0x000a0000-0x000fffff] usable
Oct 29 18:04:54 roy-VirtualBox kernel: [    0.000000] e820: last_pfn = 0x120000 max_arch_pfn = 0x400000000
Oct 29 18:04:54 roy-VirtualBox kernel: [    0.000000] MTRR default type: uncachable
Oct 29 18:04:54 roy-VirtualBox kernel: [    0.000000] MTRR variable ranges disabled:
Oct 29 18:04:54 roy-VirtualBox kernel: [    0.000000] MTRR: Disabled
Oct 29 18:04:54 roy-VirtualBox kernel: [    0.000000] x86/PAT: MTRRs disabled, skipping PAT initialization too.
Oct 29 18:04:54 roy-VirtualBox kernel: [    0.000000] CPU MTRRs all blank - virtualized system.
Oct 29 18:04:54 roy-VirtualBox kernel: [    0.000000] x86/PAT: Configuration [0-7]: WB  WT  UC- UC  WB  WT  UC- UC  
Oct 29 18:04:54 roy-VirtualBox kernel: [    0.000000] e820: last_pfn = 0xdfff0 max_arch_pfn = 0x400000000
Oct 29 18:04:54 roy-VirtualBox kernel: [    0.000000] found SMP MP-table at [mem 0x0009fff0-0x0009ffff] mapped at [        (ptrval)]
Oct 29 18:04:54 roy-VirtualBox kernel: [    0.000000] Scanning 1 areas for low memory corruption
Oct 29 18:04:54 roy-VirtualBox kernel: [    0.000000] Base memory trampoline at [        (ptrval)] 99000 size 24576
Oct 29 18:04:54 roy-VirtualBox kernel: [    0.000000] BRK [0x7d73f000, 0x7d73ffff] PGTABLE
Oct 29 18:04:54 roy-VirtualBox kernel: [    0.000000] BRK [0x7d740000, 0x7d740fff] PGTABLE
Oct 29 18:04:54 roy-VirtualBox kernel: [    0.000000] BRK [0x7d741000, 0x7d741fff] PGTABLE
Oct 29 18:04:54 roy-VirtualBox kernel: [    0.000000] BRK [0x7d742000, 0x7d742fff] PGTABLE
Oct 29 18:04:54 roy-VirtualBox kernel: [    0.000000] BRK [0x7d743000, 0x7d743fff] PGTABLE
Oct 29 18:04:54 roy-VirtualBox kernel: [    0.000000] RAMDISK: [mem 0x318c3000-0x34c58fff]
Oct 29 18:04:54 roy-VirtualBox kernel: [    0.000000] ACPI: Early table checksum verification disabled
Oct 29 18:04:54 roy-VirtualBox kernel: [    0.000000] ACPI: RSDP 0x00000000000E0000 000024 (v02 VBOX  )
Oct 29 18:04:54 roy-VirtualBox kernel: [    0.000000] ACPI: XSDT 0x00000000DFFF0030 00003C (v01 VBOX   VBOXXSDT 00000001 ASL  00000061)
Oct 29 18:04:54 roy-VirtualBox kernel: [    0.000000] ACPI: FACP 0x00000000DFFF00F0 0000F4 (v04 VBOX   VBOXFACP 00000001 ASL  00000061)
Oct 29 18:04:54 roy-VirtualBox kernel: [    0.000000] ACPI: DSDT 0x00000000DFFF0470 0021FF (v02 VBOX   VBOXBIOS 00000002 INTL 20100528)
Oct 29 18:04:54 roy-VirtualBox kernel: [    0.000000] ACPI: FACS 0x00000000DFFF0200 000040
Oct 29 18:04:54 roy-VirtualBox kernel: [    0.000000] ACPI: FACS 0x00000000DFFF0200 000040
Oct 29 18:04:54 roy-VirtualBox kernel: [    0.000000] ACPI: APIC 0x00000000DFFF0240 000054 (v02 VBOX   VBOXAPIC 00000001 ASL  00000061)
Oct 29 18:04:54 roy-VirtualBox kernel: [    0.000000] ACPI: SSDT 0x00000000DFFF02A0 0001CC (v01 VBOX   VBOXCPUT 00000002 INTL 20100528)
Oct 29 18:04:54 roy-VirtualBox kernel: [    0.000000] ACPI: Local APIC address 0xfee00000
Oct 29 18:04:54 roy-VirtualBox kernel: [    0.000000] No NUMA configuration found
Oct 29 18:04:54 roy-VirtualBox kernel: [    0.000000] Faking a node at [mem 0x0000000000000000-0x000000011fffffff]
Oct 29 18:04:54 roy-VirtualBox kernel: [    0.000000] NODE_DATA(0) allocated [mem 0x11ffd1000-0x11fffbfff]
Oct 29 18:04:54 roy-VirtualBox kernel: [    0.000000] kvm-clock: cpu 0, msr 1:1ff50001, primary cpu clock
Oct 29 18:04:54 roy-VirtualBox kernel: [    0.000000] kvm-clock: Using msrs 4b564d01 and 4b564d00
Oct 29 18:04:54 roy-VirtualBox kernel: [    0.000000] kvm-clock: using sched offset of 857921824563 cycles
Oct 29 18:04:54 roy-VirtualBox kernel: [    0.000000] clocksource: kvm-clock: mask: 0xffffffffffffffff max_cycles: 0x1cd42e4dffb, max_idle_ns: 881590591483 ns
Oct 29 18:04:54 roy-VirtualBox kernel: [    0.000000] Zone ranges:
Oct 29 18:04:54 roy-VirtualBox kernel: [    0.000000]   DMA      [mem 0x0000000000001000-0x0000000000ffffff]
Oct 29 18:04:54 roy-VirtualBox kernel: [    0.000000]   DMA32    [mem 0x0000000001000000-0x00000000ffffffff]
Oct 29 18:04:54 roy-VirtualBox kernel: [    0.000000]   Normal   [mem 0x0000000100000000-0x000000011fffffff]
Oct 29 18:04:54 roy-VirtualBox kernel: [    0.000000]   Device   empty
Oct 29 18:04:54 roy-VirtualBox kernel: [    0.000000] Movable zone start for each node
Oct 29 18:04:54 roy-VirtualBox kernel: [    0.000000] Early memory node ranges
Oct 29 18:04:54 roy-VirtualBox kernel: [    0.000000]   node   0: [mem 0x0000000000001000-0x000000000009efff]
Oct 29 18:04:54 roy-VirtualBox kernel: [    0.000000]   node   0: [mem 0x0000000000100000-0x00000000dffeffff]
Oct 29 18:04:54 roy-VirtualBox kernel: [    0.000000]   node   0: [mem 0x0000000100000000-0x000000011fffffff]
Oct 29 18:04:54 roy-VirtualBox kernel: [    0.000000] Initmem setup node 0 [mem 0x0000000000001000-0x000000011fffffff]
Oct 29 18:04:54 roy-VirtualBox kernel: [    0.000000] On node 0 totalpages: 1048462
Oct 29 18:04:54 roy-VirtualBox kernel: [    0.000000]   DMA zone: 64 pages used for memmap
Oct 29 18:04:54 roy-VirtualBox kernel: [    0.000000]   DMA zone: 21 pages reserved
Oct 29 18:04:54 roy-VirtualBox kernel: [    0.000000]   DMA zone: 3998 pages, LIFO batch:0
Oct 29 18:04:54 roy-VirtualBox kernel: [    0.000000]   DMA32 zone: 14272 pages used for memmap
Oct 29 18:04:54 roy-VirtualBox kernel: [    0.000000]   DMA32 zone: 913392 pages, LIFO batch:31
Oct 29 18:04:54 roy-VirtualBox kernel: [    0.000000]   Normal zone: 2048 pages used for memmap
Oct 29 18:04:54 roy-VirtualBox kernel: [    0.000000]   Normal zone: 131072 pages, LIFO batch:31
Oct 29 18:04:54 roy-VirtualBox kernel: [    0.000000] Reserved but unavailable: 98 pages
Oct 29 18:04:54 roy-VirtualBox kernel: [    0.000000] ACPI: PM-Timer IO Port: 0x4008
Oct 29 18:04:54 roy-VirtualBox kernel: [    0.000000] ACPI: Local APIC address 0xfee00000
Oct 29 18:04:54 roy-VirtualBox kernel: [    0.000000] IOAPIC[0]: apic_id 1, version 32, address 0xfec00000, GSI 0-23
Oct 29 18:04:54 roy-VirtualBox kernel: [    0.000000] ACPI: INT_SRC_OVR (bus 0 bus_irq 0 global_irq 2 dfl dfl)
Oct 29 18:04:54 roy-VirtualBox kernel: [    0.000000] ACPI: INT_SRC_OVR (bus 0 bus_irq 9 global_irq 9 low level)
Oct 29 18:04:54 roy-VirtualBox kernel: [    0.000000] ACPI: IRQ0 used by override.
Oct 29 18:04:54 roy-VirtualBox kernel: [    0.000000] ACPI: IRQ9 used by override.
Oct 29 18:04:54 roy-VirtualBox kernel: [    0.000000] Using ACPI (MADT) for SMP configuration information
Oct 29 18:04:54 roy-VirtualBox kernel: [    0.000000] smpboot: Allowing 1 CPUs, 0 hotplug CPUs
Oct 29 18:04:54 roy-VirtualBox kernel: [    0.000000] PM: Registered nosave memory: [mem 0x00000000-0x00000fff]
Oct 29 18:04:54 roy-VirtualBox kernel: [    0.000000] PM: Registered nosave memory: [mem 0x0009f000-0x0009ffff]
Oct 29 18:04:54 roy-VirtualBox kernel: [    0.000000] PM: Registered nosave memory: [mem 0x000a0000-0x000effff]
Oct 29 18:04:54 roy-VirtualBox kernel: [    0.000000] PM: Registered nosave memory: [mem 0x000f0000-0x000fffff]
Oct 29 18:04:54 roy-VirtualBox kernel: [    0.000000] PM: Registered nosave memory: [mem 0xdfff0000-0xdfffffff]
Oct 29 18:04:54 roy-VirtualBox kernel: [    0.000000] PM: Registered nosave memory: [mem 0xe0000000-0xfebfffff]
Oct 29 18:04:54 roy-VirtualBox kernel: [    0.000000] PM: Registered nosave memory: [mem 0xfec00000-0xfec00fff]
Oct 29 18:04:54 roy-VirtualBox kernel: [    0.000000] PM: Registered nosave memory: [mem 0xfec01000-0xfedfffff]
Oct 29 18:04:54 roy-VirtualBox kernel: [    0.000000] PM: Registered nosave memory: [mem 0xfee00000-0xfee00fff]
Oct 29 18:04:54 roy-VirtualBox kernel: [    0.000000] PM: Registered nosave memory: [mem 0xfee01000-0xfffbffff]
Oct 29 18:04:54 roy-VirtualBox kernel: [    0.000000] PM: Registered nosave memory: [mem 0xfffc0000-0xffffffff]
Oct 29 18:04:54 roy-VirtualBox kernel: [    0.000000] e820: [mem 0xe0000000-0xfebfffff] available for PCI devices
Oct 29 18:04:54 roy-VirtualBox kernel: [    0.000000] Booting paravirtualized kernel on KVM
Oct 29 18:04:54 roy-VirtualBox kernel: [    0.000000] clocksource: refined-jiffies: mask: 0xffffffff max_cycles: 0xffffffff, max_idle_ns: 7645519600211568 ns
Oct 29 18:04:54 roy-VirtualBox kernel: [    0.000000] random: get_random_bytes called from start_kernel+0x99/0x4fd with crng_init=0
Oct 29 18:04:54 roy-VirtualBox kernel: [    0.000000] setup_percpu: NR_CPUS:8192 nr_cpumask_bits:1 nr_cpu_ids:1 nr_node_ids:1
Oct 29 18:04:54 roy-VirtualBox kernel: [    0.000000] percpu: Embedded 46 pages/cpu @        (ptrval) s151552 r8192 d28672 u2097152
Oct 29 18:04:54 roy-VirtualBox kernel: [    0.000000] pcpu-alloc: s151552 r8192 d28672 u2097152 alloc=1*2097152
Oct 29 18:04:54 roy-VirtualBox kernel: [    0.000000] pcpu-alloc: [0] 0 
Oct 29 18:04:54 roy-VirtualBox kernel: [    0.000000] PV qspinlock hash table entries: 256 (order: 0, 4096 bytes)
Oct 29 18:04:54 roy-VirtualBox kernel: [    0.000000] Built 1 zonelists, mobility grouping on.  Total pages: 1032057
Oct 29 18:04:54 roy-VirtualBox kernel: [    0.000000] Policy zone: Normal
Oct 29 18:04:54 roy-VirtualBox kernel: [    0.000000] Kernel command line: BOOT_IMAGE=/boot/vmlinuz-4.15.0-29-generic root=UUID=aa4d5d87-6944-4c2d-87fd-6794d89ce045 ro quiet splash
Oct 29 18:04:54 roy-VirtualBox kernel: [    0.000000] Calgary: detecting Calgary via BIOS EBDA area
Oct 29 18:04:54 roy-VirtualBox kernel: [    0.000000] Calgary: Unable to locate Rio Grande table in EBDA - bailing!
Oct 29 18:04:54 roy-VirtualBox kernel: [    0.000000] Memory: 3980552K/4193848K available (12300K kernel code, 2470K rwdata, 4240K rodata, 2408K init, 2416K bss, 213296K reserved, 0K cma-reserved)
Oct 29 18:04:54 roy-VirtualBox kernel: [    0.000000] SLUB: HWalign=64, Order=0-3, MinObjects=0, CPUs=1, Nodes=1
Oct 29 18:04:54 roy-VirtualBox kernel: [    0.000000] Kernel/User page tables isolation: enabled
Oct 29 18:04:54 roy-VirtualBox kernel: [    0.000000] ftrace: allocating 39092 entries in 153 pages
Oct 29 18:04:54 roy-VirtualBox kernel: [    0.004000] Hierarchical RCU implementation.
Oct 29 18:04:54 roy-VirtualBox kernel: [    0.004000] 	RCU restricting CPUs from NR_CPUS=8192 to nr_cpu_ids=1.
Oct 29 18:04:54 roy-VirtualBox kernel: [    0.004000] 	Tasks RCU enabled.
Oct 29 18:04:54 roy-VirtualBox kernel: [    0.004000] RCU: Adjusting geometry for rcu_fanout_leaf=16, nr_cpu_ids=1
Oct 29 18:04:54 roy-VirtualBox kernel: [    0.004000] NR_IRQS: 524544, nr_irqs: 256, preallocated irqs: 16
Oct 29 18:04:54 roy-VirtualBox kernel: [    0.004000] Console: colour VGA+ 80x25
Oct 29 18:04:54 roy-VirtualBox kernel: [    0.004000] console [tty0] enabled
Oct 29 18:04:54 roy-VirtualBox kernel: [    0.004000] ACPI: Core revision 20170831
Oct 29 18:04:54 roy-VirtualBox kernel: [    0.004000] ACPI: 2 ACPI AML tables successfully acquired and loaded
Oct 29 18:04:54 roy-VirtualBox kernel: [    0.004000] APIC: Switch to symmetric I/O mode setup
Oct 29 18:04:54 roy-VirtualBox kernel: [    0.004000] x2apic enabled
Oct 29 18:04:54 roy-VirtualBox kernel: [    0.004000] Switched APIC routing to physical x2apic.
Oct 29 18:04:54 roy-VirtualBox kernel: [    0.004000] ..TIMER: vector=0x30 apic1=0 pin1=2 apic2=-1 pin2=-1
Oct 29 18:04:54 roy-VirtualBox kernel: [    0.004000] tsc: Detected 1992.001 MHz processor
Oct 29 18:04:54 roy-VirtualBox kernel: [    0.004000] Calibrating delay loop (skipped) preset value.. 3984.00 BogoMIPS (lpj=7968004)
Oct 29 18:04:54 roy-VirtualBox kernel: [    0.004000] pid_max: default: 32768 minimum: 301
Oct 29 18:04:54 roy-VirtualBox kernel: [    0.004000] Security Framework initialized
Oct 29 18:04:54 roy-VirtualBox kernel: [    0.004000] Yama: becoming mindful.
Oct 29 18:04:54 roy-VirtualBox kernel: [    0.004000] AppArmor: AppArmor initialized
Oct 29 18:04:54 roy-VirtualBox kernel: [    0.004000] Dentry cache hash table entries: 524288 (order: 10, 4194304 bytes)
Oct 29 18:04:54 roy-VirtualBox kernel: [    0.004000] Inode-cache hash table entries: 262144 (order: 9, 2097152 bytes)
Oct 29 18:04:54 roy-VirtualBox kernel: [    0.004000] Mount-cache hash table entries: 8192 (order: 4, 65536 bytes)
Oct 29 18:04:54 roy-VirtualBox kernel: [    0.004000] Mountpoint-cache hash table entries: 8192 (order: 4, 65536 bytes)
Oct 29 18:04:54 roy-VirtualBox kernel: [    0.004000] CPU: Physical Processor ID: 0
Oct 29 18:04:54 roy-VirtualBox kernel: [    0.004000] mce: CPU supports 0 MCE banks
Oct 29 18:04:54 roy-VirtualBox kernel: [    0.004000] process: using mwait in idle threads
Oct 29 18:04:54 roy-VirtualBox kernel: [    0.004000] Last level iTLB entries: 4KB 64, 2MB 8, 4MB 8
Oct 29 18:04:54 roy-VirtualBox kernel: [    0.004000] Last level dTLB entries: 4KB 64, 2MB 0, 4MB 0, 1GB 4
Oct 29 18:04:54 roy-VirtualBox kernel: [    0.004000] Spectre V2 : Mitigation: Full generic retpoline
Oct 29 18:04:54 roy-VirtualBox kernel: [    0.004000] Spectre V2 : Spectre v2 mitigation: Filling RSB on context switch
Oct 29 18:04:54 roy-VirtualBox kernel: [    0.004000] Speculative Store Bypass: Vulnerable
Oct 29 18:04:54 roy-VirtualBox kernel: [    0.018384] Freeing SMP alternatives memory: 36K
Oct 29 18:04:54 roy-VirtualBox kernel: [    0.020000] smpboot: CPU0: Intel(R) Core(TM) i7-8550U CPU @ 1.80GHz (family: 0x6, model: 0x8e, stepping: 0xa)
Oct 29 18:04:54 roy-VirtualBox kernel: [    0.020000] Performance Events: unsupported p6 CPU model 142 no PMU driver, software events only.
Oct 29 18:04:54 roy-VirtualBox kernel: [    0.020000] Hierarchical SRCU implementation.
Oct 29 18:04:54 roy-VirtualBox kernel: [    0.020000] NMI watchdog: Perf event create on CPU 0 failed with -2
Oct 29 18:04:54 roy-VirtualBox kernel: [    0.020000] NMI watchdog: Perf NMI watchdog permanently disabled
Oct 29 18:04:54 roy-VirtualBox kernel: [    0.020000] smp: Bringing up secondary CPUs ...
Oct 29 18:04:54 roy-VirtualBox kernel: [    0.020000] smp: Brought up 1 node, 1 CPU
Oct 29 18:04:54 roy-VirtualBox kernel: [    0.020000] smpboot: Max logical packages: 1
Oct 29 18:04:54 roy-VirtualBox kernel: [    0.020000] smpboot: Total of 1 processors activated (3984.00 BogoMIPS)
Oct 29 18:04:54 roy-VirtualBox kernel: [    0.020000] devtmpfs: initialized
Oct 29 18:04:54 roy-VirtualBox kernel: [    0.020000] x86/mm: Memory block size: 128MB
Oct 29 18:04:54 roy-VirtualBox kernel: [    0.020000] evm: security.selinux
Oct 29 18:04:54 roy-VirtualBox kernel: [    0.020000] evm: security.SMACK64
Oct 29 18:04:54 roy-VirtualBox kernel: [    0.020000] evm: security.SMACK64EXEC
Oct 29 18:04:54 roy-VirtualBox kernel: [    0.020000] evm: security.SMACK64TRANSMUTE
Oct 29 18:04:54 roy-VirtualBox kernel: [    0.020000] evm: security.SMACK64MMAP
Oct 29 18:04:54 roy-VirtualBox kernel: [    0.020000] evm: security.apparmor
Oct 29 18:04:54 roy-VirtualBox kernel: [    0.020000] evm: security.ima
Oct 29 18:04:54 roy-VirtualBox kernel: [    0.020000] evm: security.capability
Oct 29 18:04:54 roy-VirtualBox kernel: [    0.020000] clocksource: jiffies: mask: 0xffffffff max_cycles: 0xffffffff, max_idle_ns: 7645041785100000 ns
Oct 29 18:04:54 roy-VirtualBox kernel: [    0.020000] futex hash table entries: 256 (order: 2, 16384 bytes)
Oct 29 18:04:54 roy-VirtualBox kernel: [    0.020000] pinctrl core: initialized pinctrl subsystem
Oct 29 18:04:54 roy-VirtualBox kernel: [    0.020000] RTC time: 22:04:50, date: 10/29/18
Oct 29 18:04:54 roy-VirtualBox kernel: [    0.020000] NET: Registered protocol family 16
Oct 29 18:04:54 roy-VirtualBox kernel: [    0.020000] audit: initializing netlink subsys (disabled)
Oct 29 18:04:54 roy-VirtualBox kernel: [    0.020000] cpuidle: using governor ladder
Oct 29 18:04:54 roy-VirtualBox kernel: [    0.020000] cpuidle: using governor menu
Oct 29 18:04:54 roy-VirtualBox kernel: [    0.020000] ACPI: bus type PCI registered
Oct 29 18:04:54 roy-VirtualBox kernel: [    0.020000] acpiphp: ACPI Hot Plug PCI Controller Driver version: 0.5
Oct 29 18:04:54 roy-VirtualBox kernel: [    0.020000] PCI: Using configuration type 1 for base access
Oct 29 18:04:54 roy-VirtualBox kernel: [    0.020000] audit: type=2000 audit(1540851547.921:1): state=initialized audit_enabled=0 res=1
Oct 29 18:04:54 roy-VirtualBox kernel: [    0.020000] HugeTLB registered 2.00 MiB page size, pre-allocated 0 pages
Oct 29 18:04:54 roy-VirtualBox kernel: [    0.020000] ACPI: Added _OSI(Module Device)
Oct 29 18:04:54 roy-VirtualBox kernel: [    0.020000] ACPI: Added _OSI(Processor Device)
Oct 29 18:04:54 roy-VirtualBox kernel: [    0.020000] ACPI: Added _OSI(3.0 _SCP Extensions)
Oct 29 18:04:54 roy-VirtualBox kernel: [    0.020000] ACPI: Added _OSI(Processor Aggregator Device)
Oct 29 18:04:54 roy-VirtualBox kernel: [    0.020000] ACPI: Added _OSI(Linux-Dell-Video)
Oct 29 18:04:54 roy-VirtualBox kernel: [    0.020000] ACPI: Executed 1 blocks of module-level executable AML code
Oct 29 18:04:54 roy-VirtualBox kernel: [    0.024067] ACPI: Interpreter enabled
Oct 29 18:04:54 roy-VirtualBox kernel: [    0.024078] ACPI: (supports S0 S5)
Oct 29 18:04:54 roy-VirtualBox kernel: [    0.024079] ACPI: Using IOAPIC for interrupt routing
Oct 29 18:04:54 roy-VirtualBox kernel: [    0.024407] PCI: Using host bridge windows from ACPI; if necessary, use "pci=nocrs" and report a bug
Oct 29 18:04:54 roy-VirtualBox kernel: [    0.024615] ACPI: Enabled 2 GPEs in block 00 to 07
Oct 29 18:04:54 roy-VirtualBox kernel: [    0.033837] ACPI: PCI Root Bridge [PCI0] (domain 0000 [bus 00-ff])
Oct 29 18:04:54 roy-VirtualBox kernel: [    0.033842] acpi PNP0A03:00: _OSC: OS supports [ASPM ClockPM Segments MSI]
Oct 29 18:04:54 roy-VirtualBox kernel: [    0.033867] acpi PNP0A03:00: _OSC: not requesting OS control; OS requires [ExtendedConfig ASPM ClockPM MSI]
Oct 29 18:04:54 roy-VirtualBox kernel: [    0.033876] acpi PNP0A03:00: fail to add MMCONFIG information, can't access extended PCI configuration space under this bridge.
Oct 29 18:04:54 roy-VirtualBox kernel: [    0.034305] PCI host bridge to bus 0000:00
Oct 29 18:04:54 roy-VirtualBox kernel: [    0.034307] pci_bus 0000:00: root bus resource [io  0x0000-0x0cf7 window]
Oct 29 18:04:54 roy-VirtualBox kernel: [    0.034309] pci_bus 0000:00: root bus resource [io  0x0d00-0xffff window]
Oct 29 18:04:54 roy-VirtualBox kernel: [    0.034310] pci_bus 0000:00: root bus resource [mem 0x000a0000-0x000bffff window]
Oct 29 18:04:54 roy-VirtualBox kernel: [    0.034312] pci_bus 0000:00: root bus resource [mem 0xe0000000-0xfdffffff window]
Oct 29 18:04:54 roy-VirtualBox kernel: [    0.034313] pci_bus 0000:00: root bus resource [bus 00-ff]
Oct 29 18:04:54 roy-VirtualBox kernel: [    0.034364] pci 0000:00:00.0: [8086:1237] type 00 class 0x060000
Oct 29 18:04:54 roy-VirtualBox kernel: [    0.035094] pci 0000:00:01.0: [8086:7000] type 00 class 0x060100
Oct 29 18:04:54 roy-VirtualBox kernel: [    0.035958] pci 0000:00:01.1: [8086:7111] type 00 class 0x01018a
Oct 29 18:04:54 roy-VirtualBox kernel: [    0.036478] pci 0000:00:01.1: reg 0x20: [io  0xd000-0xd00f]
Oct 29 18:04:54 roy-VirtualBox kernel: [    0.036675] pci 0000:00:01.1: legacy IDE quirk: reg 0x10: [io  0x01f0-0x01f7]
Oct 29 18:04:54 roy-VirtualBox kernel: [    0.036677] pci 0000:00:01.1: legacy IDE quirk: reg 0x14: [io  0x03f6]
Oct 29 18:04:54 roy-VirtualBox kernel: [    0.036678] pci 0000:00:01.1: legacy IDE quirk: reg 0x18: [io  0x0170-0x0177]
Oct 29 18:04:54 roy-VirtualBox kernel: [    0.036679] pci 0000:00:01.1: legacy IDE quirk: reg 0x1c: [io  0x0376]
Oct 29 18:04:54 roy-VirtualBox kernel: [    0.036962] pci 0000:00:02.0: [80ee:beef] type 00 class 0x030000
Oct 29 18:04:54 roy-VirtualBox kernel: [    0.039250] pci 0000:00:02.0: reg 0x10: [mem 0xe0000000-0xe0ffffff pref]
Oct 29 18:04:54 roy-VirtualBox kernel: [    0.050810] pci 0000:00:03.0: [8086:100e] type 00 class 0x020000
Oct 29 18:04:54 roy-VirtualBox kernel: [    0.053795] pci 0000:00:03.0: reg 0x10: [mem 0xf0000000-0xf001ffff]
Oct 29 18:04:54 roy-VirtualBox kernel: [    0.056131] pci 0000:00:03.0: reg 0x18: [io  0xd010-0xd017]
Oct 29 18:04:54 roy-VirtualBox kernel: [    0.064059] pci 0000:00:04.0: [80ee:cafe] type 00 class 0x088000
Oct 29 18:04:54 roy-VirtualBox kernel: [    0.065755] pci 0000:00:04.0: reg 0x10: [io  0xd020-0xd03f]
Oct 29 18:04:54 roy-VirtualBox kernel: [    0.067383] pci 0000:00:04.0: reg 0x14: [mem 0xf0400000-0xf07fffff]
Oct 29 18:04:54 roy-VirtualBox kernel: [    0.068126] pci 0000:00:04.0: reg 0x18: [mem 0xf0800000-0xf0803fff pref]
Oct 29 18:04:54 roy-VirtualBox kernel: [    0.076471] pci 0000:00:05.0: [8086:2415] type 00 class 0x040100
Oct 29 18:04:54 roy-VirtualBox kernel: [    0.076649] pci 0000:00:05.0: reg 0x10: [io  0xd100-0xd1ff]
Oct 29 18:04:54 roy-VirtualBox kernel: [    0.076747] pci 0000:00:05.0: reg 0x14: [io  0xd200-0xd23f]
Oct 29 18:04:54 roy-VirtualBox kernel: [    0.077515] pci 0000:00:06.0: [106b:003f] type 00 class 0x0c0310
Oct 29 18:04:54 roy-VirtualBox kernel: [    0.079169] pci 0000:00:06.0: reg 0x10: [mem 0xf0804000-0xf0804fff]
Oct 29 18:04:54 roy-VirtualBox kernel: [    0.088660] pci 0000:00:07.0: [8086:7113] type 00 class 0x068000
Oct 29 18:04:54 roy-VirtualBox kernel: [    0.089178] pci 0000:00:07.0: quirk: [io  0x4000-0x403f] claimed by PIIX4 ACPI
Oct 29 18:04:54 roy-VirtualBox kernel: [    0.089191] pci 0000:00:07.0: quirk: [io  0x4100-0x410f] claimed by PIIX4 SMB
Oct 29 18:04:54 roy-VirtualBox kernel: [    0.089568] pci 0000:00:0d.0: [8086:2829] type 00 class 0x010601
Oct 29 18:04:54 roy-VirtualBox kernel: [    0.091191] pci 0000:00:0d.0: reg 0x10: [io  0xd240-0xd247]
Oct 29 18:04:54 roy-VirtualBox kernel: [    0.092133] pci 0000:00:0d.0: reg 0x14: [io  0xd248-0xd24b]
Oct 29 18:04:54 roy-VirtualBox kernel: [    0.093629] pci 0000:00:0d.0: reg 0x18: [io  0xd250-0xd257]
Oct 29 18:04:54 roy-VirtualBox kernel: [    0.096106] pci 0000:00:0d.0: reg 0x1c: [io  0xd258-0xd25b]
Oct 29 18:04:54 roy-VirtualBox kernel: [    0.097590] pci 0000:00:0d.0: reg 0x20: [io  0xd260-0xd26f]
Oct 29 18:04:54 roy-VirtualBox kernel: [    0.099058] pci 0000:00:0d.0: reg 0x24: [mem 0xf0806000-0xf0807fff]
Oct 29 18:04:54 roy-VirtualBox kernel: [    0.102542] ACPI: PCI Interrupt Link [LNKA] (IRQs 5 9 10 *11)
Oct 29 18:04:54 roy-VirtualBox kernel: [    0.102999] ACPI: PCI Interrupt Link [LNKB] (IRQs 5 9 *10 11)
Oct 29 18:04:54 roy-VirtualBox kernel: [    0.104028] ACPI: PCI Interrupt Link [LNKC] (IRQs 5 *9 10 11)
Oct 29 18:04:54 roy-VirtualBox kernel: [    0.104181] ACPI: PCI Interrupt Link [LNKD] (IRQs 5 9 10 *11)
Oct 29 18:04:54 roy-VirtualBox kernel: [    0.104597] SCSI subsystem initialized
Oct 29 18:04:54 roy-VirtualBox kernel: [    0.104672] libata version 3.00 loaded.
Oct 29 18:04:54 roy-VirtualBox kernel: [    0.104727] pci 0000:00:02.0: vgaarb: setting as boot VGA device
Oct 29 18:04:54 roy-VirtualBox kernel: [    0.104729] pci 0000:00:02.0: vgaarb: VGA device added: decodes=io+mem,owns=io+mem,locks=none
Oct 29 18:04:54 roy-VirtualBox kernel: [    0.104731] pci 0000:00:02.0: vgaarb: bridge control possible
Oct 29 18:04:54 roy-VirtualBox kernel: [    0.104732] vgaarb: loaded
Oct 29 18:04:54 roy-VirtualBox kernel: [    0.104755] ACPI: bus type USB registered
Oct 29 18:04:54 roy-VirtualBox kernel: [    0.104772] usbcore: registered new interface driver usbfs
Oct 29 18:04:54 roy-VirtualBox kernel: [    0.104778] usbcore: registered new interface driver hub
Oct 29 18:04:54 roy-VirtualBox kernel: [    0.104789] usbcore: registered new device driver usb
Oct 29 18:04:54 roy-VirtualBox kernel: [    0.104837] EDAC MC: Ver: 3.0.0
Oct 29 18:04:54 roy-VirtualBox kernel: [    0.105162] PCI: Using ACPI for IRQ routing
Oct 29 18:04:54 roy-VirtualBox kernel: [    0.105163] PCI: pci_cache_line_size set to 64 bytes
Oct 29 18:04:54 roy-VirtualBox kernel: [    0.105386] e820: reserve RAM buffer [mem 0x0009fc00-0x0009ffff]
Oct 29 18:04:54 roy-VirtualBox kernel: [    0.105390] e820: reserve RAM buffer [mem 0xdfff0000-0xdfffffff]
Oct 29 18:04:54 roy-VirtualBox kernel: [    0.105491] NetLabel: Initializing
Oct 29 18:04:54 roy-VirtualBox kernel: [    0.105492] NetLabel:  domain hash size = 128
Oct 29 18:04:54 roy-VirtualBox kernel: [    0.105492] NetLabel:  protocols = UNLABELED CIPSOv4 CALIPSO
Oct 29 18:04:54 roy-VirtualBox kernel: [    0.105508] NetLabel:  unlabeled traffic allowed by default
Oct 29 18:04:54 roy-VirtualBox kernel: [    0.105688] clocksource: Switched to clocksource kvm-clock
Oct 29 18:04:54 roy-VirtualBox kernel: [    0.115356] VFS: Disk quotas dquot_6.6.0
Oct 29 18:04:54 roy-VirtualBox kernel: [    0.115371] VFS: Dquot-cache hash table entries: 512 (order 0, 4096 bytes)
Oct 29 18:04:54 roy-VirtualBox kernel: [    0.115471] AppArmor: AppArmor Filesystem Enabled
Oct 29 18:04:54 roy-VirtualBox kernel: [    0.115495] pnp: PnP ACPI init
Oct 29 18:04:54 roy-VirtualBox kernel: [    0.115561] pnp 00:00: Plug and Play ACPI device, IDs PNP0303 (active)
Oct 29 18:04:54 roy-VirtualBox kernel: [    0.115640] pnp 00:01: Plug and Play ACPI device, IDs PNP0f03 (active)
Oct 29 18:04:54 roy-VirtualBox kernel: [    0.116689] pnp: PnP ACPI: found 2 devices
Oct 29 18:04:54 roy-VirtualBox kernel: [    0.122341] clocksource: acpi_pm: mask: 0xffffff max_cycles: 0xffffff, max_idle_ns: 2085701024 ns
Oct 29 18:04:54 roy-VirtualBox kernel: [    0.122349] pci_bus 0000:00: resource 4 [io  0x0000-0x0cf7 window]
Oct 29 18:04:54 roy-VirtualBox kernel: [    0.122350] pci_bus 0000:00: resource 5 [io  0x0d00-0xffff window]
Oct 29 18:04:54 roy-VirtualBox kernel: [    0.122352] pci_bus 0000:00: resource 6 [mem 0x000a0000-0x000bffff window]
Oct 29 18:04:54 roy-VirtualBox kernel: [    0.122353] pci_bus 0000:00: resource 7 [mem 0xe0000000-0xfdffffff window]
Oct 29 18:04:54 roy-VirtualBox kernel: [    0.122398] NET: Registered protocol family 2
Oct 29 18:04:54 roy-VirtualBox kernel: [    0.122576] TCP established hash table entries: 32768 (order: 6, 262144 bytes)
Oct 29 18:04:54 roy-VirtualBox kernel: [    0.122617] TCP bind hash table entries: 32768 (order: 7, 524288 bytes)
Oct 29 18:04:54 roy-VirtualBox kernel: [    0.122655] TCP: Hash tables configured (established 32768 bind 32768)
Oct 29 18:04:54 roy-VirtualBox kernel: [    0.122676] UDP hash table entries: 2048 (order: 4, 65536 bytes)
Oct 29 18:04:54 roy-VirtualBox kernel: [    0.122685] UDP-Lite hash table entries: 2048 (order: 4, 65536 bytes)
Oct 29 18:04:54 roy-VirtualBox kernel: [    0.122713] NET: Registered protocol family 1
Oct 29 18:04:54 roy-VirtualBox kernel: [    0.122723] pci 0000:00:00.0: Limiting direct PCI/PCI transfers
Oct 29 18:04:54 roy-VirtualBox kernel: [    0.122751] pci 0000:00:01.0: Activating ISA DMA hang workarounds
Oct 29 18:04:54 roy-VirtualBox kernel: [    0.122805] pci 0000:00:02.0: Video device with shadowed ROM at [mem 0x000c0000-0x000dffff]
Oct 29 18:04:54 roy-VirtualBox kernel: [    0.124621] PCI: CLS 0 bytes, default 64
Oct 29 18:04:54 roy-VirtualBox kernel: [    0.124655] Unpacking initramfs...
Oct 29 18:04:54 roy-VirtualBox kernel: [    0.810909] Freeing initrd memory: 52824K
Oct 29 18:04:54 roy-VirtualBox kernel: [    0.810935] PCI-DMA: Using software bounce buffering for IO (SWIOTLB)
Oct 29 18:04:54 roy-VirtualBox kernel: [    0.810938] software IO TLB [mem 0xdbff0000-0xdfff0000] (64MB) mapped at [        (ptrval)-        (ptrval)]
Oct 29 18:04:54 roy-VirtualBox kernel: [    0.811053] platform rtc_cmos: registered platform RTC device (no PNP device found)
Oct 29 18:04:54 roy-VirtualBox kernel: [    0.811070] Scanning for low memory corruption every 60 seconds
Oct 29 18:04:54 roy-VirtualBox kernel: [    0.811592] Initialise system trusted keyrings
Oct 29 18:04:54 roy-VirtualBox kernel: [    0.811601] Key type blacklist registered
Oct 29 18:04:54 roy-VirtualBox kernel: [    0.811639] workingset: timestamp_bits=36 max_order=20 bucket_order=0
Oct 29 18:04:54 roy-VirtualBox kernel: [    0.812928] zbud: loaded
Oct 29 18:04:54 roy-VirtualBox kernel: [    0.813436] squashfs: version 4.0 (2009/01/31) Phillip Lougher
Oct 29 18:04:54 roy-VirtualBox kernel: [    0.813575] fuse init (API version 7.26)
Oct 29 18:04:54 roy-VirtualBox kernel: [    0.814308] Key type asymmetric registered
Oct 29 18:04:54 roy-VirtualBox kernel: [    0.814309] Asymmetric key parser 'x509' registered
Oct 29 18:04:54 roy-VirtualBox kernel: [    0.814335] Block layer SCSI generic (bsg) driver version 0.4 loaded (major 246)
Oct 29 18:04:54 roy-VirtualBox kernel: [    0.814358] io scheduler noop registered
Oct 29 18:04:54 roy-VirtualBox kernel: [    0.814359] io scheduler deadline registered
Oct 29 18:04:54 roy-VirtualBox kernel: [    0.814402] io scheduler cfq registered (default)
Oct 29 18:04:54 roy-VirtualBox kernel: [    0.814675] ACPI: AC Adapter [AC] (on-line)
Oct 29 18:04:54 roy-VirtualBox kernel: [    0.814725] input: Power Button as /devices/LNXSYSTM:00/LNXPWRBN:00/input/input0
Oct 29 18:04:54 roy-VirtualBox kernel: [    0.814738] ACPI: Power Button [PWRF]
Oct 29 18:04:54 roy-VirtualBox kernel: [    0.814816] input: Sleep Button as /devices/LNXSYSTM:00/LNXSLPBN:00/input/input1
Oct 29 18:04:54 roy-VirtualBox kernel: [    0.814822] ACPI: Sleep Button [SLPF]
Oct 29 18:04:54 roy-VirtualBox kernel: [    0.816070] ACPI: Battery Slot [BAT0] (battery present)
Oct 29 18:04:54 roy-VirtualBox kernel: [    0.816103] Serial: 8250/16550 driver, 32 ports, IRQ sharing enabled
Oct 29 18:04:54 roy-VirtualBox kernel: [    0.817725] Linux agpgart interface v0.103
Oct 29 18:04:54 roy-VirtualBox kernel: [    0.819044] loop: module loaded
Oct 29 18:04:54 roy-VirtualBox kernel: [    0.819150] ata_piix 0000:00:01.1: version 2.13
Oct 29 18:04:54 roy-VirtualBox kernel: [    0.819554] scsi host0: ata_piix
Oct 29 18:04:54 roy-VirtualBox kernel: [    0.819611] scsi host1: ata_piix
Oct 29 18:04:54 roy-VirtualBox kernel: [    0.819639] ata1: PATA max UDMA/33 cmd 0x1f0 ctl 0x3f6 bmdma 0xd000 irq 14
Oct 29 18:04:54 roy-VirtualBox kernel: [    0.819640] ata2: PATA max UDMA/33 cmd 0x170 ctl 0x376 bmdma 0xd008 irq 15
Oct 29 18:04:54 roy-VirtualBox kernel: [    0.819706] libphy: Fixed MDIO Bus: probed
Oct 29 18:04:54 roy-VirtualBox kernel: [    0.819707] tun: Universal TUN/TAP device driver, 1.6
Oct 29 18:04:54 roy-VirtualBox kernel: [    0.820060] PPP generic driver version 2.4.2
Oct 29 18:04:54 roy-VirtualBox kernel: [    0.820097] ehci_hcd: USB 2.0 'Enhanced' Host Controller (EHCI) Driver
Oct 29 18:04:54 roy-VirtualBox kernel: [    0.820099] ehci-pci: EHCI PCI platform driver
Oct 29 18:04:54 roy-VirtualBox kernel: [    0.820107] ehci-platform: EHCI generic platform driver
Oct 29 18:04:54 roy-VirtualBox kernel: [    0.820113] ohci_hcd: USB 1.1 'Open' Host Controller (OHCI) Driver
Oct 29 18:04:54 roy-VirtualBox kernel: [    0.820114] ohci-pci: OHCI PCI platform driver
Oct 29 18:04:54 roy-VirtualBox kernel: [    0.820972] ohci-pci 0000:00:06.0: OHCI PCI host controller
Oct 29 18:04:54 roy-VirtualBox kernel: [    0.820978] ohci-pci 0000:00:06.0: new USB bus registered, assigned bus number 1
Oct 29 18:04:54 roy-VirtualBox kernel: [    0.821061] ohci-pci 0000:00:06.0: irq 22, io mem 0xf0804000
Oct 29 18:04:54 roy-VirtualBox kernel: [    0.880393] usb usb1: New USB device found, idVendor=1d6b, idProduct=0001
Oct 29 18:04:54 roy-VirtualBox kernel: [    0.880394] usb usb1: New USB device strings: Mfr=3, Product=2, SerialNumber=1
Oct 29 18:04:54 roy-VirtualBox kernel: [    0.880396] usb usb1: Product: OHCI PCI host controller
Oct 29 18:04:54 roy-VirtualBox kernel: [    0.880397] usb usb1: Manufacturer: Linux 4.15.0-29-generic ohci_hcd
Oct 29 18:04:54 roy-VirtualBox kernel: [    0.880398] usb usb1: SerialNumber: 0000:00:06.0
Oct 29 18:04:54 roy-VirtualBox kernel: [    0.880478] hub 1-0:1.0: USB hub found
Oct 29 18:04:54 roy-VirtualBox kernel: [    0.880491] hub 1-0:1.0: 12 ports detected
Oct 29 18:04:54 roy-VirtualBox kernel: [    0.880847] ohci-platform: OHCI generic platform driver
Oct 29 18:04:54 roy-VirtualBox kernel: [    0.880854] uhci_hcd: USB Universal Host Controller Interface driver
Oct 29 18:04:54 roy-VirtualBox kernel: [    0.880894] i8042: PNP: PS/2 Controller [PNP0303:PS2K,PNP0f03:PS2M] at 0x60,0x64 irq 1,12
Oct 29 18:04:54 roy-VirtualBox kernel: [    0.881317] serio: i8042 KBD port at 0x60,0x64 irq 1
Oct 29 18:04:54 roy-VirtualBox kernel: [    0.881321] serio: i8042 AUX port at 0x60,0x64 irq 12
Oct 29 18:04:54 roy-VirtualBox kernel: [    0.881402] mousedev: PS/2 mouse device common for all mice
Oct 29 18:04:54 roy-VirtualBox kernel: [    0.881613] input: AT Translated Set 2 keyboard as /devices/platform/i8042/serio0/input/input2
Oct 29 18:04:54 roy-VirtualBox kernel: [    0.881949] rtc_cmos rtc_cmos: rtc core: registered rtc_cmos as rtc0
Oct 29 18:04:54 roy-VirtualBox kernel: [    0.882424] rtc_cmos rtc_cmos: alarms up to one day, 114 bytes nvram
Oct 29 18:04:54 roy-VirtualBox kernel: [    0.882433] i2c /dev entries driver
Oct 29 18:04:54 roy-VirtualBox kernel: [    0.882481] device-mapper: uevent: version 1.0.3
Oct 29 18:04:54 roy-VirtualBox kernel: [    0.882534] device-mapper: ioctl: 4.37.0-ioctl (2017-09-20) initialised: dm-devel@redhat.com
Oct 29 18:04:54 roy-VirtualBox kernel: [    0.882542] ledtrig-cpu: registered to indicate activity on CPUs
Oct 29 18:04:54 roy-VirtualBox kernel: [    0.882651] intel_pmc_core:  initialized
Oct 29 18:04:54 roy-VirtualBox kernel: [    0.882858] NET: Registered protocol family 10
Oct 29 18:04:54 roy-VirtualBox kernel: [    0.886394] Segment Routing with IPv6
Oct 29 18:04:54 roy-VirtualBox kernel: [    0.886413] NET: Registered protocol family 17
Oct 29 18:04:54 roy-VirtualBox kernel: [    0.886441] Key type dns_resolver registered
Oct 29 18:04:54 roy-VirtualBox kernel: [    0.886542] RAS: Correctable Errors collector initialized.
Oct 29 18:04:54 roy-VirtualBox kernel: [    0.886555] sched_clock: Marking stable (884325052, 0)->(1091174416, -206849364)
Oct 29 18:04:54 roy-VirtualBox kernel: [    0.886685] registered taskstats version 1
Oct 29 18:04:54 roy-VirtualBox kernel: [    0.886708] Loading compiled-in X.509 certificates
Oct 29 18:04:54 roy-VirtualBox kernel: [    0.888820] Loaded X.509 cert 'Build time autogenerated kernel key: 1cc37f41791529df57507d3747a6804ab53f482b'
Oct 29 18:04:54 roy-VirtualBox kernel: [    0.888834] zswap: loaded using pool lzo/zbud
Oct 29 18:04:54 roy-VirtualBox kernel: [    0.891815] Key type big_key registered
Oct 29 18:04:54 roy-VirtualBox kernel: [    0.891818] Key type trusted registered
Oct 29 18:04:54 roy-VirtualBox kernel: [    0.893430] Key type encrypted registered
Oct 29 18:04:54 roy-VirtualBox kernel: [    0.893432] AppArmor: AppArmor sha1 policy hashing enabled
Oct 29 18:04:54 roy-VirtualBox kernel: [    0.893440] ima: No TPM chip found, activating TPM-bypass! (rc=-19)
Oct 29 18:04:54 roy-VirtualBox kernel: [    0.893455] evm: HMAC attrs: 0x1
Oct 29 18:04:54 roy-VirtualBox kernel: [    0.893775]   Magic number: 6:54:99
Oct 29 18:04:54 roy-VirtualBox kernel: [    0.893844] rtc_cmos rtc_cmos: setting system clock to 2018-10-29 22:04:51 UTC (1540850691)
Oct 29 18:04:54 roy-VirtualBox kernel: [    0.893907] BIOS EDD facility v0.16 2004-Jun-25, 0 devices found
Oct 29 18:04:54 roy-VirtualBox kernel: [    0.893908] EDD information not available.
Oct 29 18:04:54 roy-VirtualBox kernel: [    0.980737] ata2.00: ATAPI: VBOX CD-ROM, 1.0, max UDMA/133
Oct 29 18:04:54 roy-VirtualBox kernel: [    0.981095] ata2.00: configured for UDMA/33
Oct 29 18:04:54 roy-VirtualBox kernel: [    0.981612] scsi 1:0:0:0: CD-ROM            VBOX     CD-ROM           1.0  PQ: 0 ANSI: 5
Oct 29 18:04:54 roy-VirtualBox kernel: [    1.005216] sr 1:0:0:0: [sr0] scsi3-mmc drive: 32x/32x xa/form2 tray
Oct 29 18:04:54 roy-VirtualBox kernel: [    1.005218] cdrom: Uniform CD-ROM driver Revision: 3.20
Oct 29 18:04:54 roy-VirtualBox kernel: [    1.005309] sr 1:0:0:0: Attached scsi CD-ROM sr0
Oct 29 18:04:54 roy-VirtualBox kernel: [    1.005468] sr 1:0:0:0: Attached scsi generic sg0 type 5
Oct 29 18:04:54 roy-VirtualBox kernel: [    1.007762] Freeing unused kernel memory: 2408K
Oct 29 18:04:54 roy-VirtualBox kernel: [    1.016561] Write protecting the kernel read-only data: 20480k
Oct 29 18:04:54 roy-VirtualBox kernel: [    1.016997] Freeing unused kernel memory: 2008K
Oct 29 18:04:54 roy-VirtualBox kernel: [    1.020793] Freeing unused kernel memory: 1904K
Oct 29 18:04:54 roy-VirtualBox kernel: [    1.030876] x86/mm: Checked W+X mappings: passed, no W+X pages found.
Oct 29 18:04:54 roy-VirtualBox kernel: [    1.030877] x86/mm: Checking user space page tables
Oct 29 18:04:54 roy-VirtualBox kernel: [    1.041154] x86/mm: Checked W+X mappings: passed, no W+X pages found.
Oct 29 18:04:54 roy-VirtualBox kernel: [    1.141763] ACPI: Video Device [GFX0] (multi-head: yes  rom: no  post: no)
Oct 29 18:04:54 roy-VirtualBox kernel: [    1.141838] input: Video Bus as /devices/LNXSYSTM:00/LNXSYBUS:00/PNP0A03:00/LNXVIDEO:00/input/input4
Oct 29 18:04:54 roy-VirtualBox kernel: [    1.154790] e1000: Intel(R) PRO/1000 Network Driver - version 7.3.21-k8-NAPI
Oct 29 18:04:54 roy-VirtualBox kernel: [    1.154791] e1000: Copyright (c) 1999-2006 Intel Corporation.
Oct 29 18:04:54 roy-VirtualBox kernel: [    1.316346] usb 1-1: new full-speed USB device number 2 using ohci-pci
Oct 29 18:04:54 roy-VirtualBox kernel: [    1.377185] input: ImExPS/2 Generic Explorer Mouse as /devices/platform/i8042/serio1/input/input5
Oct 29 18:04:54 roy-VirtualBox kernel: [    1.564762] e1000 0000:00:03.0 eth0: (PCI:33MHz:32-bit) 08:00:27:6a:e1:23
Oct 29 18:04:54 roy-VirtualBox kernel: [    1.564767] e1000 0000:00:03.0 eth0: Intel(R) PRO/1000 Network Connection
Oct 29 18:04:54 roy-VirtualBox kernel: [    1.564916] piix4_smbus 0000:00:07.0: SMBus Host Controller at 0x4100, revision 0
Oct 29 18:04:54 roy-VirtualBox kernel: [    1.565192] ahci 0000:00:0d.0: version 3.0
Oct 29 18:04:54 roy-VirtualBox kernel: [    1.566186] ahci 0000:00:0d.0: SSS flag set, parallel bus scan disabled
Oct 29 18:04:54 roy-VirtualBox kernel: [    1.566343] ahci 0000:00:0d.0: AHCI 0001.0100 32 slots 1 ports 3 Gbps 0x1 impl SATA mode
Oct 29 18:04:54 roy-VirtualBox kernel: [    1.566346] ahci 0000:00:0d.0: flags: 64bit ncq stag only ccc 
Oct 29 18:04:54 roy-VirtualBox kernel: [    1.568542] e1000 0000:00:03.0 enp0s3: renamed from eth0
Oct 29 18:04:54 roy-VirtualBox kernel: [    1.570065] scsi host2: ahci
Oct 29 18:04:54 roy-VirtualBox kernel: [    1.570137] ata3: SATA max UDMA/133 abar m8192@0xf0806000 port 0xf0806100 irq 21
Oct 29 18:04:54 roy-VirtualBox kernel: [    1.656901] usb 1-1: New USB device found, idVendor=80ee, idProduct=0021
Oct 29 18:04:54 roy-VirtualBox kernel: [    1.656902] usb 1-1: New USB device strings: Mfr=1, Product=3, SerialNumber=0
Oct 29 18:04:54 roy-VirtualBox kernel: [    1.656904] usb 1-1: Product: USB Tablet
Oct 29 18:04:54 roy-VirtualBox kernel: [    1.656905] usb 1-1: Manufacturer: VirtualBox
Oct 29 18:04:54 roy-VirtualBox kernel: [    1.667090] hidraw: raw HID events driver (C) Jiri Kosina
Oct 29 18:04:54 roy-VirtualBox kernel: [    1.682534] usbcore: registered new interface driver usbhid
Oct 29 18:04:54 roy-VirtualBox kernel: [    1.682534] usbhid: USB HID core driver
Oct 29 18:04:54 roy-VirtualBox kernel: [    1.683934] input: VirtualBox USB Tablet as /devices/pci0000:00/0000:00:06.0/usb1/1-1/1-1:1.0/0003:80EE:0021.0001/input/input6
Oct 29 18:04:54 roy-VirtualBox kernel: [    1.684166] random: fast init done
Oct 29 18:04:54 roy-VirtualBox kernel: [    1.684228] random: systemd-udevd: uninitialized urandom read (16 bytes read)
Oct 29 18:04:54 roy-VirtualBox kernel: [    1.684242] random: systemd-udevd: uninitialized urandom read (16 bytes read)
Oct 29 18:04:54 roy-VirtualBox kernel: [    1.684245] random: systemd-udevd: uninitialized urandom read (16 bytes read)
Oct 29 18:04:54 roy-VirtualBox kernel: [    1.684261] hid-generic 0003:80EE:0021.0001: input,hidraw0: USB HID v1.10 Mouse [VirtualBox USB Tablet] on usb-0000:00:06.0-1/input0
Oct 29 18:04:54 roy-VirtualBox kernel: [    1.684283] random: systemd-udevd: uninitialized urandom read (16 bytes read)
Oct 29 18:04:54 roy-VirtualBox kernel: [    1.684289] random: systemd-udevd: uninitialized urandom read (16 bytes read)
Oct 29 18:04:54 roy-VirtualBox kernel: [    1.684302] random: systemd-udevd: uninitialized urandom read (16 bytes read)
Oct 29 18:04:54 roy-VirtualBox kernel: [    1.684305] random: systemd-udevd: uninitialized urandom read (16 bytes read)
Oct 29 18:04:54 roy-VirtualBox kernel: [    1.684312] random: systemd-udevd: uninitialized urandom read (16 bytes read)
Oct 29 18:04:54 roy-VirtualBox kernel: [    1.684316] random: systemd-udevd: uninitialized urandom read (16 bytes read)
Oct 29 18:04:54 roy-VirtualBox kernel: [    1.684347] random: systemd-udevd: uninitialized urandom read (16 bytes read)
Oct 29 18:04:54 roy-VirtualBox kernel: [    1.824710] tsc: Refined TSC clocksource calibration: 1992.799 MHz
Oct 29 18:04:54 roy-VirtualBox kernel: [    1.824713] clocksource: tsc: mask: 0xffffffffffffffff max_cycles: 0x397337d7b2c, max_idle_ns: 881590658647 ns
Oct 29 18:04:54 roy-VirtualBox kernel: [    1.881487] ata3: SATA link up 3.0 Gbps (SStatus 123 SControl 300)
Oct 29 18:04:54 roy-VirtualBox kernel: [    1.881625] ata3.00: ATA-6: VBOX HARDDISK, 1.0, max UDMA/133
Oct 29 18:04:54 roy-VirtualBox kernel: [    1.881627] ata3.00: 62914560 sectors, multi 128: LBA48 NCQ (depth 31/32)
Oct 29 18:04:54 roy-VirtualBox kernel: [    1.881933] ata3.00: configured for UDMA/133
Oct 29 18:04:54 roy-VirtualBox kernel: [    1.882115] scsi 2:0:0:0: Direct-Access     ATA      VBOX HARDDISK    1.0  PQ: 0 ANSI: 5
Oct 29 18:04:54 roy-VirtualBox kernel: [    1.882375] sd 2:0:0:0: [sda] 62914560 512-byte logical blocks: (32.2 GB/30.0 GiB)
Oct 29 18:04:54 roy-VirtualBox kernel: [    1.882383] sd 2:0:0:0: [sda] Write Protect is off
Oct 29 18:04:54 roy-VirtualBox kernel: [    1.882385] sd 2:0:0:0: [sda] Mode Sense: 00 3a 00 00
Oct 29 18:04:54 roy-VirtualBox kernel: [    1.882397] sd 2:0:0:0: [sda] Write cache: enabled, read cache: enabled, doesn't support DPO or FUA
Oct 29 18:04:54 roy-VirtualBox kernel: [    1.882581] sd 2:0:0:0: Attached scsi generic sg1 type 0
Oct 29 18:04:54 roy-VirtualBox kernel: [    1.910234]  sda: sda1
Oct 29 18:04:54 roy-VirtualBox kernel: [    1.910403] sd 2:0:0:0: [sda] Attached SCSI disk
Oct 29 18:04:54 roy-VirtualBox kernel: [    1.978433] EXT4-fs (sda1): mounted filesystem with ordered data mode. Opts: (null)
Oct 29 18:04:54 roy-VirtualBox kernel: [    2.128730] ip_tables: (C) 2000-2006 Netfilter Core Team
Oct 29 18:04:54 roy-VirtualBox kernel: [    2.368406] EXT4-fs (sda1): re-mounted. Opts: errors=remount-ro
Oct 29 18:04:54 roy-VirtualBox kernel: [    2.421908] lp: driver loaded but no devices found
Oct 29 18:04:54 roy-VirtualBox kernel: [    2.437040] ppdev: user-space parallel port driver
Oct 29 18:04:54 roy-VirtualBox kernel: [    2.642233] Adding 1459804k swap on /swapfile.  Priority:-2 extents:5 across:1492572k FS
Oct 29 18:04:54 roy-VirtualBox kernel: [    3.221300] audit: type=1400 audit(1540850693.824:2): apparmor="STATUS" operation="profile_load" profile="unconfined" name="/sbin/dhclient" pid=319 comm="apparmor_parser"
Oct 29 18:04:54 roy-VirtualBox kernel: [    3.221304] audit: type=1400 audit(1540850693.824:3): apparmor="STATUS" operation="profile_load" profile="unconfined" name="/usr/lib/NetworkManager/nm-dhcp-client.action" pid=319 comm="apparmor_parser"
Oct 29 18:04:54 roy-VirtualBox kernel: [    3.221307] audit: type=1400 audit(1540850693.824:4): apparmor="STATUS" operation="profile_load" profile="unconfined" name="/usr/lib/NetworkManager/nm-dhcp-helper" pid=319 comm="apparmor_parser"
Oct 29 18:04:54 roy-VirtualBox kernel: [    3.221308] audit: type=1400 audit(1540850693.824:5): apparmor="STATUS" operation="profile_load" profile="unconfined" name="/usr/lib/connman/scripts/dhclient-script" pid=319 comm="apparmor_parser"
Oct 29 18:04:54 roy-VirtualBox kernel: [    3.249157] vgdrvHeartbeatInit: Setting up heartbeat to trigger every 2000 milliseconds
Oct 29 18:04:54 roy-VirtualBox kernel: [    3.249259] input: Unspecified device as /devices/pci0000:00/0000:00:04.0/input/input7
Oct 29 18:04:54 roy-VirtualBox kernel: [    3.254910] vboxguest: misc device minor 55, IRQ 20, I/O port d020, MMIO at 00000000f0400000 (size 0x400000)
Oct 29 18:04:54 roy-VirtualBox kernel: [    3.254912] vboxguest: Successfully loaded version 5.2.8_KernelUbuntu (interface 0x00010004)
Oct 29 18:04:54 roy-VirtualBox kernel: [    3.271025] audit: type=1400 audit(1540850693.872:6): apparmor="STATUS" operation="profile_load" profile="unconfined" name="/usr/bin/evince" pid=330 comm="apparmor_parser"
Oct 29 18:04:54 roy-VirtualBox kernel: [    3.271028] audit: type=1400 audit(1540850693.872:7): apparmor="STATUS" operation="profile_load" profile="unconfined" name="/usr/bin/evince//sanitized_helper" pid=330 comm="apparmor_parser"
Oct 29 18:04:54 roy-VirtualBox kernel: [    3.271030] audit: type=1400 audit(1540850693.872:8): apparmor="STATUS" operation="profile_load" profile="unconfined" name="/usr/bin/evince-previewer" pid=330 comm="apparmor_parser"
Oct 29 18:04:54 roy-VirtualBox kernel: [    3.271032] audit: type=1400 audit(1540850693.872:9): apparmor="STATUS" operation="profile_load" profile="unconfined" name="/usr/bin/evince-previewer//sanitized_helper" pid=330 comm="apparmor_parser"
Oct 29 18:04:54 roy-VirtualBox kernel: [    3.271034] audit: type=1400 audit(1540850693.872:10): apparmor="STATUS" operation="profile_load" profile="unconfined" name="/usr/bin/evince-thumbnailer" pid=330 comm="apparmor_parser"
Oct 29 18:04:54 roy-VirtualBox kernel: [    3.398860] RAPL PMU: API unit is 2^-32 Joules, 5 fixed counters, 10737418240 ms ovfl timer
Oct 29 18:04:54 roy-VirtualBox kernel: [    3.398862] RAPL PMU: hw unit of domain pp0-core 2^-0 Joules
Oct 29 18:04:54 roy-VirtualBox kernel: [    3.398862] RAPL PMU: hw unit of domain package 2^-0 Joules
Oct 29 18:04:54 roy-VirtualBox kernel: [    3.398863] RAPL PMU: hw unit of domain dram 2^-0 Joules
Oct 29 18:04:54 roy-VirtualBox kernel: [    3.398864] RAPL PMU: hw unit of domain pp1-gpu 2^-0 Joules
Oct 29 18:04:54 roy-VirtualBox kernel: [    3.398864] RAPL PMU: hw unit of domain psys 2^-0 Joules
Oct 29 18:04:54 roy-VirtualBox kernel: [    3.412371] vboxvideo: module is from the staging directory, the quality is unknown, you have been warned.
Oct 29 18:04:54 roy-VirtualBox kernel: [    3.412400] vboxvideo: module verification failed: signature and/or required key missing - tainting kernel
Oct 29 18:04:54 roy-VirtualBox kernel: [    3.419410] [drm] VRAM 01000000
Oct 29 18:04:54 roy-VirtualBox kernel: [    3.423687] [TTM] Zone  kernel: Available graphics memory: 2019866 kiB
Oct 29 18:04:54 roy-VirtualBox kernel: [    3.423688] [TTM] Initializing pool allocator
Oct 29 18:04:54 roy-VirtualBox kernel: [    3.423691] [TTM] Initializing DMA pool allocator
Oct 29 18:04:54 roy-VirtualBox kernel: [    3.429182] fbcon: vboxdrmfb (fb0) is primary device
Oct 29 18:04:54 roy-VirtualBox kernel: [    3.447319] Console: switching to colour frame buffer device 100x37
Oct 29 18:04:54 roy-VirtualBox kernel: [    3.457349] vboxvideo 0000:00:02.0: fb0: vboxdrmfb frame buffer device
Oct 29 18:04:54 roy-VirtualBox kernel: [    3.465462] [drm] Initialized vboxvideo 1.0.0 20130823 for 0000:00:02.0 on minor 0
Oct 29 18:04:54 roy-VirtualBox kernel: [    3.482607] AVX2 version of gcm_enc/dec engaged.
Oct 29 18:04:54 roy-VirtualBox kernel: [    3.482608] AES CTR mode by8 optimization enabled
Oct 29 18:04:55 roy-VirtualBox kernel: [    4.721708] IPv6: ADDRCONF(NETDEV_UP): enp0s3: link is not ready
Oct 29 18:04:55 roy-VirtualBox kernel: [    4.728698] e1000: enp0s3 NIC Link is Up 1000 Mbps Full Duplex, Flow Control: RX
Oct 29 18:04:55 roy-VirtualBox kernel: [    4.731412] IPv6: ADDRCONF(NETDEV_UP): enp0s3: link is not ready
Oct 29 18:04:55 roy-VirtualBox kernel: [    4.731428] IPv6: ADDRCONF(NETDEV_CHANGE): enp0s3: link becomes ready
Oct 29 18:04:56 roy-VirtualBox kernel: [    6.119521] snd_intel8x0 0000:00:05.0: white list rate for 1028:0177 is 48000
Oct 29 18:05:00 roy-VirtualBox kernel: [   10.142298] random: crng init done
Oct 29 18:05:10 roy-VirtualBox kernel: [   20.150192] kauditd_printk_skb: 17 callbacks suppressed
Oct 29 18:05:10 roy-VirtualBox kernel: [   20.150193] audit: type=1400 audit(1540850710.752:28): apparmor="STATUS" operation="profile_load" profile="unconfined" name="snap-update-ns.core" pid=1090 comm="apparmor_parser"
Oct 29 18:05:10 roy-VirtualBox kernel: [   20.263489] audit: type=1400 audit(1540850710.864:29): apparmor="STATUS" operation="profile_load" profile="unconfined" name="snap.core.hook.configure" pid=1092 comm="apparmor_parser"
Oct 29 18:05:16 roy-VirtualBox kernel: [   25.913239] audit: type=1400 audit(1540850716.516:30): apparmor="STATUS" operation="profile_load" profile="unconfined" name="/snap/core/4917/usr/lib/snapd/snap-confine" pid=1147 comm="apparmor_parser"
Oct 29 18:05:16 roy-VirtualBox kernel: [   25.913566] audit: type=1400 audit(1540850716.516:31): apparmor="STATUS" operation="profile_load" profile="unconfined" name="/snap/core/4917/usr/lib/snapd/snap-confine//mount-namespace-capture-helper" pid=1147 comm="apparmor_parser"
Oct 29 18:05:16 roy-VirtualBox kernel: [   25.921608] audit: type=1400 audit(1540850716.524:32): apparmor="STATUS" operation="profile_replace" info="same as current profile, skipping" profile="unconfined" name="snap-update-ns.core" pid=1149 comm="apparmor_parser"
Oct 29 18:05:16 roy-VirtualBox kernel: [   26.069035] audit: type=1400 audit(1540850716.672:33): apparmor="STATUS" operation="profile_replace" profile="unconfined" name="snap.core.hook.configure" pid=1151 comm="apparmor_parser"
Oct 29 18:05:16 roy-VirtualBox kernel: [   26.118840] audit: type=1400 audit(1540850716.720:34): apparmor="STATUS" operation="profile_replace" profile="unconfined" name="/snap/core/4917/usr/lib/snapd/snap-confine" pid=1157 comm="apparmor_parser"
Oct 29 18:05:16 roy-VirtualBox kernel: [   26.118945] audit: type=1400 audit(1540850716.720:35): apparmor="STATUS" operation="profile_replace" profile="unconfined" name="/snap/core/4917/usr/lib/snapd/snap-confine//mount-namespace-capture-helper" pid=1157 comm="apparmor_parser"
Oct 29 18:05:16 roy-VirtualBox kernel: [   26.122139] audit: type=1400 audit(1540850716.724:36): apparmor="STATUS" operation="profile_replace" info="same as current profile, skipping" profile="unconfined" name="snap-update-ns.core" pid=1159 comm="apparmor_parser"
Oct 29 18:05:16 roy-VirtualBox kernel: [   26.125936] audit: type=1400 audit(1540850716.728:37): apparmor="STATUS" operation="profile_replace" info="same as current profile, skipping" profile="unconfined" name="snap.core.hook.configure" pid=1161 comm="apparmor_parser"
Oct 29 18:05:20 roy-VirtualBox kernel: [   30.313603] audit: type=1400 audit(1540850720.916:38): apparmor="STATUS" operation="profile_load" profile="unconfined" name="snap-update-ns.gnome-calculator" pid=1323 comm="apparmor_parser"
Oct 29 18:05:21 roy-VirtualBox kernel: [   30.433626] audit: type=1400 audit(1540850721.036:39): apparmor="STATUS" operation="profile_load" profile="unconfined" name="snap.gnome-calculator.gnome-calculator" pid=1325 comm="apparmor_parser"
Oct 29 18:05:21 roy-VirtualBox kernel: [   31.110872] kauditd_printk_skb: 5 callbacks suppressed
Oct 29 18:05:21 roy-VirtualBox kernel: [   31.110873] audit: type=1400 audit(1540850721.712:45): apparmor="STATUS" operation="profile_replace" profile="unconfined" name="snap.gnome-calculator.gnome-calculator" pid=1345 comm="apparmor_parser"
Oct 29 18:05:21 roy-VirtualBox kernel: [   31.273403] audit: type=1400 audit(1540850721.876:46): apparmor="STATUS" operation="profile_replace" profile="unconfined" name="snap-update-ns.gnome-calculator" pid=1351 comm="apparmor_parser"
Oct 29 18:05:22 roy-VirtualBox kernel: [   31.437006] audit: type=1400 audit(1540850722.040:47): apparmor="STATUS" operation="profile_replace" profile="unconfined" name="snap.gnome-calculator.gnome-calculator" pid=1353 comm="apparmor_parser"
Oct 29 18:05:22 roy-VirtualBox kernel: [   31.528416] audit: type=1400 audit(1540850722.132:48): apparmor="STATUS" operation="profile_replace" info="same as current profile, skipping" profile="unconfined" name="/snap/core/4917/usr/lib/snapd/snap-confine" pid=1359 comm="apparmor_parser"
Oct 29 18:05:22 roy-VirtualBox kernel: [   31.528419] audit: type=1400 audit(1540850722.132:49): apparmor="STATUS" operation="profile_replace" info="same as current profile, skipping" profile="unconfined" name="/snap/core/4917/usr/lib/snapd/snap-confine//mount-namespace-capture-helper" pid=1359 comm="apparmor_parser"
Oct 29 18:05:22 roy-VirtualBox kernel: [   31.537978] audit: type=1400 audit(1540850722.140:50): apparmor="STATUS" operation="profile_replace" info="same as current profile, skipping" profile="unconfined" name="snap-update-ns.core" pid=1361 comm="apparmor_parser"
Oct 29 18:05:22 roy-VirtualBox kernel: [   31.552186] audit: type=1400 audit(1540850722.152:51): apparmor="STATUS" operation="profile_replace" info="same as current profile, skipping" profile="unconfined" name="snap.core.hook.configure" pid=1363 comm="apparmor_parser"
Oct 29 18:05:22 roy-VirtualBox kernel: [   31.602562] audit: type=1400 audit(1540850722.204:52): apparmor="STATUS" operation="profile_replace" info="same as current profile, skipping" profile="unconfined" name="snap-update-ns.gnome-calculator" pid=1369 comm="apparmor_parser"
Oct 29 18:05:22 roy-VirtualBox kernel: [   31.773526] audit: type=1400 audit(1540850722.376:53): apparmor="STATUS" operation="profile_replace" profile="unconfined" name="snap.gnome-calculator.gnome-calculator" pid=1371 comm="apparmor_parser"
Oct 29 18:05:22 roy-VirtualBox kernel: [   31.862497] audit: type=1400 audit(1540850722.464:54): apparmor="STATUS" operation="profile_replace" info="same as current profile, skipping" profile="unconfined" name="/snap/core/4917/usr/lib/snapd/snap-confine" pid=1377 comm="apparmor_parser"
Oct 29 18:05:24 roy-VirtualBox kernel: [   36.175979] kauditd_printk_skb: 37 callbacks suppressed
Oct 29 18:05:24 roy-VirtualBox kernel: [   36.175980] audit: type=1400 audit(1540850724.842:92): apparmor="STATUS" operation="profile_replace" info="same as current profile, skipping" profile="unconfined" name="/snap/core/4917/usr/lib/snapd/snap-confine" pid=1553 comm="apparmor_parser"
Oct 29 18:05:24 roy-VirtualBox kernel: [   36.175983] audit: type=1400 audit(1540850724.842:93): apparmor="STATUS" operation="profile_replace" info="same as current profile, skipping" profile="unconfined" name="/snap/core/4917/usr/lib/snapd/snap-confine//mount-namespace-capture-helper" pid=1553 comm="apparmor_parser"
Oct 29 18:05:24 roy-VirtualBox kernel: [   36.188998] audit: type=1400 audit(1540850724.858:94): apparmor="STATUS" operation="profile_replace" info="same as current profile, skipping" profile="unconfined" name="snap-update-ns.core" pid=1555 comm="apparmor_parser"
Oct 29 18:05:24 roy-VirtualBox kernel: [   36.201894] audit: type=1400 audit(1540850724.870:95): apparmor="STATUS" operation="profile_replace" info="same as current profile, skipping" profile="unconfined" name="snap.core.hook.configure" pid=1557 comm="apparmor_parser"
Oct 29 18:05:24 roy-VirtualBox kernel: [   36.267977] audit: type=1400 audit(1540850724.934:96): apparmor="STATUS" operation="profile_replace" info="same as current profile, skipping" profile="unconfined" name="snap-update-ns.gnome-characters" pid=1563 comm="apparmor_parser"
Oct 29 18:05:25 roy-VirtualBox kernel: [   36.393196] audit: type=1400 audit(1540850725.062:97): apparmor="STATUS" operation="profile_replace" profile="unconfined" name="snap.gnome-characters.gnome-characters" pid=1565 comm="apparmor_parser"
Oct 29 18:05:25 roy-VirtualBox kernel: [   36.493386] audit: type=1400 audit(1540850725.162:98): apparmor="STATUS" operation="profile_replace" info="same as current profile, skipping" profile="unconfined" name="/snap/core/4917/usr/lib/snapd/snap-confine" pid=1571 comm="apparmor_parser"
Oct 29 18:05:25 roy-VirtualBox kernel: [   36.493390] audit: type=1400 audit(1540850725.162:99): apparmor="STATUS" operation="profile_replace" info="same as current profile, skipping" profile="unconfined" name="/snap/core/4917/usr/lib/snapd/snap-confine//mount-namespace-capture-helper" pid=1571 comm="apparmor_parser"
Oct 29 18:05:25 roy-VirtualBox kernel: [   36.506633] audit: type=1400 audit(1540850725.174:100): apparmor="STATUS" operation="profile_replace" info="same as current profile, skipping" profile="unconfined" name="snap-update-ns.core" pid=1573 comm="apparmor_parser"
Oct 29 18:05:25 roy-VirtualBox kernel: [   36.516203] audit: type=1400 audit(1540850725.186:101): apparmor="STATUS" operation="profile_replace" info="same as current profile, skipping" profile="unconfined" name="snap.core.hook.configure" pid=1575 comm="apparmor_parser"
Oct 29 18:05:30 roy-VirtualBox kernel: [   41.529849] kauditd_printk_skb: 32 callbacks suppressed
Oct 29 18:05:30 roy-VirtualBox kernel: [   41.529850] audit: type=1400 audit(1540850730.198:134): apparmor="STATUS" operation="profile_replace" profile="unconfined" name="snap-update-ns.gnome-characters" pid=1685 comm="apparmor_parser"
Oct 29 18:05:30 roy-VirtualBox kernel: [   41.884920] audit: type=1400 audit(1540850730.554:135): apparmor="STATUS" operation="profile_replace" profile="unconfined" name="snap.gnome-characters.gnome-characters" pid=1687 comm="apparmor_parser"
Oct 29 18:05:31 roy-VirtualBox kernel: [   42.803721] audit: type=1400 audit(1540850731.470:136): apparmor="STATUS" operation="profile_load" profile="unconfined" name="snap-update-ns.gnome-logs" pid=1745 comm="apparmor_parser"
Oct 29 18:05:31 roy-VirtualBox kernel: [   42.918148] audit: type=1400 audit(1540850731.586:137): apparmor="STATUS" operation="profile_load" profile="unconfined" name="snap.gnome-logs.gnome-logs" pid=1747 comm="apparmor_parser"
Oct 29 18:05:31 roy-VirtualBox kernel: [   43.189319] audit: type=1400 audit(1540850731.858:138): apparmor="STATUS" operation="profile_replace" info="same as current profile, skipping" profile="unconfined" name="/snap/core/4917/usr/lib/snapd/snap-confine" pid=1756 comm="apparmor_parser"
Oct 29 18:05:31 roy-VirtualBox kernel: [   43.189323] audit: type=1400 audit(1540850731.858:139): apparmor="STATUS" operation="profile_replace" info="same as current profile, skipping" profile="unconfined" name="/snap/core/4917/usr/lib/snapd/snap-confine//mount-namespace-capture-helper" pid=1756 comm="apparmor_parser"
Oct 29 18:05:31 roy-VirtualBox kernel: [   43.197800] audit: type=1400 audit(1540850731.866:140): apparmor="STATUS" operation="profile_replace" info="same as current profile, skipping" profile="unconfined" name="snap-update-ns.core" pid=1758 comm="apparmor_parser"
Oct 29 18:05:31 roy-VirtualBox kernel: [   43.210998] audit: type=1400 audit(1540850731.878:141): apparmor="STATUS" operation="profile_replace" info="same as current profile, skipping" profile="unconfined" name="snap.core.hook.configure" pid=1760 comm="apparmor_parser"
Oct 29 18:05:32 roy-VirtualBox kernel: [   43.373892] audit: type=1400 audit(1540850732.042:142): apparmor="STATUS" operation="profile_replace" info="same as current profile, skipping" profile="unconfined" name="snap-update-ns.gnome-logs" pid=1766 comm="apparmor_parser"
Oct 29 18:05:32 roy-VirtualBox kernel: [   44.036208] audit: type=1400 audit(1540850732.706:143): apparmor="STATUS" operation="profile_replace" profile="unconfined" name="snap.gnome-logs.gnome-logs" pid=1768 comm="apparmor_parser"
Oct 29 18:05:35 roy-VirtualBox kernel: [   46.559112] kauditd_printk_skb: 21 callbacks suppressed
Oct 29 18:05:35 roy-VirtualBox kernel: [   46.559114] audit: type=1400 audit(1540850735.226:165): apparmor="STATUS" operation="profile_replace" profile="unconfined" name="snap.gnome-logs.gnome-logs" pid=1840 comm="apparmor_parser"
Oct 29 18:05:35 roy-VirtualBox kernel: [   46.685102] audit: type=1400 audit(1540850735.354:166): apparmor="STATUS" operation="profile_replace" info="same as current profile, skipping" profile="unconfined" name="/snap/core/4917/usr/lib/snapd/snap-confine" pid=1846 comm="apparmor_parser"
Oct 29 18:05:35 roy-VirtualBox kernel: [   46.685106] audit: type=1400 audit(1540850735.354:167): apparmor="STATUS" operation="profile_replace" info="same as current profile, skipping" profile="unconfined" name="/snap/core/4917/usr/lib/snapd/snap-confine//mount-namespace-capture-helper" pid=1846 comm="apparmor_parser"
Oct 29 18:05:35 roy-VirtualBox kernel: [   46.701306] audit: type=1400 audit(1540850735.370:168): apparmor="STATUS" operation="profile_replace" info="same as current profile, skipping" profile="unconfined" name="snap-update-ns.core" pid=1848 comm="apparmor_parser"
Oct 29 18:05:35 roy-VirtualBox kernel: [   46.710480] audit: type=1400 audit(1540850735.378:169): apparmor="STATUS" operation="profile_replace" info="same as current profile, skipping" profile="unconfined" name="snap.core.hook.configure" pid=1850 comm="apparmor_parser"
Oct 29 18:05:35 roy-VirtualBox kernel: [   46.828249] audit: type=1400 audit(1540850735.494:170): apparmor="STATUS" operation="profile_replace" info="same as current profile, skipping" profile="unconfined" name="snap-update-ns.gnome-logs" pid=1856 comm="apparmor_parser"
Oct 29 18:05:35 roy-VirtualBox kernel: [   47.132733] audit: type=1400 audit(1540850735.802:171): apparmor="STATUS" operation="profile_replace" profile="unconfined" name="snap.gnome-logs.gnome-logs" pid=1858 comm="apparmor_parser"
Oct 29 18:05:35 roy-VirtualBox kernel: [   47.257313] audit: type=1400 audit(1540850735.926:172): apparmor="STATUS" operation="profile_replace" info="same as current profile, skipping" profile="unconfined" name="/snap/core/4917/usr/lib/snapd/snap-confine" pid=1864 comm="apparmor_parser"
Oct 29 18:05:35 roy-VirtualBox kernel: [   47.257317] audit: type=1400 audit(1540850735.926:173): apparmor="STATUS" operation="profile_replace" info="same as current profile, skipping" profile="unconfined" name="/snap/core/4917/usr/lib/snapd/snap-confine//mount-namespace-capture-helper" pid=1864 comm="apparmor_parser"
Oct 29 18:05:35 roy-VirtualBox kernel: [   47.271625] audit: type=1400 audit(1540850735.938:174): apparmor="STATUS" operation="profile_replace" info="same as current profile, skipping" profile="unconfined" name="snap-update-ns.core" pid=1866 comm="apparmor_parser"
Oct 29 18:05:40 roy-VirtualBox kernel: [   51.613610] kauditd_printk_skb: 20 callbacks suppressed
Oct 29 18:05:40 roy-VirtualBox kernel: [   51.613611] audit: type=1400 audit(1540850740.282:195): apparmor="STATUS" operation="profile_load" profile="unconfined" name="snap.gnome-system-monitor.gnome-system-monitor" pid=1988 comm="apparmor_parser"
Oct 29 18:05:40 roy-VirtualBox kernel: [   51.923466] audit: type=1400 audit(1540850740.590:196): apparmor="STATUS" operation="profile_replace" info="same as current profile, skipping" profile="unconfined" name="/snap/core/4917/usr/lib/snapd/snap-confine" pid=1995 comm="apparmor_parser"
Oct 29 18:05:40 roy-VirtualBox kernel: [   51.923470] audit: type=1400 audit(1540850740.590:197): apparmor="STATUS" operation="profile_replace" info="same as current profile, skipping" profile="unconfined" name="/snap/core/4917/usr/lib/snapd/snap-confine//mount-namespace-capture-helper" pid=1995 comm="apparmor_parser"
Oct 29 18:05:40 roy-VirtualBox kernel: [   51.933856] audit: type=1400 audit(1540850740.602:198): apparmor="STATUS" operation="profile_replace" info="same as current profile, skipping" profile="unconfined" name="snap-update-ns.core" pid=1997 comm="apparmor_parser"
Oct 29 18:05:40 roy-VirtualBox kernel: [   51.944112] audit: type=1400 audit(1540850740.614:199): apparmor="STATUS" operation="profile_replace" info="same as current profile, skipping" profile="unconfined" name="snap.core.hook.configure" pid=1999 comm="apparmor_parser"
Oct 29 18:05:40 roy-VirtualBox kernel: [   52.189093] audit: type=1400 audit(1540850740.858:200): apparmor="STATUS" operation="profile_replace" info="same as current profile, skipping" profile="unconfined" name="snap-update-ns.gnome-system-monitor" pid=2005 comm="apparmor_parser"
Oct 29 18:05:41 roy-VirtualBox kernel: [   52.472717] audit: type=1400 audit(1540850741.142:201): apparmor="STATUS" operation="profile_replace" profile="unconfined" name="snap.gnome-system-monitor.gnome-system-monitor" pid=2007 comm="apparmor_parser"
Oct 29 18:05:41 roy-VirtualBox kernel: [   52.890860] audit: type=1400 audit(1540850741.558:202): apparmor="STATUS" operation="profile_replace" profile="unconfined" name="snap-update-ns.gnome-system-monitor" pid=2013 comm="apparmor_parser"
Oct 29 18:05:41 roy-VirtualBox kernel: [   53.186081] audit: type=1400 audit(1540850741.854:203): apparmor="STATUS" operation="profile_replace" profile="unconfined" name="snap.gnome-system-monitor.gnome-system-monitor" pid=2015 comm="apparmor_parser"
Oct 29 18:05:42 roy-VirtualBox kernel: [   53.447757] audit: type=1400 audit(1540850742.114:204): apparmor="STATUS" operation="profile_replace" info="same as current profile, skipping" profile="unconfined" name="/snap/core/4917/usr/lib/snapd/snap-confine" pid=2021 comm="apparmor_parser"
Oct 29 18:05:45 roy-VirtualBox kernel: [   56.766648] kauditd_printk_skb: 27 callbacks suppressed
Oct 29 18:05:45 roy-VirtualBox kernel: [   56.766650] audit: type=1400 audit(1540850745.434:232): apparmor="STATUS" operation="profile_replace" info="same as current profile, skipping" profile="unconfined" name="/snap/core/4917/usr/lib/snapd/snap-confine" pid=2109 comm="apparmor_parser"
Oct 29 18:05:45 roy-VirtualBox kernel: [   56.766653] audit: type=1400 audit(1540850745.434:233): apparmor="STATUS" operation="profile_replace" info="same as current profile, skipping" profile="unconfined" name="/snap/core/4917/usr/lib/snapd/snap-confine//mount-namespace-capture-helper" pid=2109 comm="apparmor_parser"
Oct 29 18:05:45 roy-VirtualBox kernel: [   56.782333] audit: type=1400 audit(1540850745.450:234): apparmor="STATUS" operation="profile_replace" info="same as current profile, skipping" profile="unconfined" name="snap-update-ns.core" pid=2111 comm="apparmor_parser"
Oct 29 18:05:45 roy-VirtualBox kernel: [   56.795627] audit: type=1400 audit(1540850745.462:235): apparmor="STATUS" operation="profile_replace" info="same as current profile, skipping" profile="unconfined" name="snap.core.hook.configure" pid=2113 comm="apparmor_parser"
Oct 29 18:05:45 roy-VirtualBox kernel: [   56.858718] audit: type=1400 audit(1540850745.526:236): apparmor="STATUS" operation="profile_replace" info="same as current profile, skipping" profile="unconfined" name="snap-update-ns.gnome-system-monitor" pid=2119 comm="apparmor_parser"
Oct 29 18:05:45 roy-VirtualBox kernel: [   57.088843] audit: type=1400 audit(1540850745.758:237): apparmor="STATUS" operation="profile_replace" profile="unconfined" name="snap.gnome-system-monitor.gnome-system-monitor" pid=2121 comm="apparmor_parser"
Oct 29 18:05:45 roy-VirtualBox kernel: [   57.236050] audit: type=1400 audit(1540850745.902:238): apparmor="STATUS" operation="profile_replace" info="same as current profile, skipping" profile="unconfined" name="/snap/core/4917/usr/lib/snapd/snap-confine" pid=2127 comm="apparmor_parser"
Oct 29 18:05:45 roy-VirtualBox kernel: [   57.236053] audit: type=1400 audit(1540850745.902:239): apparmor="STATUS" operation="profile_replace" info="same as current profile, skipping" profile="unconfined" name="/snap/core/4917/usr/lib/snapd/snap-confine//mount-namespace-capture-helper" pid=2127 comm="apparmor_parser"
Oct 29 18:05:45 roy-VirtualBox kernel: [   57.251286] audit: type=1400 audit(1540850745.918:240): apparmor="STATUS" operation="profile_replace" info="same as current profile, skipping" profile="unconfined" name="snap-update-ns.core" pid=2129 comm="apparmor_parser"
Oct 29 18:05:45 roy-VirtualBox kernel: [   57.266888] audit: type=1400 audit(1540850745.934:241): apparmor="STATUS" operation="profile_replace" info="same as current profile, skipping" profile="unconfined" name="snap.core.hook.configure" pid=2131 comm="apparmor_parser"
Oct 29 18:07:52 roy-VirtualBox kernel: [  183.897393] rfkill: input handler disabled
Oct 29 18:08:12 roy-VirtualBox kernel: [  204.319746] e1000: enp0s3 NIC Link is Down
Oct 29 18:08:17 roy-VirtualBox kernel: [  208.352854] e1000: enp0s3 NIC Link is Up 1000 Mbps Full Duplex, Flow Control: RX
Oct 29 18:11:04 roy-VirtualBox kernel: [  375.540793] rfkill: input handler enabled
Oct 29 18:25:24 roy-VirtualBox kernel: [    0.000000] Linux version 4.15.0-29-generic (buildd@lgw01-amd64-057) (gcc version 7.3.0 (Ubuntu 7.3.0-16ubuntu3)) #31-Ubuntu SMP Tue Jul 17 15:39:52 UTC 2018 (Ubuntu 4.15.0-29.31-generic 4.15.18)
Oct 29 18:25:24 roy-VirtualBox kernel: [    0.000000] Command line: BOOT_IMAGE=/boot/vmlinuz-4.15.0-29-generic root=UUID=aa4d5d87-6944-4c2d-87fd-6794d89ce045 ro quiet splash
Oct 29 18:25:24 roy-VirtualBox kernel: [    0.000000] KERNEL supported cpus:
Oct 29 18:25:24 roy-VirtualBox kernel: [    0.000000]   Intel GenuineIntel
Oct 29 18:25:24 roy-VirtualBox kernel: [    0.000000]   AMD AuthenticAMD
Oct 29 18:25:24 roy-VirtualBox kernel: [    0.000000]   Centaur CentaurHauls
Oct 29 18:25:24 roy-VirtualBox kernel: [    0.000000] x86/fpu: Supporting XSAVE feature 0x001: 'x87 floating point registers'
Oct 29 18:25:24 roy-VirtualBox kernel: [    0.000000] x86/fpu: Supporting XSAVE feature 0x002: 'SSE registers'
Oct 29 18:25:24 roy-VirtualBox kernel: [    0.000000] x86/fpu: Supporting XSAVE feature 0x004: 'AVX registers'
Oct 29 18:25:24 roy-VirtualBox kernel: [    0.000000] x86/fpu: xstate_offset[2]:  576, xstate_sizes[2]:  256
Oct 29 18:25:24 roy-VirtualBox kernel: [    0.000000] x86/fpu: Enabled xstate features 0x7, context size is 832 bytes, using 'standard' format.
Oct 29 18:25:24 roy-VirtualBox kernel: [    0.000000] e820: BIOS-provided physical RAM map:
Oct 29 18:25:24 roy-VirtualBox kernel: [    0.000000] BIOS-e820: [mem 0x0000000000000000-0x000000000009fbff] usable
Oct 29 18:25:24 roy-VirtualBox kernel: [    0.000000] BIOS-e820: [mem 0x000000000009fc00-0x000000000009ffff] reserved
Oct 29 18:25:24 roy-VirtualBox kernel: [    0.000000] BIOS-e820: [mem 0x00000000000f0000-0x00000000000fffff] reserved
Oct 29 18:25:24 roy-VirtualBox kernel: [    0.000000] BIOS-e820: [mem 0x0000000000100000-0x00000000dffeffff] usable
Oct 29 18:25:24 roy-VirtualBox kernel: [    0.000000] BIOS-e820: [mem 0x00000000dfff0000-0x00000000dfffffff] ACPI data
Oct 29 18:25:24 roy-VirtualBox kernel: [    0.000000] BIOS-e820: [mem 0x00000000fec00000-0x00000000fec00fff] reserved
Oct 29 18:25:24 roy-VirtualBox kernel: [    0.000000] BIOS-e820: [mem 0x00000000fee00000-0x00000000fee00fff] reserved
Oct 29 18:25:24 roy-VirtualBox kernel: [    0.000000] BIOS-e820: [mem 0x00000000fffc0000-0x00000000ffffffff] reserved
Oct 29 18:25:24 roy-VirtualBox kernel: [    0.000000] BIOS-e820: [mem 0x0000000100000000-0x000000011fffffff] usable
Oct 29 18:25:24 roy-VirtualBox kernel: [    0.000000] NX (Execute Disable) protection: active
Oct 29 18:25:24 roy-VirtualBox kernel: [    0.000000] SMBIOS 2.5 present.
Oct 29 18:25:24 roy-VirtualBox kernel: [    0.000000] DMI: innotek GmbH VirtualBox/VirtualBox, BIOS VirtualBox 12/01/2006
Oct 29 18:25:24 roy-VirtualBox kernel: [    0.000000] Hypervisor detected: KVM
Oct 29 18:25:24 roy-VirtualBox kernel: [    0.000000] e820: update [mem 0x00000000-0x00000fff] usable ==> reserved
Oct 29 18:25:24 roy-VirtualBox kernel: [    0.000000] e820: remove [mem 0x000a0000-0x000fffff] usable
Oct 29 18:25:24 roy-VirtualBox kernel: [    0.000000] e820: last_pfn = 0x120000 max_arch_pfn = 0x400000000
Oct 29 18:25:24 roy-VirtualBox kernel: [    0.000000] MTRR default type: uncachable
Oct 29 18:25:24 roy-VirtualBox kernel: [    0.000000] MTRR variable ranges disabled:
Oct 29 18:25:24 roy-VirtualBox kernel: [    0.000000] MTRR: Disabled
Oct 29 18:25:24 roy-VirtualBox kernel: [    0.000000] x86/PAT: MTRRs disabled, skipping PAT initialization too.
Oct 29 18:25:24 roy-VirtualBox kernel: [    0.000000] CPU MTRRs all blank - virtualized system.
Oct 29 18:25:24 roy-VirtualBox kernel: [    0.000000] x86/PAT: Configuration [0-7]: WB  WT  UC- UC  WB  WT  UC- UC  
Oct 29 18:25:24 roy-VirtualBox kernel: [    0.000000] e820: last_pfn = 0xdfff0 max_arch_pfn = 0x400000000
Oct 29 18:25:24 roy-VirtualBox kernel: [    0.000000] found SMP MP-table at [mem 0x0009fff0-0x0009ffff] mapped at [        (ptrval)]
Oct 29 18:25:24 roy-VirtualBox kernel: [    0.000000] Scanning 1 areas for low memory corruption
Oct 29 18:25:24 roy-VirtualBox kernel: [    0.000000] Base memory trampoline at [        (ptrval)] 99000 size 24576
Oct 29 18:25:24 roy-VirtualBox kernel: [    0.000000] BRK [0x7413f000, 0x7413ffff] PGTABLE
Oct 29 18:25:24 roy-VirtualBox kernel: [    0.000000] BRK [0x74140000, 0x74140fff] PGTABLE
Oct 29 18:25:24 roy-VirtualBox kernel: [    0.000000] BRK [0x74141000, 0x74141fff] PGTABLE
Oct 29 18:25:24 roy-VirtualBox kernel: [    0.000000] BRK [0x74142000, 0x74142fff] PGTABLE
Oct 29 18:25:24 roy-VirtualBox kernel: [    0.000000] BRK [0x74143000, 0x74143fff] PGTABLE
Oct 29 18:25:24 roy-VirtualBox kernel: [    0.000000] RAMDISK: [mem 0x318c3000-0x34c58fff]
Oct 29 18:25:24 roy-VirtualBox kernel: [    0.000000] ACPI: Early table checksum verification disabled
Oct 29 18:25:24 roy-VirtualBox kernel: [    0.000000] ACPI: RSDP 0x00000000000E0000 000024 (v02 VBOX  )
Oct 29 18:25:24 roy-VirtualBox kernel: [    0.000000] ACPI: XSDT 0x00000000DFFF0030 00003C (v01 VBOX   VBOXXSDT 00000001 ASL  00000061)
Oct 29 18:25:24 roy-VirtualBox kernel: [    0.000000] ACPI: FACP 0x00000000DFFF00F0 0000F4 (v04 VBOX   VBOXFACP 00000001 ASL  00000061)
Oct 29 18:25:24 roy-VirtualBox kernel: [    0.000000] ACPI: DSDT 0x00000000DFFF0470 0021FF (v02 VBOX   VBOXBIOS 00000002 INTL 20100528)
Oct 29 18:25:24 roy-VirtualBox kernel: [    0.000000] ACPI: FACS 0x00000000DFFF0200 000040
Oct 29 18:25:24 roy-VirtualBox kernel: [    0.000000] ACPI: FACS 0x00000000DFFF0200 000040
Oct 29 18:25:24 roy-VirtualBox kernel: [    0.000000] ACPI: APIC 0x00000000DFFF0240 000054 (v02 VBOX   VBOXAPIC 00000001 ASL  00000061)
Oct 29 18:25:24 roy-VirtualBox kernel: [    0.000000] ACPI: SSDT 0x00000000DFFF02A0 0001CC (v01 VBOX   VBOXCPUT 00000002 INTL 20100528)
Oct 29 18:25:24 roy-VirtualBox kernel: [    0.000000] ACPI: Local APIC address 0xfee00000
Oct 29 18:25:24 roy-VirtualBox kernel: [    0.000000] No NUMA configuration found
Oct 29 18:25:24 roy-VirtualBox kernel: [    0.000000] Faking a node at [mem 0x0000000000000000-0x000000011fffffff]
Oct 29 18:25:24 roy-VirtualBox kernel: [    0.000000] NODE_DATA(0) allocated [mem 0x11ffd1000-0x11fffbfff]
Oct 29 18:25:24 roy-VirtualBox kernel: [    0.000000] kvm-clock: cpu 0, msr 1:1ff50001, primary cpu clock
Oct 29 18:25:24 roy-VirtualBox kernel: [    0.000000] kvm-clock: Using msrs 4b564d01 and 4b564d00
Oct 29 18:25:24 roy-VirtualBox kernel: [    0.000000] kvm-clock: using sched offset of 15591375334 cycles
Oct 29 18:25:24 roy-VirtualBox kernel: [    0.000000] clocksource: kvm-clock: mask: 0xffffffffffffffff max_cycles: 0x1cd42e4dffb, max_idle_ns: 881590591483 ns
Oct 29 18:25:24 roy-VirtualBox kernel: [    0.000000] Zone ranges:
Oct 29 18:25:24 roy-VirtualBox kernel: [    0.000000]   DMA      [mem 0x0000000000001000-0x0000000000ffffff]
Oct 29 18:25:24 roy-VirtualBox kernel: [    0.000000]   DMA32    [mem 0x0000000001000000-0x00000000ffffffff]
Oct 29 18:25:24 roy-VirtualBox kernel: [    0.000000]   Normal   [mem 0x0000000100000000-0x000000011fffffff]
Oct 29 18:25:24 roy-VirtualBox kernel: [    0.000000]   Device   empty
Oct 29 18:25:24 roy-VirtualBox kernel: [    0.000000] Movable zone start for each node
Oct 29 18:25:24 roy-VirtualBox kernel: [    0.000000] Early memory node ranges
Oct 29 18:25:24 roy-VirtualBox kernel: [    0.000000]   node   0: [mem 0x0000000000001000-0x000000000009efff]
Oct 29 18:25:24 roy-VirtualBox kernel: [    0.000000]   node   0: [mem 0x0000000000100000-0x00000000dffeffff]
Oct 29 18:25:24 roy-VirtualBox kernel: [    0.000000]   node   0: [mem 0x0000000100000000-0x000000011fffffff]
Oct 29 18:25:24 roy-VirtualBox kernel: [    0.000000] Initmem setup node 0 [mem 0x0000000000001000-0x000000011fffffff]
Oct 29 18:25:24 roy-VirtualBox kernel: [    0.000000] On node 0 totalpages: 1048462
Oct 29 18:25:24 roy-VirtualBox kernel: [    0.000000]   DMA zone: 64 pages used for memmap
Oct 29 18:25:24 roy-VirtualBox kernel: [    0.000000]   DMA zone: 21 pages reserved
Oct 29 18:25:24 roy-VirtualBox kernel: [    0.000000]   DMA zone: 3998 pages, LIFO batch:0
Oct 29 18:25:24 roy-VirtualBox kernel: [    0.000000]   DMA32 zone: 14272 pages used for memmap
Oct 29 18:25:24 roy-VirtualBox kernel: [    0.000000]   DMA32 zone: 913392 pages, LIFO batch:31
Oct 29 18:25:24 roy-VirtualBox kernel: [    0.000000]   Normal zone: 2048 pages used for memmap
Oct 29 18:25:24 roy-VirtualBox kernel: [    0.000000]   Normal zone: 131072 pages, LIFO batch:31
Oct 29 18:25:24 roy-VirtualBox kernel: [    0.000000] Reserved but unavailable: 98 pages
Oct 29 18:25:24 roy-VirtualBox kernel: [    0.000000] ACPI: PM-Timer IO Port: 0x4008
Oct 29 18:25:24 roy-VirtualBox kernel: [    0.000000] ACPI: Local APIC address 0xfee00000
Oct 29 18:25:24 roy-VirtualBox kernel: [    0.000000] IOAPIC[0]: apic_id 1, version 32, address 0xfec00000, GSI 0-23
Oct 29 18:25:24 roy-VirtualBox kernel: [    0.000000] ACPI: INT_SRC_OVR (bus 0 bus_irq 0 global_irq 2 dfl dfl)
Oct 29 18:25:24 roy-VirtualBox kernel: [    0.000000] ACPI: INT_SRC_OVR (bus 0 bus_irq 9 global_irq 9 low level)
Oct 29 18:25:24 roy-VirtualBox kernel: [    0.000000] ACPI: IRQ0 used by override.
Oct 29 18:25:24 roy-VirtualBox kernel: [    0.000000] ACPI: IRQ9 used by override.
Oct 29 18:25:24 roy-VirtualBox kernel: [    0.000000] Using ACPI (MADT) for SMP configuration information
Oct 29 18:25:24 roy-VirtualBox kernel: [    0.000000] smpboot: Allowing 1 CPUs, 0 hotplug CPUs
Oct 29 18:25:24 roy-VirtualBox kernel: [    0.000000] PM: Registered nosave memory: [mem 0x00000000-0x00000fff]
Oct 29 18:25:24 roy-VirtualBox kernel: [    0.000000] PM: Registered nosave memory: [mem 0x0009f000-0x0009ffff]
Oct 29 18:25:24 roy-VirtualBox kernel: [    0.000000] PM: Registered nosave memory: [mem 0x000a0000-0x000effff]
Oct 29 18:25:24 roy-VirtualBox kernel: [    0.000000] PM: Registered nosave memory: [mem 0x000f0000-0x000fffff]
Oct 29 18:25:24 roy-VirtualBox kernel: [    0.000000] PM: Registered nosave memory: [mem 0xdfff0000-0xdfffffff]
Oct 29 18:25:24 roy-VirtualBox kernel: [    0.000000] PM: Registered nosave memory: [mem 0xe0000000-0xfebfffff]
Oct 29 18:25:24 roy-VirtualBox kernel: [    0.000000] PM: Registered nosave memory: [mem 0xfec00000-0xfec00fff]
Oct 29 18:25:24 roy-VirtualBox kernel: [    0.000000] PM: Registered nosave memory: [mem 0xfec01000-0xfedfffff]
Oct 29 18:25:24 roy-VirtualBox kernel: [    0.000000] PM: Registered nosave memory: [mem 0xfee00000-0xfee00fff]
Oct 29 18:25:24 roy-VirtualBox kernel: [    0.000000] PM: Registered nosave memory: [mem 0xfee01000-0xfffbffff]
Oct 29 18:25:24 roy-VirtualBox kernel: [    0.000000] PM: Registered nosave memory: [mem 0xfffc0000-0xffffffff]
Oct 29 18:25:24 roy-VirtualBox kernel: [    0.000000] e820: [mem 0xe0000000-0xfebfffff] available for PCI devices
Oct 29 18:25:24 roy-VirtualBox kernel: [    0.000000] Booting paravirtualized kernel on KVM
Oct 29 18:25:24 roy-VirtualBox kernel: [    0.000000] clocksource: refined-jiffies: mask: 0xffffffff max_cycles: 0xffffffff, max_idle_ns: 7645519600211568 ns
Oct 29 18:25:24 roy-VirtualBox kernel: [    0.000000] random: get_random_bytes called from start_kernel+0x99/0x4fd with crng_init=0
Oct 29 18:25:24 roy-VirtualBox kernel: [    0.000000] setup_percpu: NR_CPUS:8192 nr_cpumask_bits:1 nr_cpu_ids:1 nr_node_ids:1
Oct 29 18:25:24 roy-VirtualBox kernel: [    0.000000] percpu: Embedded 46 pages/cpu @        (ptrval) s151552 r8192 d28672 u2097152
Oct 29 18:25:24 roy-VirtualBox kernel: [    0.000000] pcpu-alloc: s151552 r8192 d28672 u2097152 alloc=1*2097152
Oct 29 18:25:24 roy-VirtualBox kernel: [    0.000000] pcpu-alloc: [0] 0 
Oct 29 18:25:24 roy-VirtualBox kernel: [    0.000000] PV qspinlock hash table entries: 256 (order: 0, 4096 bytes)
Oct 29 18:25:24 roy-VirtualBox kernel: [    0.000000] Built 1 zonelists, mobility grouping on.  Total pages: 1032057
Oct 29 18:25:24 roy-VirtualBox kernel: [    0.000000] Policy zone: Normal
Oct 29 18:25:24 roy-VirtualBox kernel: [    0.000000] Kernel command line: BOOT_IMAGE=/boot/vmlinuz-4.15.0-29-generic root=UUID=aa4d5d87-6944-4c2d-87fd-6794d89ce045 ro quiet splash
Oct 29 18:25:24 roy-VirtualBox kernel: [    0.000000] Calgary: detecting Calgary via BIOS EBDA area
Oct 29 18:25:24 roy-VirtualBox kernel: [    0.000000] Calgary: Unable to locate Rio Grande table in EBDA - bailing!
Oct 29 18:25:24 roy-VirtualBox kernel: [    0.000000] Memory: 3980552K/4193848K available (12300K kernel code, 2470K rwdata, 4240K rodata, 2408K init, 2416K bss, 213296K reserved, 0K cma-reserved)
Oct 29 18:25:24 roy-VirtualBox kernel: [    0.000000] SLUB: HWalign=64, Order=0-3, MinObjects=0, CPUs=1, Nodes=1
Oct 29 18:25:24 roy-VirtualBox kernel: [    0.000000] Kernel/User page tables isolation: enabled
Oct 29 18:25:24 roy-VirtualBox kernel: [    0.000000] ftrace: allocating 39092 entries in 153 pages
Oct 29 18:25:24 roy-VirtualBox kernel: [    0.004000] Hierarchical RCU implementation.
Oct 29 18:25:24 roy-VirtualBox kernel: [    0.004000] 	RCU restricting CPUs from NR_CPUS=8192 to nr_cpu_ids=1.
Oct 29 18:25:24 roy-VirtualBox kernel: [    0.004000] 	Tasks RCU enabled.
Oct 29 18:25:24 roy-VirtualBox kernel: [    0.004000] RCU: Adjusting geometry for rcu_fanout_leaf=16, nr_cpu_ids=1
Oct 29 18:25:24 roy-VirtualBox kernel: [    0.004000] NR_IRQS: 524544, nr_irqs: 256, preallocated irqs: 16
Oct 29 18:25:24 roy-VirtualBox kernel: [    0.004000] Console: colour VGA+ 80x25
Oct 29 18:25:24 roy-VirtualBox kernel: [    0.004000] console [tty0] enabled
Oct 29 18:25:24 roy-VirtualBox kernel: [    0.004000] ACPI: Core revision 20170831
Oct 29 18:25:24 roy-VirtualBox kernel: [    0.004000] ACPI: 2 ACPI AML tables successfully acquired and loaded
Oct 29 18:25:24 roy-VirtualBox kernel: [    0.004000] APIC: Switch to symmetric I/O mode setup
Oct 29 18:25:24 roy-VirtualBox kernel: [    0.004000] x2apic enabled
Oct 29 18:25:24 roy-VirtualBox kernel: [    0.004000] Switched APIC routing to physical x2apic.
Oct 29 18:25:24 roy-VirtualBox kernel: [    0.004000] ..TIMER: vector=0x30 apic1=0 pin1=2 apic2=-1 pin2=-1
Oct 29 18:25:24 roy-VirtualBox kernel: [    0.004000] tsc: Detected 1992.001 MHz processor
Oct 29 18:25:24 roy-VirtualBox kernel: [    0.004000] Calibrating delay loop (skipped) preset value.. 3984.00 BogoMIPS (lpj=7968004)
Oct 29 18:25:24 roy-VirtualBox kernel: [    0.004000] pid_max: default: 32768 minimum: 301
Oct 29 18:25:24 roy-VirtualBox kernel: [    0.004000] Security Framework initialized
Oct 29 18:25:24 roy-VirtualBox kernel: [    0.004000] Yama: becoming mindful.
Oct 29 18:25:24 roy-VirtualBox kernel: [    0.004000] AppArmor: AppArmor initialized
Oct 29 18:25:24 roy-VirtualBox kernel: [    0.012155] Dentry cache hash table entries: 524288 (order: 10, 4194304 bytes)
Oct 29 18:25:24 roy-VirtualBox kernel: [    0.016140] Inode-cache hash table entries: 262144 (order: 9, 2097152 bytes)
Oct 29 18:25:24 roy-VirtualBox kernel: [    0.016162] Mount-cache hash table entries: 8192 (order: 4, 65536 bytes)
Oct 29 18:25:24 roy-VirtualBox kernel: [    0.016172] Mountpoint-cache hash table entries: 8192 (order: 4, 65536 bytes)
Oct 29 18:25:24 roy-VirtualBox kernel: [    0.016421] CPU: Physical Processor ID: 0
Oct 29 18:25:24 roy-VirtualBox kernel: [    0.016444] mce: CPU supports 0 MCE banks
Oct 29 18:25:24 roy-VirtualBox kernel: [    0.016457] process: using mwait in idle threads
Oct 29 18:25:24 roy-VirtualBox kernel: [    0.016462] Last level iTLB entries: 4KB 64, 2MB 8, 4MB 8
Oct 29 18:25:24 roy-VirtualBox kernel: [    0.016463] Last level dTLB entries: 4KB 64, 2MB 0, 4MB 0, 1GB 4
Oct 29 18:25:24 roy-VirtualBox kernel: [    0.016465] Spectre V2 : Mitigation: Full generic retpoline
Oct 29 18:25:24 roy-VirtualBox kernel: [    0.016466] Spectre V2 : Spectre v2 mitigation: Filling RSB on context switch
Oct 29 18:25:24 roy-VirtualBox kernel: [    0.016467] Speculative Store Bypass: Vulnerable
Oct 29 18:25:24 roy-VirtualBox kernel: [    0.068649] Freeing SMP alternatives memory: 36K
Oct 29 18:25:24 roy-VirtualBox kernel: [    0.088000] smpboot: CPU0: Intel(R) Core(TM) i7-8550U CPU @ 1.80GHz (family: 0x6, model: 0x8e, stepping: 0xa)
Oct 29 18:25:24 roy-VirtualBox kernel: [    0.088000] Performance Events: unsupported p6 CPU model 142 no PMU driver, software events only.
Oct 29 18:25:24 roy-VirtualBox kernel: [    0.088000] Hierarchical SRCU implementation.
Oct 29 18:25:24 roy-VirtualBox kernel: [    0.088000] NMI watchdog: Perf event create on CPU 0 failed with -2
Oct 29 18:25:24 roy-VirtualBox kernel: [    0.088000] NMI watchdog: Perf NMI watchdog permanently disabled
Oct 29 18:25:24 roy-VirtualBox kernel: [    0.088000] smp: Bringing up secondary CPUs ...
Oct 29 18:25:24 roy-VirtualBox kernel: [    0.088000] smp: Brought up 1 node, 1 CPU
Oct 29 18:25:24 roy-VirtualBox kernel: [    0.088000] smpboot: Max logical packages: 1
Oct 29 18:25:24 roy-VirtualBox kernel: [    0.088000] smpboot: Total of 1 processors activated (3984.00 BogoMIPS)
Oct 29 18:25:24 roy-VirtualBox kernel: [    0.088000] devtmpfs: initialized
Oct 29 18:25:24 roy-VirtualBox kernel: [    0.088000] x86/mm: Memory block size: 128MB
Oct 29 18:25:24 roy-VirtualBox kernel: [    0.092259] evm: security.selinux
Oct 29 18:25:24 roy-VirtualBox kernel: [    0.092260] evm: security.SMACK64
Oct 29 18:25:24 roy-VirtualBox kernel: [    0.092260] evm: security.SMACK64EXEC
Oct 29 18:25:24 roy-VirtualBox kernel: [    0.092261] evm: security.SMACK64TRANSMUTE
Oct 29 18:25:24 roy-VirtualBox kernel: [    0.092262] evm: security.SMACK64MMAP
Oct 29 18:25:24 roy-VirtualBox kernel: [    0.092262] evm: security.apparmor
Oct 29 18:25:24 roy-VirtualBox kernel: [    0.092263] evm: security.ima
Oct 29 18:25:24 roy-VirtualBox kernel: [    0.092263] evm: security.capability
Oct 29 18:25:24 roy-VirtualBox kernel: [    0.092395] clocksource: jiffies: mask: 0xffffffff max_cycles: 0xffffffff, max_idle_ns: 7645041785100000 ns
Oct 29 18:25:24 roy-VirtualBox kernel: [    0.092400] futex hash table entries: 256 (order: 2, 16384 bytes)
Oct 29 18:25:24 roy-VirtualBox kernel: [    0.092436] pinctrl core: initialized pinctrl subsystem
Oct 29 18:25:24 roy-VirtualBox kernel: [    0.096026] RTC time: 22:25:19, date: 10/29/18
Oct 29 18:25:24 roy-VirtualBox kernel: [    0.096116] NET: Registered protocol family 16
Oct 29 18:25:24 roy-VirtualBox kernel: [    0.096203] audit: initializing netlink subsys (disabled)
Oct 29 18:25:24 roy-VirtualBox kernel: [    0.096322] cpuidle: using governor ladder
Oct 29 18:25:24 roy-VirtualBox kernel: [    0.096323] cpuidle: using governor menu
Oct 29 18:25:24 roy-VirtualBox kernel: [    0.096376] ACPI: bus type PCI registered
Oct 29 18:25:24 roy-VirtualBox kernel: [    0.096377] acpiphp: ACPI Hot Plug PCI Controller Driver version: 0.5
Oct 29 18:25:24 roy-VirtualBox kernel: [    0.104002] PCI: Using configuration type 1 for base access
Oct 29 18:25:24 roy-VirtualBox kernel: [    0.104035] audit: type=2000 audit(1540851937.612:1): state=initialized audit_enabled=0 res=1
Oct 29 18:25:24 roy-VirtualBox kernel: [    0.105381] HugeTLB registered 2.00 MiB page size, pre-allocated 0 pages
Oct 29 18:25:24 roy-VirtualBox kernel: [    0.105533] ACPI: Added _OSI(Module Device)
Oct 29 18:25:24 roy-VirtualBox kernel: [    0.105534] ACPI: Added _OSI(Processor Device)
Oct 29 18:25:24 roy-VirtualBox kernel: [    0.105534] ACPI: Added _OSI(3.0 _SCP Extensions)
Oct 29 18:25:24 roy-VirtualBox kernel: [    0.105535] ACPI: Added _OSI(Processor Aggregator Device)
Oct 29 18:25:24 roy-VirtualBox kernel: [    0.105536] ACPI: Added _OSI(Linux-Dell-Video)
Oct 29 18:25:24 roy-VirtualBox kernel: [    0.112238] ACPI: Executed 1 blocks of module-level executable AML code
Oct 29 18:25:24 roy-VirtualBox kernel: [    0.117248] ACPI: Interpreter enabled
Oct 29 18:25:24 roy-VirtualBox kernel: [    0.117260] ACPI: (supports S0 S5)
Oct 29 18:25:24 roy-VirtualBox kernel: [    0.117261] ACPI: Using IOAPIC for interrupt routing
Oct 29 18:25:24 roy-VirtualBox kernel: [    0.117585] PCI: Using host bridge windows from ACPI; if necessary, use "pci=nocrs" and report a bug
Oct 29 18:25:24 roy-VirtualBox kernel: [    0.117786] ACPI: Enabled 2 GPEs in block 00 to 07
Oct 29 18:25:24 roy-VirtualBox kernel: [    0.125499] ACPI: PCI Root Bridge [PCI0] (domain 0000 [bus 00-ff])
Oct 29 18:25:24 roy-VirtualBox kernel: [    0.125504] acpi PNP0A03:00: _OSC: OS supports [ASPM ClockPM Segments MSI]
Oct 29 18:25:24 roy-VirtualBox kernel: [    0.125528] acpi PNP0A03:00: _OSC: not requesting OS control; OS requires [ExtendedConfig ASPM ClockPM MSI]
Oct 29 18:25:24 roy-VirtualBox kernel: [    0.125538] acpi PNP0A03:00: fail to add MMCONFIG information, can't access extended PCI configuration space under this bridge.
Oct 29 18:25:24 roy-VirtualBox kernel: [    0.125944] PCI host bridge to bus 0000:00
Oct 29 18:25:24 roy-VirtualBox kernel: [    0.125947] pci_bus 0000:00: root bus resource [io  0x0000-0x0cf7 window]
Oct 29 18:25:24 roy-VirtualBox kernel: [    0.125948] pci_bus 0000:00: root bus resource [io  0x0d00-0xffff window]
Oct 29 18:25:24 roy-VirtualBox kernel: [    0.125950] pci_bus 0000:00: root bus resource [mem 0x000a0000-0x000bffff window]
Oct 29 18:25:24 roy-VirtualBox kernel: [    0.125951] pci_bus 0000:00: root bus resource [mem 0xe0000000-0xfdffffff window]
Oct 29 18:25:24 roy-VirtualBox kernel: [    0.125953] pci_bus 0000:00: root bus resource [bus 00-ff]
Oct 29 18:25:24 roy-VirtualBox kernel: [    0.126002] pci 0000:00:00.0: [8086:1237] type 00 class 0x060000
Oct 29 18:25:24 roy-VirtualBox kernel: [    0.126700] pci 0000:00:01.0: [8086:7000] type 00 class 0x060100
Oct 29 18:25:24 roy-VirtualBox kernel: [    0.127550] pci 0000:00:01.1: [8086:7111] type 00 class 0x01018a
Oct 29 18:25:24 roy-VirtualBox kernel: [    0.128024] pci 0000:00:01.1: reg 0x20: [io  0xd000-0xd00f]
Oct 29 18:25:24 roy-VirtualBox kernel: [    0.128216] pci 0000:00:01.1: legacy IDE quirk: reg 0x10: [io  0x01f0-0x01f7]
Oct 29 18:25:24 roy-VirtualBox kernel: [    0.128218] pci 0000:00:01.1: legacy IDE quirk: reg 0x14: [io  0x03f6]
Oct 29 18:25:24 roy-VirtualBox kernel: [    0.128219] pci 0000:00:01.1: legacy IDE quirk: reg 0x18: [io  0x0170-0x0177]
Oct 29 18:25:24 roy-VirtualBox kernel: [    0.128220] pci 0000:00:01.1: legacy IDE quirk: reg 0x1c: [io  0x0376]
Oct 29 18:25:24 roy-VirtualBox kernel: [    0.128490] pci 0000:00:02.0: [80ee:beef] type 00 class 0x030000
Oct 29 18:25:24 roy-VirtualBox kernel: [    0.130780] pci 0000:00:02.0: reg 0x10: [mem 0xe0000000-0xe0ffffff pref]
Oct 29 18:25:24 roy-VirtualBox kernel: [    0.142664] pci 0000:00:03.0: [8086:100e] type 00 class 0x020000
Oct 29 18:25:24 roy-VirtualBox kernel: [    0.144102] pci 0000:00:03.0: reg 0x10: [mem 0xf0000000-0xf001ffff]
Oct 29 18:25:24 roy-VirtualBox kernel: [    0.148085] pci 0000:00:03.0: reg 0x18: [io  0xd010-0xd017]
Oct 29 18:25:24 roy-VirtualBox kernel: [    0.154192] pci 0000:00:04.0: [80ee:cafe] type 00 class 0x088000
Oct 29 18:25:24 roy-VirtualBox kernel: [    0.156102] pci 0000:00:04.0: reg 0x10: [io  0xd020-0xd03f]
Oct 29 18:25:24 roy-VirtualBox kernel: [    0.157655] pci 0000:00:04.0: reg 0x14: [mem 0xf0400000-0xf07fffff]
Oct 29 18:25:24 roy-VirtualBox kernel: [    0.160083] pci 0000:00:04.0: reg 0x18: [mem 0xf0800000-0xf0803fff pref]
Oct 29 18:25:24 roy-VirtualBox kernel: [    0.165866] pci 0000:00:05.0: [8086:2415] type 00 class 0x040100
Oct 29 18:25:24 roy-VirtualBox kernel: [    0.166061] pci 0000:00:05.0: reg 0x10: [io  0xd100-0xd1ff]
Oct 29 18:25:24 roy-VirtualBox kernel: [    0.166161] pci 0000:00:05.0: reg 0x14: [io  0xd200-0xd23f]
Oct 29 18:25:24 roy-VirtualBox kernel: [    0.168049] pci 0000:00:06.0: [106b:003f] type 00 class 0x0c0310
Oct 29 18:25:24 roy-VirtualBox kernel: [    0.169597] pci 0000:00:06.0: reg 0x10: [mem 0xf0804000-0xf0804fff]
Oct 29 18:25:24 roy-VirtualBox kernel: [    0.177905] pci 0000:00:07.0: [8086:7113] type 00 class 0x068000
Oct 29 18:25:24 roy-VirtualBox kernel: [    0.178552] pci 0000:00:07.0: quirk: [io  0x4000-0x403f] claimed by PIIX4 ACPI
Oct 29 18:25:24 roy-VirtualBox kernel: [    0.178565] pci 0000:00:07.0: quirk: [io  0x4100-0x410f] claimed by PIIX4 SMB
Oct 29 18:25:24 roy-VirtualBox kernel: [    0.178956] pci 0000:00:0d.0: [8086:2829] type 00 class 0x010601
Oct 29 18:25:24 roy-VirtualBox kernel: [    0.180091] pci 0000:00:0d.0: reg 0x10: [io  0xd240-0xd247]
Oct 29 18:25:24 roy-VirtualBox kernel: [    0.181508] pci 0000:00:0d.0: reg 0x14: [io  0xd248-0xd24b]
Oct 29 18:25:24 roy-VirtualBox kernel: [    0.184005] pci 0000:00:0d.0: reg 0x18: [io  0xd250-0xd257]
Oct 29 18:25:24 roy-VirtualBox kernel: [    0.185398] pci 0000:00:0d.0: reg 0x1c: [io  0xd258-0xd25b]
Oct 29 18:25:24 roy-VirtualBox kernel: [    0.186816] pci 0000:00:0d.0: reg 0x20: [io  0xd260-0xd26f]
Oct 29 18:25:24 roy-VirtualBox kernel: [    0.188088] pci 0000:00:0d.0: reg 0x24: [mem 0xf0806000-0xf0807fff]
Oct 29 18:25:24 roy-VirtualBox kernel: [    0.191807] ACPI: PCI Interrupt Link [LNKA] (IRQs 5 9 10 *11)
Oct 29 18:25:24 roy-VirtualBox kernel: [    0.192139] ACPI: PCI Interrupt Link [LNKB] (IRQs 5 9 *10 11)
Oct 29 18:25:24 roy-VirtualBox kernel: [    0.192283] ACPI: PCI Interrupt Link [LNKC] (IRQs 5 *9 10 11)
Oct 29 18:25:24 roy-VirtualBox kernel: [    0.192426] ACPI: PCI Interrupt Link [LNKD] (IRQs 5 9 10 *11)
Oct 29 18:25:24 roy-VirtualBox kernel: [    0.192744] SCSI subsystem initialized
Oct 29 18:25:24 roy-VirtualBox kernel: [    0.192780] libata version 3.00 loaded.
Oct 29 18:25:24 roy-VirtualBox kernel: [    0.192825] pci 0000:00:02.0: vgaarb: setting as boot VGA device
Oct 29 18:25:24 roy-VirtualBox kernel: [    0.192827] pci 0000:00:02.0: vgaarb: VGA device added: decodes=io+mem,owns=io+mem,locks=none
Oct 29 18:25:24 roy-VirtualBox kernel: [    0.192829] pci 0000:00:02.0: vgaarb: bridge control possible
Oct 29 18:25:24 roy-VirtualBox kernel: [    0.192830] vgaarb: loaded
Oct 29 18:25:24 roy-VirtualBox kernel: [    0.192847] ACPI: bus type USB registered
Oct 29 18:25:24 roy-VirtualBox kernel: [    0.192861] usbcore: registered new interface driver usbfs
Oct 29 18:25:24 roy-VirtualBox kernel: [    0.192868] usbcore: registered new interface driver hub
Oct 29 18:25:24 roy-VirtualBox kernel: [    0.192877] usbcore: registered new device driver usb
Oct 29 18:25:24 roy-VirtualBox kernel: [    0.192919] EDAC MC: Ver: 3.0.0
Oct 29 18:25:24 roy-VirtualBox kernel: [    0.193232] PCI: Using ACPI for IRQ routing
Oct 29 18:25:24 roy-VirtualBox kernel: [    0.193233] PCI: pci_cache_line_size set to 64 bytes
Oct 29 18:25:24 roy-VirtualBox kernel: [    0.193448] e820: reserve RAM buffer [mem 0x0009fc00-0x0009ffff]
Oct 29 18:25:24 roy-VirtualBox kernel: [    0.193449] e820: reserve RAM buffer [mem 0xdfff0000-0xdfffffff]
Oct 29 18:25:24 roy-VirtualBox kernel: [    0.193526] NetLabel: Initializing
Oct 29 18:25:24 roy-VirtualBox kernel: [    0.193527] NetLabel:  domain hash size = 128
Oct 29 18:25:24 roy-VirtualBox kernel: [    0.193528] NetLabel:  protocols = UNLABELED CIPSOv4 CALIPSO
Oct 29 18:25:24 roy-VirtualBox kernel: [    0.193544] NetLabel:  unlabeled traffic allowed by default
Oct 29 18:25:24 roy-VirtualBox kernel: [    0.193686] clocksource: Switched to clocksource kvm-clock
Oct 29 18:25:24 roy-VirtualBox kernel: [    0.273310] VFS: Disk quotas dquot_6.6.0
Oct 29 18:25:24 roy-VirtualBox kernel: [    0.273325] VFS: Dquot-cache hash table entries: 512 (order 0, 4096 bytes)
Oct 29 18:25:24 roy-VirtualBox kernel: [    0.273414] AppArmor: AppArmor Filesystem Enabled
Oct 29 18:25:24 roy-VirtualBox kernel: [    0.273437] pnp: PnP ACPI init
Oct 29 18:25:24 roy-VirtualBox kernel: [    0.273512] pnp 00:00: Plug and Play ACPI device, IDs PNP0303 (active)
Oct 29 18:25:24 roy-VirtualBox kernel: [    0.273602] pnp 00:01: Plug and Play ACPI device, IDs PNP0f03 (active)
Oct 29 18:25:24 roy-VirtualBox kernel: [    0.274599] pnp: PnP ACPI: found 2 devices
Oct 29 18:25:24 roy-VirtualBox kernel: [    0.303869] clocksource: acpi_pm: mask: 0xffffff max_cycles: 0xffffff, max_idle_ns: 2085701024 ns
Oct 29 18:25:24 roy-VirtualBox kernel: [    0.303878] pci_bus 0000:00: resource 4 [io  0x0000-0x0cf7 window]
Oct 29 18:25:24 roy-VirtualBox kernel: [    0.303880] pci_bus 0000:00: resource 5 [io  0x0d00-0xffff window]
Oct 29 18:25:24 roy-VirtualBox kernel: [    0.303881] pci_bus 0000:00: resource 6 [mem 0x000a0000-0x000bffff window]
Oct 29 18:25:24 roy-VirtualBox kernel: [    0.303883] pci_bus 0000:00: resource 7 [mem 0xe0000000-0xfdffffff window]
Oct 29 18:25:24 roy-VirtualBox kernel: [    0.303936] NET: Registered protocol family 2
Oct 29 18:25:24 roy-VirtualBox kernel: [    0.304103] TCP established hash table entries: 32768 (order: 6, 262144 bytes)
Oct 29 18:25:24 roy-VirtualBox kernel: [    0.304144] TCP bind hash table entries: 32768 (order: 7, 524288 bytes)
Oct 29 18:25:24 roy-VirtualBox kernel: [    0.304177] TCP: Hash tables configured (established 32768 bind 32768)
