Oct 29 21:50:57 ubuntu kernel: [    0.000000] Linux version 4.15.0-29-generic (buildd@lgw01-amd64-057) (gcc version 7.3.0 (Ubuntu 7.3.0-16ubuntu3)) #31-Ubuntu SMP Tue Jul 17 15:39:52 UTC 2018 (Ubuntu 4.15.0-29.31-generic 4.15.18)
Oct 29 21:50:57 ubuntu kernel: [    0.000000] Command line: file=/cdrom/preseed/ubuntu.seed boot=casper initrd=/casper/initrd.lz quiet splash --- maybe-ubiquity
Oct 29 21:50:57 ubuntu kernel: [    0.000000] KERNEL supported cpus:
Oct 29 21:50:57 ubuntu kernel: [    0.000000]   Intel GenuineIntel
Oct 29 21:50:57 ubuntu kernel: [    0.000000]   AMD AuthenticAMD
Oct 29 21:50:57 ubuntu kernel: [    0.000000]   Centaur CentaurHauls
Oct 29 21:50:57 ubuntu kernel: [    0.000000] x86/fpu: Supporting XSAVE feature 0x001: 'x87 floating point registers'
Oct 29 21:50:57 ubuntu kernel: [    0.000000] x86/fpu: Supporting XSAVE feature 0x002: 'SSE registers'
Oct 29 21:50:57 ubuntu kernel: [    0.000000] x86/fpu: Supporting XSAVE feature 0x004: 'AVX registers'
Oct 29 21:50:57 ubuntu kernel: [    0.000000] x86/fpu: xstate_offset[2]:  576, xstate_sizes[2]:  256
Oct 29 21:50:57 ubuntu kernel: [    0.000000] x86/fpu: Enabled xstate features 0x7, context size is 832 bytes, using 'standard' format.
Oct 29 21:50:57 ubuntu kernel: [    0.000000] e820: BIOS-provided physical RAM map:
Oct 29 21:50:57 ubuntu kernel: [    0.000000] BIOS-e820: [mem 0x0000000000000000-0x000000000009fbff] usable
Oct 29 21:50:57 ubuntu kernel: [    0.000000] BIOS-e820: [mem 0x000000000009fc00-0x000000000009ffff] reserved
Oct 29 21:50:57 ubuntu kernel: [    0.000000] BIOS-e820: [mem 0x00000000000f0000-0x00000000000fffff] reserved
Oct 29 21:50:57 ubuntu kernel: [    0.000000] BIOS-e820: [mem 0x0000000000100000-0x00000000dffeffff] usable
Oct 29 21:50:57 ubuntu kernel: [    0.000000] BIOS-e820: [mem 0x00000000dfff0000-0x00000000dfffffff] ACPI data
Oct 29 21:50:57 ubuntu kernel: [    0.000000] BIOS-e820: [mem 0x00000000fec00000-0x00000000fec00fff] reserved
Oct 29 21:50:57 ubuntu kernel: [    0.000000] BIOS-e820: [mem 0x00000000fee00000-0x00000000fee00fff] reserved
Oct 29 21:50:57 ubuntu kernel: [    0.000000] BIOS-e820: [mem 0x00000000fffc0000-0x00000000ffffffff] reserved
Oct 29 21:50:57 ubuntu kernel: [    0.000000] BIOS-e820: [mem 0x0000000100000000-0x000000011fffffff] usable
Oct 29 21:50:57 ubuntu kernel: [    0.000000] NX (Execute Disable) protection: active
Oct 29 21:50:57 ubuntu kernel: [    0.000000] SMBIOS 2.5 present.
Oct 29 21:50:57 ubuntu kernel: [    0.000000] DMI: innotek GmbH VirtualBox/VirtualBox, BIOS VirtualBox 12/01/2006
Oct 29 21:50:57 ubuntu kernel: [    0.000000] Hypervisor detected: KVM
Oct 29 21:50:57 ubuntu kernel: [    0.000000] e820: update [mem 0x00000000-0x00000fff] usable ==> reserved
Oct 29 21:50:57 ubuntu kernel: [    0.000000] e820: remove [mem 0x000a0000-0x000fffff] usable
Oct 29 21:50:57 ubuntu kernel: [    0.000000] e820: last_pfn = 0x120000 max_arch_pfn = 0x400000000
Oct 29 21:50:57 ubuntu kernel: [    0.000000] MTRR default type: uncachable
Oct 29 21:50:57 ubuntu kernel: [    0.000000] MTRR variable ranges disabled:
Oct 29 21:50:57 ubuntu kernel: [    0.000000] MTRR: Disabled
Oct 29 21:50:57 ubuntu kernel: [    0.000000] x86/PAT: MTRRs disabled, skipping PAT initialization too.
Oct 29 21:50:57 ubuntu kernel: [    0.000000] CPU MTRRs all blank - virtualized system.
Oct 29 21:50:57 ubuntu kernel: [    0.000000] x86/PAT: Configuration [0-7]: WB  WT  UC- UC  WB  WT  UC- UC  
Oct 29 21:50:57 ubuntu kernel: [    0.000000] e820: last_pfn = 0xdfff0 max_arch_pfn = 0x400000000
Oct 29 21:50:57 ubuntu kernel: [    0.000000] found SMP MP-table at [mem 0x0009fff0-0x0009ffff] mapped at [        (ptrval)]
Oct 29 21:50:57 ubuntu kernel: [    0.000000] Scanning 1 areas for low memory corruption
Oct 29 21:50:57 ubuntu kernel: [    0.000000] Base memory trampoline at [        (ptrval)] 99000 size 24576
Oct 29 21:50:57 ubuntu kernel: [    0.000000] BRK [0x4733f000, 0x4733ffff] PGTABLE
Oct 29 21:50:57 ubuntu kernel: [    0.000000] BRK [0x47340000, 0x47340fff] PGTABLE
Oct 29 21:50:57 ubuntu kernel: [    0.000000] BRK [0x47341000, 0x47341fff] PGTABLE
Oct 29 21:50:57 ubuntu kernel: [    0.000000] BRK [0x47342000, 0x47342fff] PGTABLE
Oct 29 21:50:57 ubuntu kernel: [    0.000000] BRK [0x47343000, 0x47343fff] PGTABLE
Oct 29 21:50:57 ubuntu kernel: [    0.000000] RAMDISK: [mem 0x7dcd4000-0x7fffffff]
Oct 29 21:50:57 ubuntu kernel: [    0.000000] ACPI: Early table checksum verification disabled
Oct 29 21:50:57 ubuntu kernel: [    0.000000] ACPI: RSDP 0x00000000000E0000 000024 (v02 VBOX  )
Oct 29 21:50:57 ubuntu kernel: [    0.000000] ACPI: XSDT 0x00000000DFFF0030 00003C (v01 VBOX   VBOXXSDT 00000001 ASL  00000061)
Oct 29 21:50:57 ubuntu kernel: [    0.000000] ACPI: FACP 0x00000000DFFF00F0 0000F4 (v04 VBOX   VBOXFACP 00000001 ASL  00000061)
Oct 29 21:50:57 ubuntu kernel: [    0.000000] ACPI: DSDT 0x00000000DFFF0470 0021FF (v02 VBOX   VBOXBIOS 00000002 INTL 20100528)
Oct 29 21:50:57 ubuntu kernel: [    0.000000] ACPI: FACS 0x00000000DFFF0200 000040
Oct 29 21:50:57 ubuntu kernel: [    0.000000] ACPI: FACS 0x00000000DFFF0200 000040
Oct 29 21:50:57 ubuntu kernel: [    0.000000] ACPI: APIC 0x00000000DFFF0240 000054 (v02 VBOX   VBOXAPIC 00000001 ASL  00000061)
Oct 29 21:50:57 ubuntu kernel: [    0.000000] ACPI: SSDT 0x00000000DFFF02A0 0001CC (v01 VBOX   VBOXCPUT 00000002 INTL 20100528)
Oct 29 21:50:57 ubuntu kernel: [    0.000000] ACPI: Local APIC address 0xfee00000
Oct 29 21:50:57 ubuntu kernel: [    0.000000] No NUMA configuration found
Oct 29 21:50:57 ubuntu kernel: [    0.000000] Faking a node at [mem 0x0000000000000000-0x000000011fffffff]
Oct 29 21:50:57 ubuntu kernel: [    0.000000] NODE_DATA(0) allocated [mem 0x11ffd1000-0x11fffbfff]
Oct 29 21:50:57 ubuntu kernel: [    0.000000] kvm-clock: cpu 0, msr 1:1ff50001, primary cpu clock
Oct 29 21:50:57 ubuntu kernel: [    0.000000] kvm-clock: Using msrs 4b564d01 and 4b564d00
Oct 29 21:50:57 ubuntu kernel: [    0.000000] kvm-clock: using sched offset of 8532386722 cycles
Oct 29 21:50:57 ubuntu kernel: [    0.000000] clocksource: kvm-clock: mask: 0xffffffffffffffff max_cycles: 0x1cd42e4dffb, max_idle_ns: 881590591483 ns
Oct 29 21:50:57 ubuntu kernel: [    0.000000] Zone ranges:
Oct 29 21:50:57 ubuntu kernel: [    0.000000]   DMA      [mem 0x0000000000001000-0x0000000000ffffff]
Oct 29 21:50:57 ubuntu kernel: [    0.000000]   DMA32    [mem 0x0000000001000000-0x00000000ffffffff]
Oct 29 21:50:57 ubuntu kernel: [    0.000000]   Normal   [mem 0x0000000100000000-0x000000011fffffff]
Oct 29 21:50:57 ubuntu kernel: [    0.000000]   Device   empty
Oct 29 21:50:57 ubuntu kernel: [    0.000000] Movable zone start for each node
Oct 29 21:50:57 ubuntu kernel: [    0.000000] Early memory node ranges
Oct 29 21:50:57 ubuntu kernel: [    0.000000]   node   0: [mem 0x0000000000001000-0x000000000009efff]
Oct 29 21:50:57 ubuntu kernel: [    0.000000]   node   0: [mem 0x0000000000100000-0x00000000dffeffff]
Oct 29 21:50:57 ubuntu kernel: [    0.000000]   node   0: [mem 0x0000000100000000-0x000000011fffffff]
Oct 29 21:50:57 ubuntu kernel: [    0.000000] Initmem setup node 0 [mem 0x0000000000001000-0x000000011fffffff]
Oct 29 21:50:57 ubuntu kernel: [    0.000000] On node 0 totalpages: 1048462
Oct 29 21:50:57 ubuntu kernel: [    0.000000]   DMA zone: 64 pages used for memmap
Oct 29 21:50:57 ubuntu kernel: [    0.000000]   DMA zone: 21 pages reserved
Oct 29 21:50:57 ubuntu kernel: [    0.000000]   DMA zone: 3998 pages, LIFO batch:0
Oct 29 21:50:57 ubuntu kernel: [    0.000000]   DMA32 zone: 14272 pages used for memmap
Oct 29 21:50:57 ubuntu kernel: [    0.000000]   DMA32 zone: 913392 pages, LIFO batch:31
Oct 29 21:50:57 ubuntu kernel: [    0.000000]   Normal zone: 2048 pages used for memmap
Oct 29 21:50:57 ubuntu kernel: [    0.000000]   Normal zone: 131072 pages, LIFO batch:31
Oct 29 21:50:57 ubuntu kernel: [    0.000000] Reserved but unavailable: 98 pages
Oct 29 21:50:57 ubuntu kernel: [    0.000000] ACPI: PM-Timer IO Port: 0x4008
Oct 29 21:50:57 ubuntu kernel: [    0.000000] ACPI: Local APIC address 0xfee00000
Oct 29 21:50:57 ubuntu kernel: [    0.000000] IOAPIC[0]: apic_id 1, version 32, address 0xfec00000, GSI 0-23
Oct 29 21:50:57 ubuntu kernel: [    0.000000] ACPI: INT_SRC_OVR (bus 0 bus_irq 0 global_irq 2 dfl dfl)
Oct 29 21:50:57 ubuntu kernel: [    0.000000] ACPI: INT_SRC_OVR (bus 0 bus_irq 9 global_irq 9 low level)
Oct 29 21:50:57 ubuntu kernel: [    0.000000] ACPI: IRQ0 used by override.
Oct 29 21:50:57 ubuntu kernel: [    0.000000] ACPI: IRQ9 used by override.
Oct 29 21:50:57 ubuntu kernel: [    0.000000] Using ACPI (MADT) for SMP configuration information
Oct 29 21:50:57 ubuntu kernel: [    0.000000] smpboot: Allowing 1 CPUs, 0 hotplug CPUs
Oct 29 21:50:57 ubuntu kernel: [    0.000000] PM: Registered nosave memory: [mem 0x00000000-0x00000fff]
Oct 29 21:50:57 ubuntu kernel: [    0.000000] PM: Registered nosave memory: [mem 0x0009f000-0x0009ffff]
Oct 29 21:50:57 ubuntu kernel: [    0.000000] PM: Registered nosave memory: [mem 0x000a0000-0x000effff]
Oct 29 21:50:57 ubuntu kernel: [    0.000000] PM: Registered nosave memory: [mem 0x000f0000-0x000fffff]
Oct 29 21:50:57 ubuntu kernel: [    0.000000] PM: Registered nosave memory: [mem 0xdfff0000-0xdfffffff]
Oct 29 21:50:57 ubuntu kernel: [    0.000000] PM: Registered nosave memory: [mem 0xe0000000-0xfebfffff]
Oct 29 21:50:57 ubuntu kernel: [    0.000000] PM: Registered nosave memory: [mem 0xfec00000-0xfec00fff]
Oct 29 21:50:57 ubuntu kernel: [    0.000000] PM: Registered nosave memory: [mem 0xfec01000-0xfedfffff]
Oct 29 21:50:57 ubuntu kernel: [    0.000000] PM: Registered nosave memory: [mem 0xfee00000-0xfee00fff]
Oct 29 21:50:57 ubuntu kernel: [    0.000000] PM: Registered nosave memory: [mem 0xfee01000-0xfffbffff]
Oct 29 21:50:57 ubuntu kernel: [    0.000000] PM: Registered nosave memory: [mem 0xfffc0000-0xffffffff]
Oct 29 21:50:57 ubuntu kernel: [    0.000000] e820: [mem 0xe0000000-0xfebfffff] available for PCI devices
Oct 29 21:50:57 ubuntu kernel: [    0.000000] Booting paravirtualized kernel on KVM
Oct 29 21:50:57 ubuntu kernel: [    0.000000] clocksource: refined-jiffies: mask: 0xffffffff max_cycles: 0xffffffff, max_idle_ns: 7645519600211568 ns
Oct 29 21:50:57 ubuntu kernel: [    0.000000] random: get_random_bytes called from start_kernel+0x99/0x4fd with crng_init=0
Oct 29 21:50:57 ubuntu kernel: [    0.000000] setup_percpu: NR_CPUS:8192 nr_cpumask_bits:1 nr_cpu_ids:1 nr_node_ids:1
Oct 29 21:50:57 ubuntu kernel: [    0.000000] percpu: Embedded 46 pages/cpu @        (ptrval) s151552 r8192 d28672 u2097152
Oct 29 21:50:57 ubuntu kernel: [    0.000000] pcpu-alloc: s151552 r8192 d28672 u2097152 alloc=1*2097152
Oct 29 21:50:57 ubuntu kernel: [    0.000000] pcpu-alloc: [0] 0 
Oct 29 21:50:57 ubuntu kernel: [    0.000000] PV qspinlock hash table entries: 256 (order: 0, 4096 bytes)
Oct 29 21:50:57 ubuntu kernel: [    0.000000] Built 1 zonelists, mobility grouping on.  Total pages: 1032057
Oct 29 21:50:57 ubuntu kernel: [    0.000000] Policy zone: Normal
Oct 29 21:50:57 ubuntu kernel: [    0.000000] Kernel command line: file=/cdrom/preseed/ubuntu.seed boot=casper initrd=/casper/initrd.lz quiet splash --- maybe-ubiquity
Oct 29 21:50:57 ubuntu kernel: [    0.000000] Calgary: detecting Calgary via BIOS EBDA area
Oct 29 21:50:57 ubuntu kernel: [    0.000000] Calgary: Unable to locate Rio Grande table in EBDA - bailing!
Oct 29 21:50:57 ubuntu kernel: [    0.000000] Memory: 3997360K/4193848K available (12300K kernel code, 2470K rwdata, 4240K rodata, 2408K init, 2416K bss, 196488K reserved, 0K cma-reserved)
Oct 29 21:50:57 ubuntu kernel: [    0.000000] SLUB: HWalign=64, Order=0-3, MinObjects=0, CPUs=1, Nodes=1
Oct 29 21:50:57 ubuntu kernel: [    0.000000] Kernel/User page tables isolation: enabled
Oct 29 21:50:57 ubuntu kernel: [    0.000000] ftrace: allocating 39092 entries in 153 pages
Oct 29 21:50:57 ubuntu kernel: [    0.004000] Hierarchical RCU implementation.
Oct 29 21:50:57 ubuntu kernel: [    0.004000] 	RCU restricting CPUs from NR_CPUS=8192 to nr_cpu_ids=1.
Oct 29 21:50:57 ubuntu kernel: [    0.004000] 	Tasks RCU enabled.
Oct 29 21:50:57 ubuntu kernel: [    0.004000] RCU: Adjusting geometry for rcu_fanout_leaf=16, nr_cpu_ids=1
Oct 29 21:50:57 ubuntu kernel: [    0.004000] NR_IRQS: 524544, nr_irqs: 256, preallocated irqs: 16
Oct 29 21:50:57 ubuntu kernel: [    0.004000] Console: colour VGA+ 80x25
Oct 29 21:50:57 ubuntu kernel: [    0.004000] console [tty0] enabled
Oct 29 21:50:57 ubuntu kernel: [    0.004000] ACPI: Core revision 20170831
Oct 29 21:50:57 ubuntu kernel: [    0.004000] ACPI: 2 ACPI AML tables successfully acquired and loaded
Oct 29 21:50:57 ubuntu kernel: [    0.004000] APIC: Switch to symmetric I/O mode setup
Oct 29 21:50:57 ubuntu kernel: [    0.004000] x2apic enabled
Oct 29 21:50:57 ubuntu kernel: [    0.004000] Switched APIC routing to physical x2apic.
Oct 29 21:50:57 ubuntu kernel: [    0.004000] ..TIMER: vector=0x30 apic1=0 pin1=2 apic2=-1 pin2=-1
Oct 29 21:50:57 ubuntu kernel: [    0.004000] tsc: Detected 1992.001 MHz processor
Oct 29 21:50:57 ubuntu kernel: [    0.004000] Calibrating delay loop (skipped) preset value.. 3984.00 BogoMIPS (lpj=7968004)
Oct 29 21:50:57 ubuntu kernel: [    0.004000] pid_max: default: 32768 minimum: 301
Oct 29 21:50:57 ubuntu kernel: [    0.004000] Security Framework initialized
Oct 29 21:50:57 ubuntu kernel: [    0.004000] Yama: becoming mindful.
Oct 29 21:50:57 ubuntu kernel: [    0.004000] AppArmor: AppArmor initialized
Oct 29 21:50:57 ubuntu kernel: [    0.012153] Dentry cache hash table entries: 524288 (order: 10, 4194304 bytes)
Oct 29 21:50:57 ubuntu kernel: [    0.016140] Inode-cache hash table entries: 262144 (order: 9, 2097152 bytes)
Oct 29 21:50:57 ubuntu kernel: [    0.016163] Mount-cache hash table entries: 8192 (order: 4, 65536 bytes)
Oct 29 21:50:57 ubuntu kernel: [    0.016173] Mountpoint-cache hash table entries: 8192 (order: 4, 65536 bytes)
Oct 29 21:50:57 ubuntu kernel: [    0.016413] CPU: Physical Processor ID: 0
Oct 29 21:50:57 ubuntu kernel: [    0.016435] mce: CPU supports 0 MCE banks
Oct 29 21:50:57 ubuntu kernel: [    0.016447] process: using mwait in idle threads
Oct 29 21:50:57 ubuntu kernel: [    0.016451] Last level iTLB entries: 4KB 64, 2MB 8, 4MB 8
Oct 29 21:50:57 ubuntu kernel: [    0.016452] Last level dTLB entries: 4KB 64, 2MB 0, 4MB 0, 1GB 4
Oct 29 21:50:57 ubuntu kernel: [    0.016454] Spectre V2 : Mitigation: Full generic retpoline
Oct 29 21:50:57 ubuntu kernel: [    0.016454] Spectre V2 : Spectre v2 mitigation: Filling RSB on context switch
Oct 29 21:50:57 ubuntu kernel: [    0.016455] Speculative Store Bypass: Vulnerable
Oct 29 21:50:57 ubuntu kernel: [    0.060449] Freeing SMP alternatives memory: 36K
Oct 29 21:50:57 ubuntu kernel: [    0.072000] smpboot: CPU0: Intel(R) Core(TM) i7-8550U CPU @ 1.80GHz (family: 0x6, model: 0x8e, stepping: 0xa)
Oct 29 21:50:57 ubuntu kernel: [    0.072000] Performance Events: unsupported p6 CPU model 142 no PMU driver, software events only.
Oct 29 21:50:57 ubuntu kernel: [    0.072000] Hierarchical SRCU implementation.
Oct 29 21:50:57 ubuntu kernel: [    0.072000] NMI watchdog: Perf event create on CPU 0 failed with -2
Oct 29 21:50:57 ubuntu kernel: [    0.072000] NMI watchdog: Perf NMI watchdog permanently disabled
Oct 29 21:50:57 ubuntu kernel: [    0.072000] smp: Bringing up secondary CPUs ...
Oct 29 21:50:57 ubuntu kernel: [    0.072000] smp: Brought up 1 node, 1 CPU
Oct 29 21:50:57 ubuntu kernel: [    0.072000] smpboot: Max logical packages: 1
Oct 29 21:50:57 ubuntu kernel: [    0.072000] smpboot: Total of 1 processors activated (3984.00 BogoMIPS)
Oct 29 21:50:57 ubuntu kernel: [    0.072000] devtmpfs: initialized
Oct 29 21:50:57 ubuntu kernel: [    0.072000] x86/mm: Memory block size: 128MB
Oct 29 21:50:57 ubuntu kernel: [    0.076243] evm: security.selinux
Oct 29 21:50:57 ubuntu kernel: [    0.076244] evm: security.SMACK64
Oct 29 21:50:57 ubuntu kernel: [    0.076245] evm: security.SMACK64EXEC
Oct 29 21:50:57 ubuntu kernel: [    0.076245] evm: security.SMACK64TRANSMUTE
Oct 29 21:50:57 ubuntu kernel: [    0.076246] evm: security.SMACK64MMAP
Oct 29 21:50:57 ubuntu kernel: [    0.076246] evm: security.apparmor
Oct 29 21:50:57 ubuntu kernel: [    0.076247] evm: security.ima
Oct 29 21:50:57 ubuntu kernel: [    0.076248] evm: security.capability
Oct 29 21:50:57 ubuntu kernel: [    0.076378] clocksource: jiffies: mask: 0xffffffff max_cycles: 0xffffffff, max_idle_ns: 7645041785100000 ns
Oct 29 21:50:57 ubuntu kernel: [    0.076383] futex hash table entries: 256 (order: 2, 16384 bytes)
Oct 29 21:50:57 ubuntu kernel: [    0.076417] pinctrl core: initialized pinctrl subsystem
Oct 29 21:50:57 ubuntu kernel: [    0.076516] RTC time: 21:50:39, date: 10/29/18
Oct 29 21:50:57 ubuntu kernel: [    0.076597] NET: Registered protocol family 16
Oct 29 21:50:57 ubuntu kernel: [    0.076691] audit: initializing netlink subsys (disabled)
Oct 29 21:50:57 ubuntu kernel: [    0.080007] audit: type=2000 audit(1540849851.446:1): state=initialized audit_enabled=0 res=1
Oct 29 21:50:57 ubuntu kernel: [    0.080031] cpuidle: using governor ladder
Oct 29 21:50:57 ubuntu kernel: [    0.080032] cpuidle: using governor menu
Oct 29 21:50:57 ubuntu kernel: [    0.080078] ACPI: bus type PCI registered
Oct 29 21:50:57 ubuntu kernel: [    0.080079] acpiphp: ACPI Hot Plug PCI Controller Driver version: 0.5
Oct 29 21:50:57 ubuntu kernel: [    0.084019] PCI: Using configuration type 1 for base access
Oct 29 21:50:57 ubuntu kernel: [    0.085348] HugeTLB registered 2.00 MiB page size, pre-allocated 0 pages
Oct 29 21:50:57 ubuntu kernel: [    0.088092] ACPI: Added _OSI(Module Device)
Oct 29 21:50:57 ubuntu kernel: [    0.088093] ACPI: Added _OSI(Processor Device)
Oct 29 21:50:57 ubuntu kernel: [    0.088094] ACPI: Added _OSI(3.0 _SCP Extensions)
Oct 29 21:50:57 ubuntu kernel: [    0.088095] ACPI: Added _OSI(Processor Aggregator Device)
Oct 29 21:50:57 ubuntu kernel: [    0.088096] ACPI: Added _OSI(Linux-Dell-Video)
Oct 29 21:50:57 ubuntu kernel: [    0.088439] ACPI: Executed 1 blocks of module-level executable AML code
Oct 29 21:50:57 ubuntu kernel: [    0.095528] ACPI: Interpreter enabled
Oct 29 21:50:57 ubuntu kernel: [    0.095539] ACPI: (supports S0 S5)
Oct 29 21:50:57 ubuntu kernel: [    0.095539] ACPI: Using IOAPIC for interrupt routing
Oct 29 21:50:57 ubuntu kernel: [    0.095864] PCI: Using host bridge windows from ACPI; if necessary, use "pci=nocrs" and report a bug
Oct 29 21:50:57 ubuntu kernel: [    0.096000] ACPI: Enabled 2 GPEs in block 00 to 07
Oct 29 21:50:57 ubuntu kernel: [    0.104081] ACPI: PCI Root Bridge [PCI0] (domain 0000 [bus 00-ff])
Oct 29 21:50:57 ubuntu kernel: [    0.104086] acpi PNP0A03:00: _OSC: OS supports [ASPM ClockPM Segments MSI]
Oct 29 21:50:57 ubuntu kernel: [    0.104109] acpi PNP0A03:00: _OSC: not requesting OS control; OS requires [ExtendedConfig ASPM ClockPM MSI]
Oct 29 21:50:57 ubuntu kernel: [    0.104119] acpi PNP0A03:00: fail to add MMCONFIG information, can't access extended PCI configuration space under this bridge.
Oct 29 21:50:57 ubuntu kernel: [    0.104514] PCI host bridge to bus 0000:00
Oct 29 21:50:57 ubuntu kernel: [    0.104517] pci_bus 0000:00: root bus resource [io  0x0000-0x0cf7 window]
Oct 29 21:50:57 ubuntu kernel: [    0.104518] pci_bus 0000:00: root bus resource [io  0x0d00-0xffff window]
Oct 29 21:50:57 ubuntu kernel: [    0.104520] pci_bus 0000:00: root bus resource [mem 0x000a0000-0x000bffff window]
Oct 29 21:50:57 ubuntu kernel: [    0.104521] pci_bus 0000:00: root bus resource [mem 0xe0000000-0xfdffffff window]
Oct 29 21:50:57 ubuntu kernel: [    0.104523] pci_bus 0000:00: root bus resource [bus 00-ff]
Oct 29 21:50:57 ubuntu kernel: [    0.104570] pci 0000:00:00.0: [8086:1237] type 00 class 0x060000
Oct 29 21:50:57 ubuntu kernel: [    0.105283] pci 0000:00:01.0: [8086:7000] type 00 class 0x060100
Oct 29 21:50:57 ubuntu kernel: [    0.106138] pci 0000:00:01.1: [8086:7111] type 00 class 0x01018a
Oct 29 21:50:57 ubuntu kernel: [    0.106629] pci 0000:00:01.1: reg 0x20: [io  0xd000-0xd00f]
Oct 29 21:50:57 ubuntu kernel: [    0.106829] pci 0000:00:01.1: legacy IDE quirk: reg 0x10: [io  0x01f0-0x01f7]
Oct 29 21:50:57 ubuntu kernel: [    0.106831] pci 0000:00:01.1: legacy IDE quirk: reg 0x14: [io  0x03f6]
Oct 29 21:50:57 ubuntu kernel: [    0.106832] pci 0000:00:01.1: legacy IDE quirk: reg 0x18: [io  0x0170-0x0177]
Oct 29 21:50:57 ubuntu kernel: [    0.106833] pci 0000:00:01.1: legacy IDE quirk: reg 0x1c: [io  0x0376]
Oct 29 21:50:57 ubuntu kernel: [    0.107126] pci 0000:00:02.0: [80ee:beef] type 00 class 0x030000
Oct 29 21:50:57 ubuntu kernel: [    0.108314] pci 0000:00:02.0: reg 0x10: [mem 0xe0000000-0xe0ffffff pref]
Oct 29 21:50:57 ubuntu kernel: [    0.120652] pci 0000:00:03.0: [8086:100e] type 00 class 0x020000
Oct 29 21:50:57 ubuntu kernel: [    0.122473] pci 0000:00:03.0: reg 0x10: [mem 0xf0000000-0xf001ffff]
Oct 29 21:50:57 ubuntu kernel: [    0.125689] pci 0000:00:03.0: reg 0x18: [io  0xd010-0xd017]
Oct 29 21:50:57 ubuntu kernel: [    0.132639] pci 0000:00:04.0: [80ee:cafe] type 00 class 0x088000
Oct 29 21:50:57 ubuntu kernel: [    0.134289] pci 0000:00:04.0: reg 0x10: [io  0xd020-0xd03f]
Oct 29 21:50:57 ubuntu kernel: [    0.136085] pci 0000:00:04.0: reg 0x14: [mem 0xf0400000-0xf07fffff]
Oct 29 21:50:57 ubuntu kernel: [    0.137805] pci 0000:00:04.0: reg 0x18: [mem 0xf0800000-0xf0803fff pref]
Oct 29 21:50:57 ubuntu kernel: [    0.144442] pci 0000:00:05.0: [8086:2415] type 00 class 0x040100
Oct 29 21:50:57 ubuntu kernel: [    0.144634] pci 0000:00:05.0: reg 0x10: [io  0xd100-0xd1ff]
Oct 29 21:50:57 ubuntu kernel: [    0.144738] pci 0000:00:05.0: reg 0x14: [io  0xd200-0xd23f]
Oct 29 21:50:57 ubuntu kernel: [    0.145548] pci 0000:00:06.0: [106b:003f] type 00 class 0x0c0310
Oct 29 21:50:57 ubuntu kernel: [    0.148086] pci 0000:00:06.0: reg 0x10: [mem 0xf0804000-0xf0804fff]
Oct 29 21:50:57 ubuntu kernel: [    0.156499] pci 0000:00:07.0: [8086:7113] type 00 class 0x068000
Oct 29 21:50:57 ubuntu kernel: [    0.157160] pci 0000:00:07.0: quirk: [io  0x4000-0x403f] claimed by PIIX4 ACPI
Oct 29 21:50:57 ubuntu kernel: [    0.157173] pci 0000:00:07.0: quirk: [io  0x4100-0x410f] claimed by PIIX4 SMB
Oct 29 21:50:57 ubuntu kernel: [    0.157560] pci 0000:00:0d.0: [8086:2829] type 00 class 0x010601
Oct 29 21:50:57 ubuntu kernel: [    0.160091] pci 0000:00:0d.0: reg 0x10: [io  0xd240-0xd247]
Oct 29 21:50:57 ubuntu kernel: [    0.161486] pci 0000:00:0d.0: reg 0x14: [io  0xd248-0xd24b]
Oct 29 21:50:57 ubuntu kernel: [    0.162903] pci 0000:00:0d.0: reg 0x18: [io  0xd250-0xd257]
Oct 29 21:50:57 ubuntu kernel: [    0.164103] pci 0000:00:0d.0: reg 0x1c: [io  0xd258-0xd25b]
Oct 29 21:50:57 ubuntu kernel: [    0.166032] pci 0000:00:0d.0: reg 0x20: [io  0xd260-0xd26f]
Oct 29 21:50:57 ubuntu kernel: [    0.167539] pci 0000:00:0d.0: reg 0x24: [mem 0xf0806000-0xf0807fff]
Oct 29 21:50:57 ubuntu kernel: [    0.170407] ACPI: PCI Interrupt Link [LNKA] (IRQs 5 9 10 *11)
Oct 29 21:50:57 ubuntu kernel: [    0.172130] ACPI: PCI Interrupt Link [LNKB] (IRQs 5 9 *10 11)
Oct 29 21:50:57 ubuntu kernel: [    0.172274] ACPI: PCI Interrupt Link [LNKC] (IRQs 5 *9 10 11)
Oct 29 21:50:57 ubuntu kernel: [    0.172418] ACPI: PCI Interrupt Link [LNKD] (IRQs 5 9 10 *11)
Oct 29 21:50:57 ubuntu kernel: [    0.172752] SCSI subsystem initialized
Oct 29 21:50:57 ubuntu kernel: [    0.172788] libata version 3.00 loaded.
Oct 29 21:50:57 ubuntu kernel: [    0.172833] pci 0000:00:02.0: vgaarb: setting as boot VGA device
Oct 29 21:50:57 ubuntu kernel: [    0.172835] pci 0000:00:02.0: vgaarb: VGA device added: decodes=io+mem,owns=io+mem,locks=none
Oct 29 21:50:57 ubuntu kernel: [    0.172837] pci 0000:00:02.0: vgaarb: bridge control possible
Oct 29 21:50:57 ubuntu kernel: [    0.172837] vgaarb: loaded
Oct 29 21:50:57 ubuntu kernel: [    0.172857] ACPI: bus type USB registered
Oct 29 21:50:57 ubuntu kernel: [    0.172870] usbcore: registered new interface driver usbfs
Oct 29 21:50:57 ubuntu kernel: [    0.172877] usbcore: registered new interface driver hub
Oct 29 21:50:57 ubuntu kernel: [    0.172887] usbcore: registered new device driver usb
Oct 29 21:50:57 ubuntu kernel: [    0.172929] EDAC MC: Ver: 3.0.0
Oct 29 21:50:57 ubuntu kernel: [    0.173239] PCI: Using ACPI for IRQ routing
Oct 29 21:50:57 ubuntu kernel: [    0.173241] PCI: pci_cache_line_size set to 64 bytes
Oct 29 21:50:57 ubuntu kernel: [    0.173457] e820: reserve RAM buffer [mem 0x0009fc00-0x0009ffff]
Oct 29 21:50:57 ubuntu kernel: [    0.173459] e820: reserve RAM buffer [mem 0xdfff0000-0xdfffffff]
Oct 29 21:50:57 ubuntu kernel: [    0.173537] NetLabel: Initializing
Oct 29 21:50:57 ubuntu kernel: [    0.173538] NetLabel:  domain hash size = 128
Oct 29 21:50:57 ubuntu kernel: [    0.173538] NetLabel:  protocols = UNLABELED CIPSOv4 CALIPSO
Oct 29 21:50:57 ubuntu kernel: [    0.173554] NetLabel:  unlabeled traffic allowed by default
Oct 29 21:50:57 ubuntu kernel: [    0.173674] clocksource: Switched to clocksource kvm-clock
Oct 29 21:50:57 ubuntu kernel: [    0.239919] VFS: Disk quotas dquot_6.6.0
Oct 29 21:50:57 ubuntu kernel: [    0.239934] VFS: Dquot-cache hash table entries: 512 (order 0, 4096 bytes)
Oct 29 21:50:57 ubuntu kernel: [    0.240024] AppArmor: AppArmor Filesystem Enabled
Oct 29 21:50:57 ubuntu kernel: [    0.240046] pnp: PnP ACPI init
Oct 29 21:50:57 ubuntu kernel: [    0.240124] pnp 00:00: Plug and Play ACPI device, IDs PNP0303 (active)
Oct 29 21:50:57 ubuntu kernel: [    0.240218] pnp 00:01: Plug and Play ACPI device, IDs PNP0f03 (active)
Oct 29 21:50:57 ubuntu kernel: [    0.241239] pnp: PnP ACPI: found 2 devices
Oct 29 21:50:57 ubuntu kernel: [    0.265807] clocksource: acpi_pm: mask: 0xffffff max_cycles: 0xffffff, max_idle_ns: 2085701024 ns
Oct 29 21:50:57 ubuntu kernel: [    0.265815] pci_bus 0000:00: resource 4 [io  0x0000-0x0cf7 window]
Oct 29 21:50:57 ubuntu kernel: [    0.265817] pci_bus 0000:00: resource 5 [io  0x0d00-0xffff window]
Oct 29 21:50:57 ubuntu kernel: [    0.265818] pci_bus 0000:00: resource 6 [mem 0x000a0000-0x000bffff window]
Oct 29 21:50:57 ubuntu kernel: [    0.265820] pci_bus 0000:00: resource 7 [mem 0xe0000000-0xfdffffff window]
Oct 29 21:50:57 ubuntu kernel: [    0.265869] NET: Registered protocol family 2
Oct 29 21:50:57 ubuntu kernel: [    0.266018] TCP established hash table entries: 32768 (order: 6, 262144 bytes)
Oct 29 21:50:57 ubuntu kernel: [    0.266057] TCP bind hash table entries: 32768 (order: 7, 524288 bytes)
Oct 29 21:50:57 ubuntu kernel: [    0.266087] TCP: Hash tables configured (established 32768 bind 32768)
Oct 29 21:50:57 ubuntu kernel: [    0.266102] UDP hash table entries: 2048 (order: 4, 65536 bytes)
Oct 29 21:50:57 ubuntu kernel: [    0.266110] UDP-Lite hash table entries: 2048 (order: 4, 65536 bytes)
Oct 29 21:50:57 ubuntu kernel: [    0.266137] NET: Registered protocol family 1
Oct 29 21:50:57 ubuntu kernel: [    0.266143] pci 0000:00:00.0: Limiting direct PCI/PCI transfers
Oct 29 21:50:57 ubuntu kernel: [    0.266173] pci 0000:00:01.0: Activating ISA DMA hang workarounds
Oct 29 21:50:57 ubuntu kernel: [    0.266226] pci 0000:00:02.0: Video device with shadowed ROM at [mem 0x000c0000-0x000dffff]
Oct 29 21:50:57 ubuntu kernel: [    0.268090] PCI: CLS 0 bytes, default 64
Oct 29 21:50:57 ubuntu kernel: [    0.268135] Unpacking initramfs...
Oct 29 21:50:57 ubuntu kernel: [    9.902328] Freeing initrd memory: 36016K
Oct 29 21:50:57 ubuntu kernel: [    9.902346] PCI-DMA: Using software bounce buffering for IO (SWIOTLB)
Oct 29 21:50:57 ubuntu kernel: [    9.902349] software IO TLB [mem 0xdbff0000-0xdfff0000] (64MB) mapped at [        (ptrval)-        (ptrval)]
Oct 29 21:50:57 ubuntu kernel: [    9.902452] platform rtc_cmos: registered platform RTC device (no PNP device found)
Oct 29 21:50:57 ubuntu kernel: [    9.902468] Scanning for low memory corruption every 60 seconds
Oct 29 21:50:57 ubuntu kernel: [    9.902994] Initialise system trusted keyrings
Oct 29 21:50:57 ubuntu kernel: [    9.903004] Key type blacklist registered
Oct 29 21:50:57 ubuntu kernel: [    9.903039] workingset: timestamp_bits=36 max_order=20 bucket_order=0
Oct 29 21:50:57 ubuntu kernel: [    9.904380] zbud: loaded
Oct 29 21:50:57 ubuntu kernel: [    9.904900] squashfs: version 4.0 (2009/01/31) Phillip Lougher
Oct 29 21:50:57 ubuntu kernel: [    9.905017] fuse init (API version 7.26)
Oct 29 21:50:57 ubuntu kernel: [    9.905777] Key type asymmetric registered
Oct 29 21:50:57 ubuntu kernel: [    9.905778] Asymmetric key parser 'x509' registered
Oct 29 21:50:57 ubuntu kernel: [    9.905805] Block layer SCSI generic (bsg) driver version 0.4 loaded (major 246)
Oct 29 21:50:57 ubuntu kernel: [    9.905842] io scheduler noop registered
Oct 29 21:50:57 ubuntu kernel: [    9.905843] io scheduler deadline registered
Oct 29 21:50:57 ubuntu kernel: [    9.905885] io scheduler cfq registered (default)
Oct 29 21:50:57 ubuntu kernel: [    9.906115] ACPI: AC Adapter [AC] (on-line)
Oct 29 21:50:57 ubuntu kernel: [    9.906163] input: Power Button as /devices/LNXSYSTM:00/LNXPWRBN:00/input/input0
Oct 29 21:50:57 ubuntu kernel: [    9.906176] ACPI: Power Button [PWRF]
Oct 29 21:50:57 ubuntu kernel: [    9.906251] input: Sleep Button as /devices/LNXSYSTM:00/LNXSLPBN:00/input/input1
Oct 29 21:50:57 ubuntu kernel: [    9.906257] ACPI: Sleep Button [SLPF]
Oct 29 21:50:57 ubuntu kernel: [    9.907449] ACPI: Battery Slot [BAT0] (battery present)
Oct 29 21:50:57 ubuntu kernel: [    9.907478] Serial: 8250/16550 driver, 32 ports, IRQ sharing enabled
Oct 29 21:50:57 ubuntu kernel: [    9.909038] Linux agpgart interface v0.103
Oct 29 21:50:57 ubuntu kernel: [    9.910060] loop: module loaded
Oct 29 21:50:57 ubuntu kernel: [    9.910154] ata_piix 0000:00:01.1: version 2.13
Oct 29 21:50:57 ubuntu kernel: [    9.910548] scsi host0: ata_piix
Oct 29 21:50:57 ubuntu kernel: [    9.910603] scsi host1: ata_piix
Oct 29 21:50:57 ubuntu kernel: [    9.910629] ata1: PATA max UDMA/33 cmd 0x1f0 ctl 0x3f6 bmdma 0xd000 irq 14
Oct 29 21:50:57 ubuntu kernel: [    9.910630] ata2: PATA max UDMA/33 cmd 0x170 ctl 0x376 bmdma 0xd008 irq 15
Oct 29 21:50:57 ubuntu kernel: [    9.910692] libphy: Fixed MDIO Bus: probed
Oct 29 21:50:57 ubuntu kernel: [    9.910693] tun: Universal TUN/TAP device driver, 1.6
Oct 29 21:50:57 ubuntu kernel: [    9.911005] PPP generic driver version 2.4.2
Oct 29 21:50:57 ubuntu kernel: [    9.911038] ehci_hcd: USB 2.0 'Enhanced' Host Controller (EHCI) Driver
Oct 29 21:50:57 ubuntu kernel: [    9.911040] ehci-pci: EHCI PCI platform driver
Oct 29 21:50:57 ubuntu kernel: [    9.911047] ehci-platform: EHCI generic platform driver
Oct 29 21:50:57 ubuntu kernel: [    9.911054] ohci_hcd: USB 1.1 'Open' Host Controller (OHCI) Driver
Oct 29 21:50:57 ubuntu kernel: [    9.911057] ohci-pci: OHCI PCI platform driver
Oct 29 21:50:57 ubuntu kernel: [    9.911895] ohci-pci 0000:00:06.0: OHCI PCI host controller
Oct 29 21:50:57 ubuntu kernel: [    9.911900] ohci-pci 0000:00:06.0: new USB bus registered, assigned bus number 1
Oct 29 21:50:57 ubuntu kernel: [    9.911960] ohci-pci 0000:00:06.0: irq 22, io mem 0xf0804000
Oct 29 21:50:57 ubuntu kernel: [    9.972714] usb usb1: New USB device found, idVendor=1d6b, idProduct=0001
Oct 29 21:50:57 ubuntu kernel: [    9.972716] usb usb1: New USB device strings: Mfr=3, Product=2, SerialNumber=1
Oct 29 21:50:57 ubuntu kernel: [    9.972717] usb usb1: Product: OHCI PCI host controller
Oct 29 21:50:57 ubuntu kernel: [    9.972719] usb usb1: Manufacturer: Linux 4.15.0-29-generic ohci_hcd
Oct 29 21:50:57 ubuntu kernel: [    9.972720] usb usb1: SerialNumber: 0000:00:06.0
Oct 29 21:50:57 ubuntu kernel: [    9.972797] hub 1-0:1.0: USB hub found
Oct 29 21:50:57 ubuntu kernel: [    9.972808] hub 1-0:1.0: 12 ports detected
Oct 29 21:50:57 ubuntu kernel: [    9.973138] ohci-platform: OHCI generic platform driver
Oct 29 21:50:57 ubuntu kernel: [    9.973144] uhci_hcd: USB Universal Host Controller Interface driver
Oct 29 21:50:57 ubuntu kernel: [    9.973182] i8042: PNP: PS/2 Controller [PNP0303:PS2K,PNP0f03:PS2M] at 0x60,0x64 irq 1,12
Oct 29 21:50:57 ubuntu kernel: [    9.973614] serio: i8042 KBD port at 0x60,0x64 irq 1
Oct 29 21:50:57 ubuntu kernel: [    9.973618] serio: i8042 AUX port at 0x60,0x64 irq 12
Oct 29 21:50:57 ubuntu kernel: [    9.973700] mousedev: PS/2 mouse device common for all mice
Oct 29 21:50:57 ubuntu kernel: [    9.973944] input: AT Translated Set 2 keyboard as /devices/platform/i8042/serio0/input/input2
Oct 29 21:50:57 ubuntu kernel: [    9.974290] rtc_cmos rtc_cmos: rtc core: registered rtc_cmos as rtc0
Oct 29 21:50:57 ubuntu kernel: [    9.974343] rtc_cmos rtc_cmos: alarms up to one day, 114 bytes nvram
Oct 29 21:50:57 ubuntu kernel: [    9.974349] i2c /dev entries driver
Oct 29 21:50:57 ubuntu kernel: [    9.974388] device-mapper: uevent: version 1.0.3
Oct 29 21:50:57 ubuntu kernel: [    9.974434] device-mapper: ioctl: 4.37.0-ioctl (2017-09-20) initialised: dm-devel@redhat.com
Oct 29 21:50:57 ubuntu kernel: [    9.974444] ledtrig-cpu: registered to indicate activity on CPUs
Oct 29 21:50:57 ubuntu kernel: [    9.974539] intel_pmc_core:  initialized
Oct 29 21:50:57 ubuntu kernel: [    9.974721] NET: Registered protocol family 10
Oct 29 21:50:57 ubuntu kernel: [    9.978069] Segment Routing with IPv6
Oct 29 21:50:57 ubuntu kernel: [    9.978087] NET: Registered protocol family 17
Oct 29 21:50:57 ubuntu kernel: [    9.978114] Key type dns_resolver registered
Oct 29 21:50:57 ubuntu kernel: [    9.978218] RAS: Correctable Errors collector initialized.
Oct 29 21:50:57 ubuntu kernel: [    9.978225] sched_clock: Marking stable (9976419927, 0)->(11305768076, -1329348149)
Oct 29 21:50:57 ubuntu kernel: [    9.978333] registered taskstats version 1
Oct 29 21:50:57 ubuntu kernel: [    9.978340] Loading compiled-in X.509 certificates
Oct 29 21:50:57 ubuntu kernel: [    9.980362] Loaded X.509 cert 'Build time autogenerated kernel key: 1cc37f41791529df57507d3747a6804ab53f482b'
Oct 29 21:50:57 ubuntu kernel: [    9.980375] zswap: loaded using pool lzo/zbud
Oct 29 21:50:57 ubuntu kernel: [    9.983289] Key type big_key registered
Oct 29 21:50:57 ubuntu kernel: [    9.983292] Key type trusted registered
Oct 29 21:50:57 ubuntu kernel: [    9.984798] Key type encrypted registered
Oct 29 21:50:57 ubuntu kernel: [    9.984800] AppArmor: AppArmor sha1 policy hashing enabled
Oct 29 21:50:57 ubuntu kernel: [    9.984802] ima: No TPM chip found, activating TPM-bypass! (rc=-19)
Oct 29 21:50:57 ubuntu kernel: [    9.984818] evm: HMAC attrs: 0x1
Oct 29 21:50:57 ubuntu kernel: [    9.985098]   Magic number: 6:222:855
Oct 29 21:50:57 ubuntu kernel: [    9.985168] rtc_cmos rtc_cmos: setting system clock to 2018-10-29 21:50:49 UTC (1540849849)
Oct 29 21:50:57 ubuntu kernel: [    9.985226] BIOS EDD facility v0.16 2004-Jun-25, 0 devices found
Oct 29 21:50:57 ubuntu kernel: [    9.985227] EDD information not available.
Oct 29 21:50:57 ubuntu kernel: [   10.072799] ata2.00: ATAPI: VBOX CD-ROM, 1.0, max UDMA/133
Oct 29 21:50:57 ubuntu kernel: [   10.073125] ata2.00: configured for UDMA/33
Oct 29 21:50:57 ubuntu kernel: [   10.073516] scsi 1:0:0:0: CD-ROM            VBOX     CD-ROM           1.0  PQ: 0 ANSI: 5
Oct 29 21:50:57 ubuntu kernel: [   10.074250] sr 1:0:0:0: [sr0] scsi3-mmc drive: 32x/32x xa/form2 tray
Oct 29 21:50:57 ubuntu kernel: [   10.074251] cdrom: Uniform CD-ROM driver Revision: 3.20
Oct 29 21:50:57 ubuntu kernel: [   10.074335] sr 1:0:0:0: Attached scsi CD-ROM sr0
Oct 29 21:50:57 ubuntu kernel: [   10.074493] sr 1:0:0:0: Attached scsi generic sg0 type 5
Oct 29 21:50:57 ubuntu kernel: [   10.076900] Freeing unused kernel memory: 2408K
Oct 29 21:50:57 ubuntu kernel: [   10.084278] Write protecting the kernel read-only data: 20480k
Oct 29 21:50:57 ubuntu kernel: [   10.084605] Freeing unused kernel memory: 2008K
Oct 29 21:50:57 ubuntu kernel: [   10.088553] Freeing unused kernel memory: 1904K
Oct 29 21:50:57 ubuntu kernel: [   10.098788] x86/mm: Checked W+X mappings: passed, no W+X pages found.
Oct 29 21:50:57 ubuntu kernel: [   10.098788] x86/mm: Checking user space page tables
Oct 29 21:50:57 ubuntu kernel: [   10.108984] x86/mm: Checked W+X mappings: passed, no W+X pages found.
Oct 29 21:50:57 ubuntu kernel: [   10.217435] ACPI: Video Device [GFX0] (multi-head: yes  rom: no  post: no)
Oct 29 21:50:57 ubuntu kernel: [   10.217506] input: Video Bus as /devices/LNXSYSTM:00/LNXSYBUS:00/PNP0A03:00/LNXVIDEO:00/input/input4
Oct 29 21:50:57 ubuntu kernel: [   10.230539] e1000: Intel(R) PRO/1000 Network Driver - version 7.3.21-k8-NAPI
Oct 29 21:50:57 ubuntu kernel: [   10.230540] e1000: Copyright (c) 1999-2006 Intel Corporation.
Oct 29 21:50:57 ubuntu kernel: [   10.429924] usb 1-1: new full-speed USB device number 2 using ohci-pci
Oct 29 21:50:57 ubuntu kernel: [   10.448543] random: fast init done
Oct 29 21:50:57 ubuntu kernel: [   10.449575] input: ImExPS/2 Generic Explorer Mouse as /devices/platform/i8042/serio1/input/input5
Oct 29 21:50:57 ubuntu kernel: [   10.449746] random: systemd-udevd: uninitialized urandom read (16 bytes read)
Oct 29 21:50:57 ubuntu kernel: [   10.449755] random: systemd-udevd: uninitialized urandom read (16 bytes read)
Oct 29 21:50:57 ubuntu kernel: [   10.449775] random: systemd-udevd: uninitialized urandom read (16 bytes read)
Oct 29 21:50:57 ubuntu kernel: [   10.449779] random: systemd-udevd: uninitialized urandom read (16 bytes read)
Oct 29 21:50:57 ubuntu kernel: [   10.449786] random: systemd-udevd: uninitialized urandom read (16 bytes read)
Oct 29 21:50:57 ubuntu kernel: [   10.449790] random: systemd-udevd: uninitialized urandom read (16 bytes read)
Oct 29 21:50:57 ubuntu kernel: [   10.449829] random: systemd-udevd: uninitialized urandom read (16 bytes read)
Oct 29 21:50:57 ubuntu kernel: [   10.449843] random: systemd-udevd: uninitialized urandom read (16 bytes read)
Oct 29 21:50:57 ubuntu kernel: [   10.449846] random: systemd-udevd: uninitialized urandom read (16 bytes read)
Oct 29 21:50:57 ubuntu kernel: [   10.449865] random: systemd-udevd: uninitialized urandom read (16 bytes read)
Oct 29 21:50:57 ubuntu kernel: [   10.656734] e1000 0000:00:03.0 eth0: (PCI:33MHz:32-bit) 08:00:27:6a:e1:23
Oct 29 21:50:57 ubuntu kernel: [   10.656738] e1000 0000:00:03.0 eth0: Intel(R) PRO/1000 Network Connection
Oct 29 21:50:57 ubuntu kernel: [   10.656868] piix4_smbus 0000:00:07.0: SMBus Host Controller at 0x4100, revision 0
Oct 29 21:50:57 ubuntu kernel: [   10.657076] ahci 0000:00:0d.0: version 3.0
Oct 29 21:50:57 ubuntu kernel: [   10.657946] ahci 0000:00:0d.0: SSS flag set, parallel bus scan disabled
Oct 29 21:50:57 ubuntu kernel: [   10.658099] ahci 0000:00:0d.0: AHCI 0001.0100 32 slots 1 ports 3 Gbps 0x1 impl SATA mode
Oct 29 21:50:57 ubuntu kernel: [   10.658102] ahci 0000:00:0d.0: flags: 64bit ncq stag only ccc 
Oct 29 21:50:57 ubuntu kernel: [   10.660104] e1000 0000:00:03.0 enp0s3: renamed from eth0
Oct 29 21:50:57 ubuntu kernel: [   10.661418] scsi host2: ahci
Oct 29 21:50:57 ubuntu kernel: [   10.661490] ata3: SATA max UDMA/133 abar m8192@0xf0806000 port 0xf0806100 irq 21
Oct 29 21:50:57 ubuntu kernel: [   10.766582] usb 1-1: New USB device found, idVendor=80ee, idProduct=0021
Oct 29 21:50:57 ubuntu kernel: [   10.766583] usb 1-1: New USB device strings: Mfr=1, Product=3, SerialNumber=0
Oct 29 21:50:57 ubuntu kernel: [   10.766585] usb 1-1: Product: USB Tablet
Oct 29 21:50:57 ubuntu kernel: [   10.766586] usb 1-1: Manufacturer: VirtualBox
Oct 29 21:50:57 ubuntu kernel: [   10.776861] hidraw: raw HID events driver (C) Jiri Kosina
Oct 29 21:50:57 ubuntu kernel: [   10.792281] usbcore: registered new interface driver usbhid
Oct 29 21:50:57 ubuntu kernel: [   10.792282] usbhid: USB HID core driver
Oct 29 21:50:57 ubuntu kernel: [   10.793775] input: VirtualBox USB Tablet as /devices/pci0000:00/0000:00:06.0/usb1/1-1/1-1:1.0/0003:80EE:0021.0001/input/input6
Oct 29 21:50:57 ubuntu kernel: [   10.794010] hid-generic 0003:80EE:0021.0001: input,hidraw0: USB HID v1.10 Mouse [VirtualBox USB Tablet] on usb-0000:00:06.0-1/input0
Oct 29 21:50:57 ubuntu kernel: [   10.912913] tsc: Refined TSC clocksource calibration: 1988.580 MHz
Oct 29 21:50:57 ubuntu kernel: [   10.912916] clocksource: tsc: mask: 0xffffffffffffffff max_cycles: 0x3954142ace5, max_idle_ns: 881590408483 ns
Oct 29 21:50:57 ubuntu kernel: [   10.973614] ata3: SATA link up 3.0 Gbps (SStatus 123 SControl 300)
Oct 29 21:50:57 ubuntu kernel: [   10.973779] ata3.00: ATA-6: VBOX HARDDISK, 1.0, max UDMA/133
Oct 29 21:50:57 ubuntu kernel: [   10.973781] ata3.00: 62914560 sectors, multi 128: LBA48 NCQ (depth 31/32)
Oct 29 21:50:57 ubuntu kernel: [   10.974083] ata3.00: configured for UDMA/133
Oct 29 21:50:57 ubuntu kernel: [   10.974332] scsi 2:0:0:0: Direct-Access     ATA      VBOX HARDDISK    1.0  PQ: 0 ANSI: 5
Oct 29 21:50:57 ubuntu kernel: [   10.974568] sd 2:0:0:0: [sda] 62914560 512-byte logical blocks: (32.2 GB/30.0 GiB)
Oct 29 21:50:57 ubuntu kernel: [   10.974578] sd 2:0:0:0: [sda] Write Protect is off
Oct 29 21:50:57 ubuntu kernel: [   10.974580] sd 2:0:0:0: [sda] Mode Sense: 00 3a 00 00
Oct 29 21:50:57 ubuntu kernel: [   10.974595] sd 2:0:0:0: [sda] Write cache: enabled, read cache: enabled, doesn't support DPO or FUA
Oct 29 21:50:57 ubuntu kernel: [   10.974856] sd 2:0:0:0: Attached scsi generic sg1 type 0
Oct 29 21:50:57 ubuntu kernel: [   10.975454] sd 2:0:0:0: [sda] Attached SCSI disk
Oct 29 21:50:57 ubuntu kernel: [   12.542788] ISO 9660 Extensions: Microsoft Joliet Level 3
Oct 29 21:50:57 ubuntu kernel: [   12.545537] ISO 9660 Extensions: RRIP_1991A
Oct 29 21:50:57 ubuntu kernel: [   15.259307] random: crng init done
Oct 29 21:50:57 ubuntu kernel: [   17.289110] ip_tables: (C) 2000-2006 Netfilter Core Team
Oct 29 21:50:57 ubuntu kernel: [   17.293493] systemd[1]: systemd 237 running in system mode. (+PAM +AUDIT +SELINUX +IMA +APPARMOR +SMACK +SYSVINIT +UTMP +LIBCRYPTSETUP +GCRYPT +GNUTLS +ACL +XZ +LZ4 +SECCOMP +BLKID +ELFUTILS +KMOD -IDN2 +IDN -PCRE2 default-hierarchy=hybrid)
Oct 29 21:50:57 ubuntu kernel: [   17.293524] systemd[1]: Detected virtualization oracle.
Oct 29 21:50:57 ubuntu kernel: [   17.293528] systemd[1]: Detected architecture x86-64.
Oct 29 21:50:57 ubuntu kernel: [   17.295117] systemd[1]: Set hostname to <ubuntu>.
Oct 29 21:50:57 ubuntu kernel: [   17.295284] systemd[1]: Initializing machine ID from random generator.
Oct 29 21:50:57 ubuntu kernel: [   17.427167] systemd[1]: Unnecessary job for /dev/loop0 was removed.
Oct 29 21:50:57 ubuntu kernel: [   17.427506] systemd[1]: Reached target User and Group Name Lookups.
Oct 29 21:50:57 ubuntu kernel: [   17.427575] systemd[1]: Reached target Swap.
Oct 29 21:50:57 ubuntu kernel: [   17.427758] systemd[1]: Created slice User and Session Slice.
Oct 29 21:50:57 ubuntu kernel: [   17.427770] systemd[1]: Reached target Remote File Systems.
Oct 29 21:50:57 ubuntu kernel: [   17.509559] lp: driver loaded but no devices found
Oct 29 21:50:57 ubuntu kernel: [   17.527748] ppdev: user-space parallel port driver
Oct 29 21:50:57 ubuntu kernel: [   17.728438] systemd-journald[864]: Received request to flush runtime journal from PID 1
Oct 29 21:50:57 ubuntu systemd-modules-load[846]: Inserted module 'lp'
Oct 29 21:50:57 ubuntu systemd-modules-load[846]: Inserted module 'ppdev'
Oct 29 21:50:57 ubuntu systemd-modules-load[846]: Inserted module 'parport_pc'
Oct 29 21:50:57 ubuntu systemd[1]: Starting Flush Journal to Persistent Storage...
Oct 29 21:50:57 ubuntu systemd[1]: Started Flush Journal to Persistent Storage.
Oct 29 21:50:57 ubuntu systemd[1]: Started udev Coldplug all Devices.
Oct 29 21:50:57 ubuntu systemd[1]: Started udev Kernel Device Manager.
Oct 29 21:50:57 ubuntu systemd[1]: Started Set the console keyboard layout.
Oct 29 21:50:57 ubuntu systemd[1]: Starting Show Plymouth Boot Screen...
Oct 29 21:50:57 ubuntu systemd[1]: Reached target Local File Systems (Pre).
Oct 29 21:50:57 ubuntu systemd[1]: tmp.mount: Directory /tmp to mount over is not empty, mounting anyway.
Oct 29 21:50:57 ubuntu systemd[1]: Mounting /tmp...
Oct 29 21:50:57 ubuntu systemd[1]: Mounted /tmp.
Oct 29 21:50:57 ubuntu systemd[1]: Reached target Local File Systems.
Oct 29 21:50:57 ubuntu systemd[1]: Starting Tell Plymouth To Write Out Runtime Data...
Oct 29 21:50:57 ubuntu systemd[1]: Starting Clean up any mess left by 0dns-up...
Oct 29 21:50:57 ubuntu systemd[1]: Starting Set console font and keymap...
Oct 29 21:50:57 ubuntu systemd[1]: Starting Create Volatile Files and Directories...
Oct 29 21:50:57 ubuntu systemd[1]: Started Show Plymouth Boot Screen.
Oct 29 21:50:57 ubuntu systemd[1]: Started Tell Plymouth To Write Out Runtime Data.
Oct 29 21:50:57 ubuntu systemd[1]: Started Forward Password Requests to Plymouth Directory Watch.
Oct 29 21:50:57 ubuntu systemd[1]: Reached target Local Encrypted Volumes.
Oct 29 21:50:57 ubuntu systemd[1]: Started Set console font and keymap.
Oct 29 21:50:57 ubuntu systemd[1]: Started Create Volatile Files and Directories.
Oct 29 21:50:57 ubuntu systemd[1]: Starting Network Name Resolution...
Oct 29 21:50:57 ubuntu systemd[1]: Starting Network Time Synchronization...
Oct 29 21:50:57 ubuntu systemd[1]: Starting Update UTMP about System Boot/Shutdown...
Oct 29 21:50:57 ubuntu systemd[1]: Started Clean up any mess left by 0dns-up.
Oct 29 21:50:57 ubuntu systemd[1]: Starting Raise network interfaces...
Oct 29 21:50:57 ubuntu systemd[1]: Started Update UTMP about System Boot/Shutdown.
Oct 29 21:50:57 ubuntu systemd-resolved[904]: Positive Trust Anchors:
Oct 29 21:50:57 ubuntu systemd[1]: Started Network Time Synchronization.
Oct 29 21:50:57 ubuntu systemd[1]: Reached target System Initialization.
Oct 29 21:50:57 ubuntu systemd[1]: Listening on CUPS Scheduler.
Oct 29 21:50:57 ubuntu systemd[1]: Listening on D-Bus System Message Bus Socket.
Oct 29 21:50:57 ubuntu systemd[1]: Starting Socket activation for snappy daemon.
Oct 29 21:50:57 ubuntu systemd[1]: Started Message of the Day.
Oct 29 21:50:57 ubuntu systemd[1]: Started CUPS Scheduler.
Oct 29 21:50:57 ubuntu systemd[1]: Listening on ACPID Listen Socket.
Oct 29 21:50:57 ubuntu systemd[1]: Listening on UUID daemon activation socket.
Oct 29 21:50:57 ubuntu systemd[1]: Started ACPI Events Check.
Oct 29 21:50:57 ubuntu systemd[1]: Reached target Paths.
Oct 29 21:50:57 ubuntu systemd[1]: Listening on Avahi mDNS/DNS-SD Stack Activation Socket.
Oct 29 21:50:57 ubuntu systemd[1]: Started Daily Cleanup of Temporary Directories.
Oct 29 21:50:57 ubuntu systemd[1]: Reached target System Time Synchronized.
Oct 29 21:50:57 ubuntu systemd[1]: Started Trigger anacron every hour.
Oct 29 21:50:57 ubuntu systemd[1]: Started Daily apt download activities.
Oct 29 21:50:57 ubuntu systemd[1]: Started Daily apt upgrade and clean activities.
Oct 29 21:50:57 ubuntu systemd[1]: Started Discard unused blocks once a week.
Oct 29 21:50:57 ubuntu systemd[1]: Reached target Timers.
Oct 29 21:50:57 ubuntu systemd-resolved[904]: . IN DS 19036 8 2 49aac11d7b6f6446702e54a1607371607a1a41855200fd2ce1cdde32f24e8fb5
Oct 29 21:50:57 ubuntu systemd-resolved[904]: . IN DS 20326 8 2 e06d44b80b8f1d39a95c0b0d7c65d08458e880409bbc683457104237c7f8ec8d
Oct 29 21:50:57 ubuntu systemd-resolved[904]: Negative trust anchors: 10.in-addr.arpa 16.172.in-addr.arpa 17.172.in-addr.arpa 18.172.in-addr.arpa 19.172.in-addr.arpa 20.172.in-addr.arpa 21.172.in-addr.arpa 22.172.in-addr.arpa 23.172.in-addr.arpa 24.172.in-addr.arpa 25.172.in-addr.arpa 26.172.in-addr.arpa 27.172.in-addr.arpa 28.172.in-addr.arpa 29.172.in-addr.arpa 30.172.in-addr.arpa 31.172.in-addr.arpa 168.192.in-addr.arpa d.f.ip6.arpa corp home internal intranet lan local private test
Oct 29 21:50:57 ubuntu systemd-resolved[904]: Using system hostname 'ubuntu'.
Oct 29 21:50:57 ubuntu systemd[1]: Started Network Name Resolution.
Oct 29 21:50:57 ubuntu systemd[1]: Listening on Socket activation for snappy daemon.
Oct 29 21:50:57 ubuntu systemd[1]: Reached target Sockets.
Oct 29 21:50:57 ubuntu systemd[1]: Reached target Basic System.
Oct 29 21:50:57 ubuntu systemd[1]: Started CUPS Scheduler.
Oct 29 21:50:57 ubuntu systemd[1]: Starting LSB: automatic crash report generation...
Oct 29 21:50:57 ubuntu systemd[1]: Starting Detect the available GPUs and deal with any system changes...
Oct 29 21:50:57 ubuntu gpu-manager[943]: /etc/modprobe.d is not a file
Oct 29 21:50:57 ubuntu systemd[1]: Started Regular background program processing daemon.
Oct 29 21:50:57 ubuntu cron[947]: (CRON) INFO (pidfile fd = 3)
Oct 29 21:50:57 ubuntu cron[947]: (CRON) INFO (Running @reboot jobs)
Oct 29 21:50:57 ubuntu systemd[1]: Starting Thermal Daemon Service...
Oct 29 21:50:57 ubuntu systemd[1]: Starting LSB: Record successful boot for GRUB...
Oct 29 21:50:57 ubuntu gpu-manager[943]: /etc/modprobe.d is not a file
Oct 29 21:50:57 ubuntu systemd[1]: Starting Ubuntu live CD installer...
Oct 29 21:50:57 ubuntu gpu-manager[943]: /etc/modprobe.d is not a file
Oct 29 21:50:57 ubuntu systemd[1]: Started irqbalance daemon.
Oct 29 21:50:57 ubuntu systemd[1]: Starting Modem Manager...
Oct 29 21:50:57 ubuntu /usr/sbin/irqbalance: Balancing is ineffective on systems with a single cpu.  Shutting down
Oct 29 21:50:57 ubuntu systemd[1]: Starting System Logging Service...
Oct 29 21:50:57 ubuntu systemd[1]: Starting Accounts Service...
Oct 29 21:50:57 ubuntu systemd[1]: Starting LSB: Speech Dispatcher...
Oct 29 21:50:57 ubuntu systemd[1]: Started D-Bus System Message Bus.
Oct 29 21:50:57 ubuntu gpu-manager[943]: /etc/modprobe.d is not a file
Oct 29 21:50:57 ubuntu gpu-manager[943]: Error: can't open /lib/modules/4.15.0-29-generic/updates/dkms
Oct 29 21:50:57 ubuntu gpu-manager[943]: Error: can't open /lib/modules/4.15.0-29-generic/updates/dkms
Oct 29 21:50:57 ubuntu ModemManager[964]: <info>  ModemManager (version 1.6.8) starting in system bus...
Oct 29 21:50:57 ubuntu rsyslogd: imuxsock: Acquired UNIX socket '/run/systemd/journal/syslog' (fd 3) from systemd.  [v8.32.0]
Oct 29 21:50:57 ubuntu rsyslogd: rsyslogd's groupid changed to 106
Oct 29 21:50:57 ubuntu rsyslogd: rsyslogd's userid changed to 102
Oct 29 21:50:57 ubuntu rsyslogd:  [origin software="rsyslogd" swVersion="8.32.0" x-pid="965" x-info="http://www.rsyslog.com"] start
Oct 29 21:50:57 ubuntu dbus-daemon[971]: dbus[971]: Unknown group "power" in message bus configuration file
Oct 29 21:50:57 ubuntu dbus-daemon[971]: [system] AppArmor D-Bus mediation is enabled
Oct 29 21:50:58 ubuntu systemd[1]: Starting Avahi mDNS/DNS-SD Stack...
Oct 29 21:50:58 ubuntu systemd[1]: Starting Network Manager...
Oct 29 21:50:58 ubuntu systemd[1]: Starting Dispatcher daemon for systemd-networkd...
Oct 29 21:50:58 ubuntu systemd[1]: Started Run anacron jobs.
Oct 29 21:50:58 ubuntu systemd[1]: Starting WPA supplicant...
Oct 29 21:50:58 ubuntu thermald[950]: NO RAPL sysfs present
Oct 29 21:50:58 ubuntu thermald[950]: 22 CPUID levels; family:model:stepping 0x6:8e:a (6:142:10)
Oct 29 21:50:58 ubuntu thermald[950]: Polling mode is enabled: 4
Oct 29 21:50:58 ubuntu thermald[950]: Thermal DTS: No coretemp sysfs found
Oct 29 21:50:58 ubuntu avahi-daemon[982]: Found user 'avahi' (UID 116) and group 'avahi' (GID 122).
Oct 29 21:50:58 ubuntu dbus-daemon[971]: [system] Activating via systemd: service name='org.freedesktop.PolicyKit1' unit='polkit.service' requested by ':1.4' (uid=0 pid=964 comm="/usr/sbin/ModemManager " label="unconfined")
Oct 29 21:50:58 ubuntu systemd[1]: Starting Restore /etc/resolv.conf if the system crashed before the ppp link was shut down...
Oct 29 21:50:58 ubuntu systemd[1]: Starting Disk Manager...
Oct 29 21:50:58 ubuntu systemd[1]: Reached target Login Prompts.
Oct 29 21:50:58 ubuntu avahi-daemon[982]: Successfully dropped root privileges.
Oct 29 21:50:58 ubuntu avahi-daemon[982]: avahi-daemon 0.7 starting up.
Oct 29 21:50:58 ubuntu avahi-daemon[982]: Successfully called chroot().
Oct 29 21:50:58 ubuntu avahi-daemon[982]: Successfully dropped remaining capabilities.
Oct 29 21:50:58 ubuntu avahi-daemon[982]: No service file found in /etc/avahi/services.
Oct 29 21:50:58 ubuntu avahi-daemon[982]: Joining mDNS multicast group on interface lo.IPv6 with address ::1.
Oct 29 21:50:58 ubuntu systemd[1]: Started ACPI event daemon.
Oct 29 21:50:58 ubuntu avahi-daemon[982]: New relevant interface lo.IPv6 for mDNS.
Oct 29 21:50:58 ubuntu avahi-daemon[982]: Joining mDNS multicast group on interface lo.IPv4 with address 127.0.0.1.
Oct 29 21:50:58 ubuntu avahi-daemon[982]: New relevant interface lo.IPv4 for mDNS.
Oct 29 21:50:58 ubuntu avahi-daemon[982]: Network interface enumeration completed.
Oct 29 21:50:58 ubuntu avahi-daemon[982]: Registering new address record for ::1 on lo.*.
Oct 29 21:50:58 ubuntu avahi-daemon[982]: Registering new address record for 127.0.0.1 on lo.IPv4.
Oct 29 21:50:58 ubuntu systemd[1]: Starting Login Service...
Oct 29 21:50:58 ubuntu udisksd[991]: udisks daemon version 2.7.6 starting
Oct 29 21:50:58 ubuntu systemd[1]: Starting Snappy daemon...
Oct 29 21:50:58 ubuntu systemd[1]: Reached target Host and Network Name Lookups.
Oct 29 21:50:58 ubuntu thermald[950]: Thermal DTS or hwmon: No Zones present Need to configure manually
Oct 29 21:50:58 ubuntu thermald[950]: No thermal sensors found
Oct 29 21:50:58 ubuntu thermald[950]: THD engine start failed
Oct 29 21:50:58 ubuntu acpid: starting up with netlink and the input layer
Oct 29 21:50:58 ubuntu acpid: 8 rules loaded
Oct 29 21:50:58 ubuntu acpid: waiting for events: event logging is off
Oct 29 21:50:58 ubuntu systemd[1]: Started System Logging Service.
Oct 29 21:50:58 ubuntu systemd[1]: Started Raise network interfaces.
Oct 29 21:50:58 ubuntu systemd[1]: Started Detect the available GPUs and deal with any system changes.
Oct 29 21:50:58 ubuntu systemd[1]: Started Thermal Daemon Service.
Oct 29 21:50:58 ubuntu systemd[1]: Started Restore /etc/resolv.conf if the system crashed before the ppp link was shut down.
Oct 29 21:50:58 ubuntu wpa_supplicant[986]: Successfully initialized wpa_supplicant
Oct 29 21:50:58 ubuntu grub-common[952]:  * Recording successful boot for GRUB
Oct 29 21:50:58 ubuntu speech-dispatcher[968]:  * speech-dispatcher disabled; edit /etc/default/speech-dispatcher
Oct 29 21:50:58 ubuntu udisksd[991]: failed to load module mdraid: libbd_mdraid.so.2: cannot open shared object file: No such file or directory
Oct 29 21:50:58 ubuntu apport[939]:  * Starting automatic crash report generation: apport
Oct 29 21:50:58 ubuntu systemd[1]: Started LSB: Speech Dispatcher.
Oct 29 21:50:58 ubuntu systemd[1]: Started Avahi mDNS/DNS-SD Stack.
Oct 29 21:50:58 ubuntu systemd[1]: Started Login Service.
Oct 29 21:50:58 ubuntu apport[939]:    ...done.
Oct 29 21:50:58 ubuntu systemd[1]: Started LSB: automatic crash report generation.
Oct 29 21:50:58 ubuntu udisksd[991]: Failed to load the 'mdraid' libblockdev plugin
Oct 29 21:50:58 ubuntu systemd[1]: Started WPA supplicant.
Oct 29 21:50:58 ubuntu systemd[1]: Starting Authorization Manager...
Oct 29 21:50:58 ubuntu systemd[1]: Started Make remote CUPS printers available locally.
Oct 29 21:50:58 ubuntu polkitd[1009]: started daemon version 0.105 using authority implementation `local' version `0.105'
Oct 29 21:50:58 ubuntu grub-common[952]:    ...done.
Oct 29 21:50:58 ubuntu systemd[1]: Started LSB: Record successful boot for GRUB.
Oct 29 21:50:58 ubuntu dbus-daemon[971]: [system] Successfully activated service 'org.freedesktop.PolicyKit1'
Oct 29 21:50:58 ubuntu systemd[1]: Started Authorization Manager.
Oct 29 21:50:58 ubuntu accounts-daemon[966]: started daemon version 0.6.45
Oct 29 21:50:58 ubuntu systemd[1]: Started Accounts Service.
Oct 29 21:50:58 ubuntu systemd[1]: Starting Run passwd -d to ensure AccountsService properties are set correctly...
Oct 29 21:50:58 ubuntu dbus-run-session[1015]: passwd: password expiry information changed.
Oct 29 21:50:58 ubuntu NetworkManager[983]: <info>  [1540849858.7377] NetworkManager (version 1.10.6) is starting... (for the first time)
Oct 29 21:50:58 ubuntu systemd[1]: Started Run passwd -d to ensure AccountsService properties are set correctly.
Oct 29 21:50:58 ubuntu NetworkManager[983]: <info>  [1540849858.7463] Read config: /etc/NetworkManager/NetworkManager.conf (lib: 10-dns-resolved.conf, 20-connectivity-ubuntu.conf, no-mac-addr-change.conf) (run: 10-globally-managed-devices.conf) (etc: default-wifi-powersave-on.conf)
Oct 29 21:50:58 ubuntu systemd[1]: Started Modem Manager.
Oct 29 21:50:58 ubuntu NetworkManager[983]: <info>  [1540849858.8139] manager[0x564f489b4070]: monitoring kernel firmware directory '/lib/firmware'.
Oct 29 21:50:58 ubuntu NetworkManager[983]: <info>  [1540849858.8158] monitoring ifupdown state file '/run/network/ifstate'.
Oct 29 21:50:58 ubuntu dbus-daemon[971]: [system] Activating via systemd: service name='org.freedesktop.hostname1' unit='dbus-org.freedesktop.hostname1.service' requested by ':1.13' (uid=0 pid=983 comm="/usr/sbin/NetworkManager --no-daemon " label="unconfined")
Oct 29 21:50:58 ubuntu systemd[1]: Starting Hostname Service...
Oct 29 21:50:58 ubuntu systemd[1]: Started Disk Manager.
Oct 29 21:50:58 ubuntu udisksd[991]: Acquired the name org.freedesktop.UDisks2 on the system message bus
Oct 29 21:50:58 ubuntu dbus-daemon[971]: [system] Successfully activated service 'org.freedesktop.hostname1'
Oct 29 21:50:58 ubuntu systemd[1]: Started Hostname Service.
Oct 29 21:50:58 ubuntu NetworkManager[983]: <info>  [1540849858.9402] hostname: hostname: using hostnamed
Oct 29 21:50:58 ubuntu NetworkManager[983]: <info>  [1540849858.9402] hostname: hostname changed from (none) to "ubuntu"
Oct 29 21:50:58 ubuntu NetworkManager[983]: <info>  [1540849858.9406] dns-mgr[0x564f489cd170]: init: dns=systemd-resolved, rc-manager=symlink, plugin=systemd-resolved
Oct 29 21:50:58 ubuntu NetworkManager[983]: <info>  [1540849858.9411] manager[0x564f489b4070]: rfkill: WiFi hardware radio set enabled
Oct 29 21:50:58 ubuntu NetworkManager[983]: <info>  [1540849858.9411] manager[0x564f489b4070]: rfkill: WWAN hardware radio set enabled
Oct 29 21:50:58 ubuntu systemd[1]: Started Network Manager.
Oct 29 21:50:58 ubuntu systemd[1]: Starting Network Manager Wait Online...
Oct 29 21:50:58 ubuntu systemd[1]: Reached target Network.
Oct 29 21:50:58 ubuntu systemd[1]: Started Unattended Upgrades Shutdown.
Oct 29 21:50:58 ubuntu systemd[1]: Starting Permit User Sessions...
Oct 29 21:50:58 ubuntu avahi-daemon[982]: Server startup complete. Host name is ubuntu.local. Local service cookie is 1879427210.
Oct 29 21:50:58 ubuntu dbus-daemon[971]: [system] Activating via systemd: service name='org.freedesktop.nm_dispatcher' unit='dbus-org.freedesktop.nm-dispatcher.service' requested by ':1.13' (uid=0 pid=983 comm="/usr/sbin/NetworkManager --no-daemon " label="unconfined")
Oct 29 21:50:58 ubuntu systemd[1]: Started Permit User Sessions.
Oct 29 21:50:59 ubuntu systemd[1]: Starting Network Manager Script Dispatcher Service...
Oct 29 21:50:59 ubuntu systemd[1]: Starting Hold until boot process finishes up...
Oct 29 21:50:59 ubuntu dbus-daemon[971]: [system] Successfully activated service 'org.freedesktop.nm_dispatcher'
Oct 29 21:50:59 ubuntu systemd[1]: Started Network Manager Script Dispatcher Service.
Oct 29 21:50:59 ubuntu NetworkManager[983]: <info>  [1540849859.0383] init!
Oct 29 21:50:59 ubuntu NetworkManager[983]: <info>  [1540849859.0384]       interface-parser: parsing file /etc/network/interfaces
Oct 29 21:50:59 ubuntu NetworkManager[983]: <info>  [1540849859.0385]       interface-parser: finished parsing file /etc/network/interfaces
Oct 29 21:50:59 ubuntu NetworkManager[983]: <info>  [1540849859.0385] management mode: unmanaged
Oct 29 21:50:59 ubuntu NetworkManager[983]: <info>  [1540849859.0395] devices added (path: /sys/devices/pci0000:00/0000:00:03.0/net/enp0s3, iface: enp0s3)
Oct 29 21:50:59 ubuntu NetworkManager[983]: <info>  [1540849859.0396] device added (path: /sys/devices/pci0000:00/0000:00:03.0/net/enp0s3, iface: enp0s3): no ifupdown configuration found.
Oct 29 21:50:59 ubuntu NetworkManager[983]: <info>  [1540849859.0397] devices added (path: /sys/devices/virtual/net/lo, iface: lo)
Oct 29 21:50:59 ubuntu NetworkManager[983]: <info>  [1540849859.0398] device added (path: /sys/devices/virtual/net/lo, iface: lo): no ifupdown configuration found.
Oct 29 21:50:59 ubuntu NetworkManager[983]: <info>  [1540849859.0400] end _init.
Oct 29 21:50:59 ubuntu NetworkManager[983]: <info>  [1540849859.0401] settings: loaded plugin ifupdown: (C) 2008 Canonical Ltd.  To report bugs please use the NetworkManager mailing list. (/usr/lib/x86_64-linux-gnu/NetworkManager/libnm-settings-plugin-ifupdown.so)
Oct 29 21:50:59 ubuntu NetworkManager[983]: <info>  [1540849859.0402] settings: loaded plugin keyfile: (c) 2007 - 2016 Red Hat, Inc.  To report bugs please use the NetworkManager mailing list.
Oct 29 21:50:59 ubuntu NetworkManager[983]: <info>  [1540849859.0402] (1218367104) ... get_connections.
Oct 29 21:50:59 ubuntu NetworkManager[983]: <info>  [1540849859.0402] (1218367104) ... get_connections (managed=false): return empty list.
Oct 29 21:50:59 ubuntu NetworkManager[983]: <info>  [1540849859.0405] get unmanaged devices count: 0
Oct 29 21:50:59 ubuntu NetworkManager[983]: <info>  [1540849859.0405] manager: rfkill: WiFi enabled by radio killswitch; enabled by state file
Oct 29 21:50:59 ubuntu NetworkManager[983]: <info>  [1540849859.0405] manager: rfkill: WWAN enabled by radio killswitch; enabled by state file
Oct 29 21:50:59 ubuntu NetworkManager[983]: <info>  [1540849859.0406] manager: Networking is enabled by state file
Oct 29 21:50:59 ubuntu NetworkManager[983]: <info>  [1540849859.0415] dhcp-init: Using DHCP client 'dhclient'
Oct 29 21:50:59 ubuntu NetworkManager[983]: <info>  [1540849859.0430] Loaded device plugin: NMBondDeviceFactory (internal)
Oct 29 21:50:59 ubuntu nm-dispatcher: req:1 'hostname': new request (1 scripts)
Oct 29 21:50:59 ubuntu nm-dispatcher: req:1 'hostname': start running ordered scripts...
Oct 29 21:50:59 ubuntu NetworkManager[983]: <info>  [1540849859.0512] Loaded device plugin: NMBridgeDeviceFactory (internal)
Oct 29 21:50:59 ubuntu NetworkManager[983]: <info>  [1540849859.0513] Loaded device plugin: NMDummyDeviceFactory (internal)
Oct 29 21:50:59 ubuntu NetworkManager[983]: <info>  [1540849859.0514] Loaded device plugin: NMEthernetDeviceFactory (internal)
Oct 29 21:50:59 ubuntu NetworkManager[983]: <info>  [1540849859.0518] Loaded device plugin: NMInfinibandDeviceFactory (internal)
Oct 29 21:50:59 ubuntu NetworkManager[983]: <info>  [1540849859.0519] Loaded device plugin: NMIPTunnelDeviceFactory (internal)
Oct 29 21:50:59 ubuntu NetworkManager[983]: <info>  [1540849859.0520] Loaded device plugin: NMMacsecDeviceFactory (internal)
Oct 29 21:50:59 ubuntu NetworkManager[983]: <info>  [1540849859.0535] Loaded device plugin: NMMacvlanDeviceFactory (internal)
Oct 29 21:50:59 ubuntu NetworkManager[983]: <info>  [1540849859.0536] Loaded device plugin: NMPppDeviceFactory (internal)
Oct 29 21:50:59 ubuntu NetworkManager[983]: <info>  [1540849859.0538] Loaded device plugin: NMTunDeviceFactory (internal)
Oct 29 21:50:59 ubuntu NetworkManager[983]: <info>  [1540849859.0539] Loaded device plugin: NMVethDeviceFactory (internal)
Oct 29 21:50:59 ubuntu NetworkManager[983]: <info>  [1540849859.0540] Loaded device plugin: NMVlanDeviceFactory (internal)
Oct 29 21:50:59 ubuntu NetworkManager[983]: <info>  [1540849859.0543] Loaded device plugin: NMVxlanDeviceFactory (internal)
Oct 29 21:50:59 ubuntu snapd[995]: AppArmor status: apparmor is enabled and all features are available
Oct 29 21:50:59 ubuntu NetworkManager[983]: <info>  [1540849859.1826] Loaded device plugin: NMAtmManager (/usr/lib/x86_64-linux-gnu/NetworkManager/libnm-device-plugin-adsl.so)
Oct 29 21:50:59 ubuntu NetworkManager[983]: <info>  [1540849859.1959] Loaded device plugin: NMBluezManager (/usr/lib/x86_64-linux-gnu/NetworkManager/libnm-device-plugin-bluetooth.so)
Oct 29 21:50:59 ubuntu NetworkManager[983]: <info>  [1540849859.2189] Loaded device plugin: NMTeamFactory (/usr/lib/x86_64-linux-gnu/NetworkManager/libnm-device-plugin-team.so)
Oct 29 21:50:59 ubuntu snapd[995]: 2018/10/29 21:50:59.230038 backend.go:125: snapd enabled root filesystem on overlay support, additional upperdir permissions granted
Oct 29 21:50:59 ubuntu NetworkManager[983]: <info>  [1540849859.2314] Loaded device plugin: NMWifiFactory (/usr/lib/x86_64-linux-gnu/NetworkManager/libnm-device-plugin-wifi.so)
Oct 29 21:50:59 ubuntu NetworkManager[983]: <info>  [1540849859.2393] Loaded device plugin: NMWwanFactory (/usr/lib/x86_64-linux-gnu/NetworkManager/libnm-device-plugin-wwan.so)
Oct 29 21:50:59 ubuntu NetworkManager[983]: <info>  [1540849859.2422] device (lo): carrier: link connected
Oct 29 21:50:59 ubuntu NetworkManager[983]: <info>  [1540849859.2517] manager: (lo): new Generic device (/org/freedesktop/NetworkManager/Devices/1)
Oct 29 21:50:59 ubuntu NetworkManager[983]: <info>  [1540849859.2653] manager: (enp0s3): new Ethernet device (/org/freedesktop/NetworkManager/Devices/2)
Oct 29 21:50:59 ubuntu NetworkManager[983]: <info>  [1540849859.2895] keyfile: add connection in-memory (1eca65ce-93eb-363d-8c8e-96f975d1bbd1,"Wired connection 1")
Oct 29 21:50:59 ubuntu NetworkManager[983]: <info>  [1540849859.2953] settings: (enp0s3): created default wired connection 'Wired connection 1'
Oct 29 21:50:59 ubuntu NetworkManager[983]: <info>  [1540849859.3040] device (enp0s3): state change: unmanaged -> unavailable (reason 'managed', sys-iface-state: 'external')
Oct 29 21:50:59 ubuntu kernel: [   19.790349] IPv6: ADDRCONF(NETDEV_UP): enp0s3: link is not ready
Oct 29 21:50:59 ubuntu kernel: [   19.796841] e1000: enp0s3 NIC Link is Up 1000 Mbps Full Duplex, Flow Control: RX
Oct 29 21:50:59 ubuntu kernel: [   19.803676] IPv6: ADDRCONF(NETDEV_UP): enp0s3: link is not ready
Oct 29 21:50:59 ubuntu kernel: [   19.803688] IPv6: ADDRCONF(NETDEV_CHANGE): enp0s3: link becomes ready
Oct 29 21:50:59 ubuntu NetworkManager[983]: <info>  [1540849859.3231] device (enp0s3): carrier: link connected
Oct 29 21:50:59 ubuntu NetworkManager[983]: <info>  [1540849859.3839] modem-manager: ModemManager available
Oct 29 21:50:59 ubuntu systemd-udevd[879]: link_config: autonegotiation is unset or enabled, the speed and duplex are not writable.
Oct 29 21:50:59 ubuntu NetworkManager[983]: <info>  [1540849859.4126] device (enp0s3): state change: unavailable -> disconnected (reason 'none', sys-iface-state: 'managed')
Oct 29 21:50:59 ubuntu NetworkManager[983]: <info>  [1540849859.4309] policy: auto-activating connection 'Wired connection 1'
Oct 29 21:50:59 ubuntu NetworkManager[983]: <info>  [1540849859.4440] device (enp0s3): Activation: starting connection 'Wired connection 1' (1eca65ce-93eb-363d-8c8e-96f975d1bbd1)
Oct 29 21:50:59 ubuntu NetworkManager[983]: <info>  [1540849859.4462] device (enp0s3): state change: disconnected -> prepare (reason 'none', sys-iface-state: 'managed')
Oct 29 21:50:59 ubuntu NetworkManager[983]: <info>  [1540849859.4486] manager: NetworkManager state is now CONNECTING
Oct 29 21:50:59 ubuntu NetworkManager[983]: <info>  [1540849859.4572] device (enp0s3): state change: prepare -> config (reason 'none', sys-iface-state: 'managed')
Oct 29 21:50:59 ubuntu NetworkManager[983]: <info>  [1540849859.4610] device (enp0s3): state change: config -> ip-config (reason 'none', sys-iface-state: 'managed')
Oct 29 21:50:59 ubuntu NetworkManager[983]: <info>  [1540849859.4626] dhcp4 (enp0s3): activation: beginning transaction (timeout in 45 seconds)
Oct 29 21:50:59 ubuntu NetworkManager[983]: <info>  [1540849859.4876] dhcp4 (enp0s3): dhclient started with pid 1057
Oct 29 21:50:59 ubuntu dhclient[1057]: DHCPDISCOVER on enp0s3 to 255.255.255.255 port 67 interval 3 (xid=0x3643931e)
Oct 29 21:50:59 ubuntu dhclient[1057]: DHCPREQUEST of 10.0.2.15 on enp0s3 to 255.255.255.255 port 67 (xid=0x1e934336)
Oct 29 21:50:59 ubuntu dhclient[1057]: DHCPOFFER of 10.0.2.15 from 10.0.2.2
Oct 29 21:50:59 ubuntu dhclient[1057]: DHCPACK of 10.0.2.15 from 10.0.2.2
Oct 29 21:50:59 ubuntu NetworkManager[983]: <info>  [1540849859.6804] dhcp4 (enp0s3):   address 10.0.2.15
Oct 29 21:50:59 ubuntu NetworkManager[983]: <info>  [1540849859.6844] dhcp4 (enp0s3):   plen 24 (255.255.255.0)
Oct 29 21:50:59 ubuntu NetworkManager[983]: <info>  [1540849859.6846] dhcp4 (enp0s3):   gateway 10.0.2.2
Oct 29 21:50:59 ubuntu NetworkManager[983]: <info>  [1540849859.6847] dhcp4 (enp0s3):   lease time 86400
Oct 29 21:50:59 ubuntu NetworkManager[983]: <info>  [1540849859.6848] dhcp4 (enp0s3):   nameserver '192.168.86.1'
Oct 29 21:50:59 ubuntu NetworkManager[983]: <info>  [1540849859.6850] dhcp4 (enp0s3):   domain name 'lan'
Oct 29 21:50:59 ubuntu NetworkManager[983]: <info>  [1540849859.6851] dhcp4 (enp0s3): state changed unknown -> bound
Oct 29 21:50:59 ubuntu avahi-daemon[982]: Joining mDNS multicast group on interface enp0s3.IPv4 with address 10.0.2.15.
Oct 29 21:50:59 ubuntu avahi-daemon[982]: New relevant interface enp0s3.IPv4 for mDNS.
Oct 29 21:50:59 ubuntu avahi-daemon[982]: Registering new address record for 10.0.2.15 on enp0s3.IPv4.
Oct 29 21:50:59 ubuntu NetworkManager[983]: <info>  [1540849859.6895] device (enp0s3): state change: ip-config -> ip-check (reason 'none', sys-iface-state: 'managed')
Oct 29 21:50:59 ubuntu NetworkManager[983]: <info>  [1540849859.7025] device (enp0s3): state change: ip-check -> secondaries (reason 'none', sys-iface-state: 'managed')
Oct 29 21:50:59 ubuntu NetworkManager[983]: <info>  [1540849859.7078] device (enp0s3): state change: secondaries -> activated (reason 'none', sys-iface-state: 'managed')
Oct 29 21:50:59 ubuntu NetworkManager[983]: <info>  [1540849859.7102] manager: NetworkManager state is now CONNECTED_LOCAL
Oct 29 21:50:59 ubuntu NetworkManager[983]: <info>  [1540849859.7160] manager: NetworkManager state is now CONNECTED_SITE
Oct 29 21:50:59 ubuntu dhclient[1057]: bound to 10.0.2.15 -- renewal in 34985 seconds.
Oct 29 21:50:59 ubuntu NetworkManager[983]: <info>  [1540849859.7174] policy: set 'Wired connection 1' (enp0s3) as default for IPv4 routing and DNS
Oct 29 21:50:59 ubuntu NetworkManager[983]: <info>  [1540849859.7192] device (enp0s3): Activation: successful, device activated.
Oct 29 21:50:59 ubuntu nm-dispatcher: req:2 'up' [enp0s3]: new request (1 scripts)
Oct 29 21:50:59 ubuntu nm-dispatcher: req:2 'up' [enp0s3]: start running ordered scripts...
Oct 29 21:50:59 ubuntu NetworkManager[983]: <info>  [1540849859.7271] manager: startup complete
Oct 29 21:50:59 ubuntu systemd[1]: Started Network Manager Wait Online.
Oct 29 21:50:59 ubuntu systemd[1]: Reached target Network is Online.
Oct 29 21:50:59 ubuntu systemd[1]: Starting Tool to automatically collect and submit kernel crash signatures...
Oct 29 21:50:59 ubuntu systemd[1]: Started crash report submission daemon.
Oct 29 21:50:59 ubuntu systemd[1]: kerneloops.service: Found left-over process 1084 (kerneloops) in control group while starting unit. Ignoring.
Oct 29 21:50:59 ubuntu systemd[1]: This usually indicates unclean termination of a previous run, or service implementation deficiencies.
Oct 29 21:50:59 ubuntu networkd-dispatcher[984]: WARNING: systemd-networkd is not running, output will be incomplete.
Oct 29 21:50:59 ubuntu systemd[1]: Started Tool to automatically collect and submit kernel crash signatures.
Oct 29 21:50:59 ubuntu systemd[1]: Started Dispatcher daemon for systemd-networkd.
Oct 29 21:50:59 ubuntu whoopsie[1083]: [21:50:59] Using lock path: /var/lock/whoopsie/lock
Oct 29 21:50:59 ubuntu whoopsie[1083]: [21:50:59] offline
Oct 29 21:51:00 ubuntu kernel: [   20.516545] vgdrvHeartbeatInit: Setting up heartbeat to trigger every 2000 milliseconds
Oct 29 21:51:00 ubuntu kernel: [   20.516670] input: Unspecified device as /devices/pci0000:00/0000:00:04.0/input/input7
Oct 29 21:51:00 ubuntu kernel: [   20.522165] vboxguest: misc device minor 55, IRQ 20, I/O port d020, MMIO at 00000000f0400000 (size 0x400000)
Oct 29 21:51:00 ubuntu kernel: [   20.522167] vboxguest: Successfully loaded version 5.2.8_KernelUbuntu (interface 0x00010004)
Oct 29 21:51:00 ubuntu NetworkManager[983]: <info>  [1540849860.2404] devices added (path: /sys/devices/pci0000:00/0000:00:03.0/net/enp0s3, iface: enp0s3)
Oct 29 21:51:00 ubuntu NetworkManager[983]: <info>  [1540849860.2404] device added (path: /sys/devices/pci0000:00/0000:00:03.0/net/enp0s3, iface: enp0s3): no ifupdown configuration found.
Oct 29 21:51:00 ubuntu mtp-probe: checking bus 1, device 2: "/sys/devices/pci0000:00/0000:00:06.0/usb1/1-1"
Oct 29 21:51:00 ubuntu mtp-probe: bus: 1, device: 2 was not an MTP device
Oct 29 21:51:00 ubuntu kernel: [   21.068309] RAPL PMU: API unit is 2^-32 Joules, 5 fixed counters, 10737418240 ms ovfl timer
Oct 29 21:51:00 ubuntu kernel: [   21.068310] RAPL PMU: hw unit of domain pp0-core 2^-0 Joules
Oct 29 21:51:00 ubuntu kernel: [   21.068311] RAPL PMU: hw unit of domain package 2^-0 Joules
Oct 29 21:51:00 ubuntu kernel: [   21.068312] RAPL PMU: hw unit of domain dram 2^-0 Joules
Oct 29 21:51:00 ubuntu kernel: [   21.068312] RAPL PMU: hw unit of domain pp1-gpu 2^-0 Joules
Oct 29 21:51:00 ubuntu kernel: [   21.068313] RAPL PMU: hw unit of domain psys 2^-0 Joules
Oct 29 21:51:00 ubuntu kernel: [   21.140998] vboxvideo: module is from the staging directory, the quality is unknown, you have been warned.
Oct 29 21:51:00 ubuntu kernel: [   21.141032] vboxvideo: module verification failed: signature and/or required key missing - tainting kernel
Oct 29 21:51:00 ubuntu kernel: [   21.186374] [drm] VRAM 01000000
Oct 29 21:51:00 ubuntu kernel: [   21.205492] [TTM] Zone  kernel: Available graphics memory: 2019866 kiB
Oct 29 21:51:00 ubuntu kernel: [   21.205493] [TTM] Initializing pool allocator
Oct 29 21:51:00 ubuntu kernel: [   21.205497] [TTM] Initializing DMA pool allocator
Oct 29 21:51:00 ubuntu NetworkManager[983]: <info>  [1540849860.8452] manager: NetworkManager state is now CONNECTED_GLOBAL
Oct 29 21:51:00 ubuntu nm-dispatcher: req:3 'connectivity-change': new request (1 scripts)
Oct 29 21:51:00 ubuntu nm-dispatcher: req:3 'connectivity-change': start running ordered scripts...
Oct 29 21:51:00 ubuntu whoopsie[1083]: [21:51:00] The default IPv4 route is: /org/freedesktop/NetworkManager/ActiveConnection/1
Oct 29 21:51:00 ubuntu whoopsie[1083]: [21:51:00] Not a paid data plan: /org/freedesktop/NetworkManager/ActiveConnection/1
Oct 29 21:51:00 ubuntu whoopsie[1083]: [21:51:00] Found usable connection: /org/freedesktop/NetworkManager/ActiveConnection/1
Oct 29 21:51:00 ubuntu whoopsie[1083]: [21:51:00] online
Oct 29 21:51:00 ubuntu kernel: [   21.301728] fbcon: vboxdrmfb (fb0) is primary device
Oct 29 21:51:00 ubuntu kernel: [   21.344123] AVX2 version of gcm_enc/dec engaged.
Oct 29 21:51:00 ubuntu kernel: [   21.344124] AES CTR mode by8 optimization enabled
Oct 29 21:51:00 ubuntu kernel: [   21.354148] Console: switching to colour frame buffer device 100x37
Oct 29 21:51:00 ubuntu kernel: [   21.355041] vboxvideo 0000:00:02.0: fb0: vboxdrmfb frame buffer device
Oct 29 21:51:00 ubuntu kernel: [   21.355070] [drm] Initialized vboxvideo 1.0.0 20130823 for 0000:00:02.0 on minor 0
Oct 29 21:51:00 ubuntu systemd[1]: Listening on Load/Save RF Kill Switch Status /dev/rfkill Watch.
Oct 29 21:51:00 ubuntu systemd-udevd[883]: link_config: autonegotiation is unset or enabled, the speed and duplex are not writable.
Oct 29 21:51:00 ubuntu avahi-daemon[982]: Joining mDNS multicast group on interface enp0s3.IPv6 with address fe80::c216:5fc:371:fbb6.
Oct 29 21:51:00 ubuntu avahi-daemon[982]: New relevant interface enp0s3.IPv6 for mDNS.
Oct 29 21:51:00 ubuntu avahi-daemon[982]: Registering new address record for fe80::c216:5fc:371:fbb6 on enp0s3.*.
Oct 29 21:51:01 ubuntu NetworkManager[983]: <info>  [1540849861.1073] devices added (path: /sys/devices/virtual/net/lo, iface: lo)
Oct 29 21:51:01 ubuntu NetworkManager[983]: <info>  [1540849861.1073] device added (path: /sys/devices/virtual/net/lo, iface: lo): no ifupdown configuration found.
Oct 29 21:51:01 ubuntu kernel: [   21.679280] audit: type=1400 audit(1540849861.188:2): apparmor="STATUS" operation="profile_load" profile="unconfined" name="/usr/lib/snapd/snap-confine" pid=1054 comm="apparmor_parser"
Oct 29 21:51:01 ubuntu kernel: [   21.682848] audit: type=1400 audit(1540849861.192:3): apparmor="STATUS" operation="profile_load" profile="unconfined" name="/usr/lib/snapd/snap-confine//mount-namespace-capture-helper" pid=1054 comm="apparmor_parser"
Oct 29 21:51:01 ubuntu snapd[995]: 2018/10/29 21:51:01.201139 helpers.go:119: error trying to compare the snap system key: system-key missing on disk
Oct 29 21:51:01 ubuntu snapd[995]: 2018/10/29 21:51:01.208395 daemon.go:343: started snapd/2.34.2+18.04 (series 16; classic) ubuntu/18.04 (amd64) linux/4.15.0-29-generic.
Oct 29 21:51:01 ubuntu systemd[1]: Started Snappy daemon.
Oct 29 21:51:01 ubuntu systemd[1]: Starting Wait until snapd is fully seeded...
Oct 29 21:51:01 ubuntu systemd[1]: Starting Holds Snappy daemon refresh...
Oct 29 21:51:02 ubuntu kernel: [   23.064599] snd_intel8x0 0000:00:05.0: white list rate for 1028:0177 is 48000
Oct 29 21:51:02 ubuntu systemd[1]: Reached target Sound Card.
Oct 29 21:51:02 ubuntu ModemManager[964]: <info>  Couldn't check support for device at '/sys/devices/pci0000:00/0000:00:03.0': not supported by any plugin
Oct 29 21:51:02 ubuntu systemd-udevd[878]: Process '/usr/sbin/alsactl -E HOME=/run/alsa restore 0' failed with exit code 99.
Oct 29 21:51:03 ubuntu systemd[1]: Received SIGRTMIN+21 from PID 223 (plymouthd).
Oct 29 21:51:03 ubuntu systemd[1]: Started Hold until boot process finishes up.
Oct 29 21:51:03 ubuntu systemd[1]: Starting Set console scheme...
Oct 29 21:51:03 ubuntu systemd[1]: Started Set console scheme.
Oct 29 21:51:03 ubuntu systemd[1]: Created slice system-getty.slice.
Oct 29 21:51:03 ubuntu systemd[1]: Created slice User Slice of ubuntu.
Oct 29 21:51:03 ubuntu systemd[1]: Starting User Manager for UID 999...
Oct 29 21:51:03 ubuntu systemd[1]: Started Session c1 of user ubuntu.
Oct 29 21:51:03 ubuntu systemd[1289]: Listening on GnuPG cryptographic agent and passphrase cache (access for web browsers).
Oct 29 21:51:03 ubuntu systemd[1289]: Listening on GnuPG network certificate management daemon.
Oct 29 21:51:03 ubuntu systemd[1289]: Started Pending report trigger for Ubuntu Report.
Oct 29 21:51:03 ubuntu systemd[1289]: Reached target Paths.
Oct 29 21:51:03 ubuntu systemd[1289]: Listening on GnuPG cryptographic agent (ssh-agent emulation).
Oct 29 21:51:03 ubuntu systemd[1289]: Reached target Timers.
Oct 29 21:51:03 ubuntu systemd[1289]: Starting D-Bus User Message Bus Socket.
Oct 29 21:51:03 ubuntu systemd[1289]: Listening on GnuPG cryptographic agent and passphrase cache (restricted).
Oct 29 21:51:03 ubuntu systemd[1289]: Listening on GnuPG cryptographic agent and passphrase cache.
Oct 29 21:51:03 ubuntu systemd[1289]: Listening on D-Bus User Message Bus Socket.
Oct 29 21:51:03 ubuntu systemd[1289]: Reached target Sockets.
Oct 29 21:51:03 ubuntu systemd[1289]: Reached target Basic System.
Oct 29 21:51:03 ubuntu systemd[1]: Started User Manager for UID 999.
Oct 29 21:51:03 ubuntu systemd[1289]: Reached target Default.
Oct 29 21:51:03 ubuntu systemd[1289]: Startup finished in 147ms.
Oct 29 21:51:03 ubuntu systemd[1289]: Started D-Bus User Message Bus.
Oct 29 21:51:03 ubuntu dbus-daemon[1304]: [session uid=999 pid=1304] AppArmor D-Bus mediation is enabled
Oct 29 21:51:06 ubuntu dbus-daemon[971]: [system] Activating via systemd: service name='org.freedesktop.UPower' unit='upower.service' requested by ':1.26' (uid=999 pid=1339 comm="/usr/lib/gnome-settings-daemon/gsd-power " label="unconfined")
Oct 29 21:51:06 ubuntu systemd[1]: Starting Daemon for power management...
Oct 29 21:51:06 ubuntu dbus-daemon[971]: [system] Successfully activated service 'org.freedesktop.UPower'
Oct 29 21:51:06 ubuntu systemd[1]: Started Daemon for power management.
Oct 29 21:51:06 ubuntu dbus-daemon[1304]: [session uid=999 pid=1304] Activating via systemd: service name='org.gtk.vfs.Daemon' unit='gvfs-daemon.service' requested by ':1.15' (uid=999 pid=1341 comm="/usr/lib/gnome-settings-daemon/gsd-xsettings " label="unconfined")
Oct 29 21:51:06 ubuntu systemd[1289]: Starting Virtual filesystem service...
Oct 29 21:51:06 ubuntu dbus-daemon[1304]: [session uid=999 pid=1304] Successfully activated service 'org.gtk.vfs.Daemon'
Oct 29 21:51:06 ubuntu systemd[1289]: Started Virtual filesystem service.
Oct 29 21:51:06 ubuntu dbus-daemon[971]: [system] Activating via systemd: service name='org.freedesktop.RealtimeKit1' unit='rtkit-daemon.service' requested by ':1.29' (uid=999 pid=1438 comm="/usr/bin/pulseaudio --start --log-target=syslog " label="unconfined")
Oct 29 21:51:06 ubuntu systemd[1]: Starting RealtimeKit Scheduling Policy Service...
Oct 29 21:51:06 ubuntu dbus-daemon[971]: [system] Successfully activated service 'org.freedesktop.RealtimeKit1'
Oct 29 21:51:06 ubuntu systemd[1]: Started RealtimeKit Scheduling Policy Service.
Oct 29 21:51:06 ubuntu rtkit-daemon[1439]: Successfully called chroot.
Oct 29 21:51:06 ubuntu rtkit-daemon[1439]: Successfully dropped privileges.
Oct 29 21:51:06 ubuntu rtkit-daemon[1439]: Successfully limited resources.
Oct 29 21:51:06 ubuntu rtkit-daemon[1439]: Running.
Oct 29 21:51:06 ubuntu rtkit-daemon[1439]: Successfully made thread 1438 of process 1438 (n/a) owned by '999' high priority at nice level -11.
Oct 29 21:51:06 ubuntu rtkit-daemon[1439]: Supervising 1 threads of 1 processes of 1 users.
Oct 29 21:51:06 ubuntu rtkit-daemon[1439]: Watchdog thread running.
Oct 29 21:51:06 ubuntu rtkit-daemon[1439]: Canary thread running.
Oct 29 21:51:07 ubuntu pulseaudio[1438]: [pulseaudio] alsa-util.c: Disabling timer-based scheduling because running inside a VM.
Oct 29 21:51:07 ubuntu pulseaudio[1438]: [pulseaudio] sink.c: Default and alternate sample rates are the same.
Oct 29 21:51:07 ubuntu rtkit-daemon[1439]: Supervising 1 threads of 1 processes of 1 users.
Oct 29 21:51:07 ubuntu rtkit-daemon[1439]: Successfully made thread 1442 of process 1438 (n/a) owned by '999' RT at priority 5.
Oct 29 21:51:07 ubuntu rtkit-daemon[1439]: Supervising 2 threads of 1 processes of 1 users.
Oct 29 21:51:07 ubuntu pulseaudio[1438]: [pulseaudio] alsa-util.c: Disabling timer-based scheduling because running inside a VM.
Oct 29 21:51:07 ubuntu rtkit-daemon[1439]: Supervising 2 threads of 1 processes of 1 users.
Oct 29 21:51:07 ubuntu rtkit-daemon[1439]: Successfully made thread 1443 of process 1438 (n/a) owned by '999' RT at priority 5.
Oct 29 21:51:07 ubuntu rtkit-daemon[1439]: Supervising 3 threads of 1 processes of 1 users.
Oct 29 21:51:07 ubuntu dbus-daemon[971]: [system] Activating via systemd: service name='org.bluez' unit='dbus-org.bluez.service' requested by ':1.33' (uid=999 pid=1438 comm="/usr/bin/pulseaudio --start --log-target=syslog " label="unconfined")
Oct 29 21:51:07 ubuntu pulseaudio[1438]: [pulseaudio] authkey.c: Failed to open cookie file '/home/ubuntu/.config/pulse/cookie': No such file or directory
Oct 29 21:51:07 ubuntu pulseaudio[1438]: [pulseaudio] authkey.c: Failed to load authentication key '/home/ubuntu/.config/pulse/cookie': No such file or directory
Oct 29 21:51:07 ubuntu pulseaudio[1438]: [pulseaudio] authkey.c: Failed to open cookie file '/home/ubuntu/.pulse-cookie': No such file or directory
Oct 29 21:51:07 ubuntu pulseaudio[1438]: [pulseaudio] authkey.c: Failed to load authentication key '/home/ubuntu/.pulse-cookie': No such file or directory
Oct 29 21:51:10 ubuntu dbus-daemon[1304]: [session uid=999 pid=1304] Activating service name='org.freedesktop.portal.IBus' requested by ':1.20' (uid=999 pid=1347 comm="ibus-daemon " label="unconfined")
Oct 29 21:51:10 ubuntu dbus-daemon[1304]: [session uid=999 pid=1304] Successfully activated service 'org.freedesktop.portal.IBus'
Oct 29 21:51:13 ubuntu ubiquity[1381]: Ubiquity 18.04.14.6
Oct 29 21:51:17 ubuntu systemd[1]: Started Holds Snappy daemon refresh.
Oct 29 21:51:18 ubuntu dbus-daemon[971]: [system] Activating via systemd: service name='org.freedesktop.GeoClue2' unit='geoclue.service' requested by ':1.28' (uid=999 pid=1343 comm="gnome-shell --sm-disable --mode=ubiquity " label="unconfined")
Oct 29 21:51:18 ubuntu systemd[1]: Starting Location Lookup Service...
Oct 29 21:51:18 ubuntu dbus-daemon[971]: [system] Successfully activated service 'org.freedesktop.GeoClue2'
Oct 29 21:51:18 ubuntu systemd[1]: Started Location Lookup Service.
Oct 29 21:51:18 ubuntu dbus-daemon[971]: [system] Activating via systemd: service name='org.freedesktop.bolt' unit='bolt.service' requested by ':1.28' (uid=999 pid=1343 comm="gnome-shell --sm-disable --mode=ubiquity " label="unconfined")
Oct 29 21:51:18 ubuntu systemd[1]: Starting Thunderbolt system service...
Oct 29 21:51:18 ubuntu boltd[1623]: bolt 0.3 starting up.
Oct 29 21:51:18 ubuntu boltd[1623]: config: loading user config
Oct 29 21:51:18 ubuntu boltd[1623]: store: loading devices
Oct 29 21:51:18 ubuntu boltd[1623]: power: force_power support: no
Oct 29 21:51:18 ubuntu boltd[1623]: udev: enumerating devices
Oct 29 21:51:18 ubuntu dbus-daemon[971]: [system] Successfully activated service 'org.freedesktop.bolt'
Oct 29 21:51:18 ubuntu systemd[1]: Started Thunderbolt system service.
Oct 29 21:51:18 ubuntu dbus-daemon[971]: [system] Activating via systemd: service name='org.freedesktop.PackageKit' unit='packagekit.service' requested by ':1.28' (uid=999 pid=1343 comm="gnome-shell --sm-disable --mode=ubiquity " label="unconfined")
Oct 29 21:51:18 ubuntu systemd[1]: Starting PackageKit Daemon...
Oct 29 21:51:19 ubuntu PackageKit: daemon start
Oct 29 21:51:19 ubuntu dbus-daemon[971]: [system] Successfully activated service 'org.freedesktop.PackageKit'
Oct 29 21:51:19 ubuntu systemd[1]: Started PackageKit Daemon.
Oct 29 21:51:19 ubuntu dbus-daemon[1304]: [session uid=999 pid=1304] Activating via systemd: service name='org.gtk.vfs.UDisks2VolumeMonitor' unit='gvfs-udisks2-volume-monitor.service' requested by ':1.18' (uid=999 pid=1343 comm="gnome-shell --sm-disable --mode=ubiquity " label="unconfined")
Oct 29 21:51:19 ubuntu systemd[1289]: Starting Virtual filesystem service - disk device monitor...
Oct 29 21:51:19 ubuntu dbus-daemon[1304]: [session uid=999 pid=1304] Successfully activated service 'org.gtk.vfs.UDisks2VolumeMonitor'
Oct 29 21:51:19 ubuntu systemd[1289]: Started Virtual filesystem service - disk device monitor.
Oct 29 21:51:19 ubuntu dbus-daemon[1304]: [session uid=999 pid=1304] Activating via systemd: service name='org.gtk.vfs.MTPVolumeMonitor' unit='gvfs-mtp-volume-monitor.service' requested by ':1.18' (uid=999 pid=1343 comm="gnome-shell --sm-disable --mode=ubiquity " label="unconfined")
Oct 29 21:51:19 ubuntu systemd[1289]: Starting Virtual filesystem service - Media Transfer Protocol monitor...
Oct 29 21:51:19 ubuntu dbus-daemon[1304]: [session uid=999 pid=1304] Successfully activated service 'org.gtk.vfs.MTPVolumeMonitor'
Oct 29 21:51:19 ubuntu systemd[1289]: Started Virtual filesystem service - Media Transfer Protocol monitor.
Oct 29 21:51:19 ubuntu dbus-daemon[1304]: [session uid=999 pid=1304] Activating via systemd: service name='org.gtk.vfs.GPhoto2VolumeMonitor' unit='gvfs-gphoto2-volume-monitor.service' requested by ':1.18' (uid=999 pid=1343 comm="gnome-shell --sm-disable --mode=ubiquity " label="unconfined")
Oct 29 21:51:19 ubuntu systemd[1289]: Starting Virtual filesystem service - digital camera monitor...
Oct 29 21:51:19 ubuntu dbus-daemon[1304]: [session uid=999 pid=1304] Successfully activated service 'org.gtk.vfs.GPhoto2VolumeMonitor'
Oct 29 21:51:19 ubuntu systemd[1289]: Started Virtual filesystem service - digital camera monitor.
Oct 29 21:51:19 ubuntu dbus-daemon[1304]: [session uid=999 pid=1304] Activating via systemd: service name='org.gtk.vfs.GoaVolumeMonitor' unit='gvfs-goa-volume-monitor.service' requested by ':1.18' (uid=999 pid=1343 comm="gnome-shell --sm-disable --mode=ubiquity " label="unconfined")
Oct 29 21:51:19 ubuntu systemd[1289]: Starting Virtual filesystem service - GNOME Online Accounts monitor...
Oct 29 21:51:19 ubuntu dbus-daemon[1304]: [session uid=999 pid=1304] Activating service name='org.gnome.OnlineAccounts' requested by ':1.29' (uid=999 pid=1656 comm="/usr/lib/gvfs/gvfs-goa-volume-monitor " label="unconfined")
Oct 29 21:51:19 ubuntu goa-daemon[1660]: goa-daemon version 3.28.0 starting
Oct 29 21:51:20 ubuntu dbus-daemon[1304]: [session uid=999 pid=1304] Activating service name='org.gnome.Identity' requested by ':1.30' (uid=999 pid=1660 comm="/usr/lib/gnome-online-accounts/goa-daemon " label="unconfined")
Oct 29 21:51:20 ubuntu dbus-daemon[1304]: [session uid=999 pid=1304] Successfully activated service 'org.gnome.OnlineAccounts'
Oct 29 21:51:20 ubuntu dbus-daemon[1304]: [session uid=999 pid=1304] Successfully activated service 'org.gtk.vfs.GoaVolumeMonitor'
Oct 29 21:51:20 ubuntu systemd[1289]: Started Virtual filesystem service - GNOME Online Accounts monitor.
Oct 29 21:51:20 ubuntu dbus-daemon[1304]: [session uid=999 pid=1304] Successfully activated service 'org.gnome.Identity'
Oct 29 21:51:20 ubuntu dbus-daemon[1304]: [session uid=999 pid=1304] Activating via systemd: service name='org.gtk.vfs.AfcVolumeMonitor' unit='gvfs-afc-volume-monitor.service' requested by ':1.18' (uid=999 pid=1343 comm="gnome-shell --sm-disable --mode=ubiquity " label="unconfined")
Oct 29 21:51:20 ubuntu systemd[1289]: Starting Virtual filesystem service - Apple File Conduit monitor...
Oct 29 21:51:20 ubuntu gvfs-afc-volume-monitor[1677]: Volume monitor alive
Oct 29 21:51:20 ubuntu dbus-daemon[1304]: [session uid=999 pid=1304] Successfully activated service 'org.gtk.vfs.AfcVolumeMonitor'
Oct 29 21:51:20 ubuntu systemd[1289]: Started Virtual filesystem service - Apple File Conduit monitor.
Oct 29 21:51:20 ubuntu systemd[1]: Reloading.
Oct 29 21:51:21 ubuntu systemd[1]: Mounting Mount unit for core, revision 4917...
Oct 29 21:51:21 ubuntu systemd[1]: Mounted Mount unit for core, revision 4917.
Oct 29 21:51:21 ubuntu snapd[995]: 2018/10/29 21:51:21.275306 backend.go:303: cannot create host snap-confine apparmor configuration: cannot synchronize snap-confine apparmor profile: open /var/lib/snapd/apparmor/profiles/snap-confine.core.4917.FnyyXKRTFFPy~: no such file or directory
Oct 29 21:51:21 ubuntu kernel: [   41.821460] audit: type=1400 audit(1540849881.332:4): apparmor="STATUS" operation="profile_load" profile="unconfined" name="snap-update-ns.core" pid=1707 comm="apparmor_parser"
Oct 29 21:51:21 ubuntu kernel: [   42.287556] audit: type=1400 audit(1540849881.796:5): apparmor="STATUS" operation="profile_load" profile="unconfined" name="snap.core.hook.configure" pid=1709 comm="apparmor_parser"
Oct 29 21:51:22 ubuntu NetworkManager[983]: <info>  [1540849882.3732] device changed (path: /sys/devices/pci0000:00/0000:00:03.0/net/enp0s3, iface: enp0s3)
Oct 29 21:51:22 ubuntu upowerd[1400]: treating change event as add on /sys/devices/pci0000:00/0000:00:06.0/usb1
Oct 29 21:51:22 ubuntu upowerd[1400]: treating change event as add on /sys/devices/pci0000:00/0000:00:06.0/usb1/1-0:1.0
Oct 29 21:51:22 ubuntu upowerd[1400]: treating change event as add on /sys/devices/pci0000:00/0000:00:06.0/usb1/1-1
Oct 29 21:51:22 ubuntu upowerd[1400]: treating change event as add on /sys/devices/pci0000:00/0000:00:06.0/usb1/1-1/1-1:1.0
Oct 29 21:51:22 ubuntu upowerd[1400]: treating change event as add on /sys/devices/pci0000:00/0000:00:06.0/usb1/1-1/1-1:1.0/0003:80EE:0021.0001
Oct 29 21:51:23 ubuntu NetworkManager[983]: <info>  [1540849883.0033] device changed (path: /sys/devices/virtual/net/lo, iface: lo)
Oct 29 21:51:23 ubuntu snapd[995]: 2018/10/29 21:51:23.117285 daemon.go:531: gracefully waiting for running hooks
Oct 29 21:51:23 ubuntu snapd[995]: 2018/10/29 21:51:23.117684 daemon.go:533: done waiting for running hooks
Oct 29 21:51:23 ubuntu systemd[1]: snapd.service: Service hold-off time over, scheduling restart.
Oct 29 21:51:23 ubuntu systemd[1]: snapd.service: Scheduled restart job, restart counter is at 1.
Oct 29 21:51:23 ubuntu systemd[1]: Stopped Snappy daemon.
Oct 29 21:51:23 ubuntu systemd[1]: Starting Snappy daemon...
Oct 29 21:51:23 ubuntu snapd[1750]: AppArmor status: apparmor is enabled and all features are available
Oct 29 21:51:23 ubuntu snapd[1750]: 2018/10/29 21:51:23.427876 backend.go:125: snapd enabled root filesystem on overlay support, additional upperdir permissions granted
Oct 29 21:51:23 ubuntu snapd[1750]: 2018/10/29 21:51:23.430591 daemon.go:343: started snapd/2.34.2+18.04 (series 16; classic) ubuntu/18.04 (amd64) linux/4.15.0-29-generic.
Oct 29 21:51:23 ubuntu systemd[1]: Started Snappy daemon.
Oct 29 21:51:24 ubuntu gnome-shell[1343]: GNOME Shell started at Mon Oct 29 2018 21:51:19 GMT+0000 (UTC)
Oct 29 21:51:26 ubuntu ubiquity[1381]: switched to page language
Oct 29 21:51:27 ubuntu kernel: [   47.966974] audit: type=1400 audit(1540849887.476:6): apparmor="STATUS" operation="profile_load" profile="unconfined" name="/snap/core/4917/usr/lib/snapd/snap-confine" pid=1841 comm="apparmor_parser"
Oct 29 21:51:27 ubuntu kernel: [   47.967231] audit: type=1400 audit(1540849887.476:7): apparmor="STATUS" operation="profile_load" profile="unconfined" name="/snap/core/4917/usr/lib/snapd/snap-confine//mount-namespace-capture-helper" pid=1841 comm="apparmor_parser"
Oct 29 21:51:27 ubuntu kernel: [   47.971041] audit: type=1400 audit(1540849887.480:8): apparmor="STATUS" operation="profile_replace" info="same as current profile, skipping" profile="unconfined" name="snap-update-ns.core" pid=1860 comm="apparmor_parser"
Oct 29 21:51:27 ubuntu kernel: [   48.289837] audit: type=1400 audit(1540849887.804:9): apparmor="STATUS" operation="profile_replace" profile="unconfined" name="snap.core.hook.configure" pid=1862 comm="apparmor_parser"
Oct 29 21:51:27 ubuntu kernel: [   48.361947] audit: type=1400 audit(1540849887.872:10): apparmor="STATUS" operation="profile_replace" profile="unconfined" name="/snap/core/4917/usr/lib/snapd/snap-confine" pid=1963 comm="apparmor_parser"
Oct 29 21:51:27 ubuntu kernel: [   48.362050] audit: type=1400 audit(1540849887.872:11): apparmor="STATUS" operation="profile_replace" profile="unconfined" name="/snap/core/4917/usr/lib/snapd/snap-confine//mount-namespace-capture-helper" pid=1963 comm="apparmor_parser"
Oct 29 21:51:27 ubuntu kernel: [   48.366728] audit: type=1400 audit(1540849887.876:12): apparmor="STATUS" operation="profile_replace" info="same as current profile, skipping" profile="unconfined" name="snap-update-ns.core" pid=1969 comm="apparmor_parser"
Oct 29 21:51:27 ubuntu kernel: [   48.374002] audit: type=1400 audit(1540849887.884:13): apparmor="STATUS" operation="profile_replace" info="same as current profile, skipping" profile="unconfined" name="snap.core.hook.configure" pid=1974 comm="apparmor_parser"
Oct 29 21:51:28 ubuntu systemd-timesyncd[905]: Synchronized to time server 91.189.94.4:123 (ntp.ubuntu.com).
Oct 29 21:51:30 ubuntu ubiquity[1381]: log-output -t ubiquity setxkbmap -layout us,au,cm,gb -variant ,,,
Oct 29 21:51:30 ubuntu ubiquity[1381]: switched to page console_setup
Oct 29 21:51:30 ubuntu ubiquity[1381]: switched to page language
Oct 29 21:51:31 ubuntu systemd[1]: Reloading.
Oct 29 21:51:32 ubuntu systemd[1]: Mounting Mount unit for gtk-common-themes, revision 319...
Oct 29 21:51:32 ubuntu systemd[1]: Mounted Mount unit for gtk-common-themes, revision 319.
Oct 29 21:51:33 ubuntu pulseaudio[1438]: [pulseaudio] bluez5-util.c: GetManagedObjects() failed: org.freedesktop.DBus.Error.NoReply: Did not receive a reply. Possible causes include: the remote application did not send a reply, the message bus security policy blocked the reply, the reply timeout expired, or the network connection was broken.
Oct 29 21:51:33 ubuntu systemd[1]: Reloading.
Oct 29 21:51:34 ubuntu systemd[1]: Mounting Mount unit for gnome-3-26-1604, revision 70...
Oct 29 21:51:34 ubuntu systemd[1]: Mounted Mount unit for gnome-3-26-1604, revision 70.
Oct 29 21:51:34 ubuntu systemd[1]: Reloading.
Oct 29 21:51:34 ubuntu systemd[1]: Mounting Mount unit for gnome-calculator, revision 180...
Oct 29 21:51:35 ubuntu systemd[1]: Mounted Mount unit for gnome-calculator, revision 180.
Oct 29 21:51:35 ubuntu kernel: [   54.680702] audit: type=1400 audit(1540849895.072:14): apparmor="STATUS" operation="profile_load" profile="unconfined" name="snap-update-ns.gnome-calculator" pid=2965 comm="apparmor_parser"
Oct 29 21:51:35 ubuntu kernel: [   54.811817] audit: type=1400 audit(1540849895.204:15): apparmor="STATUS" operation="profile_load" profile="unconfined" name="snap.gnome-calculator.gnome-calculator" pid=2967 comm="apparmor_parser"
Oct 29 21:51:35 ubuntu kernel: [   54.970834] audit: type=1400 audit(1540849895.364:16): apparmor="STATUS" operation="profile_replace" profile="unconfined" name="snap-update-ns.gnome-calculator" pid=2974 comm="apparmor_parser"
Oct 29 21:51:35 ubuntu kernel: [   55.258108] audit: type=1400 audit(1540849895.652:17): apparmor="STATUS" operation="profile_replace" profile="unconfined" name="snap.gnome-calculator.gnome-calculator" pid=2976 comm="apparmor_parser"
Oct 29 21:51:35 ubuntu kernel: [   55.580658] audit: type=1400 audit(1540849895.976:18): apparmor="STATUS" operation="profile_replace" profile="unconfined" name="snap-update-ns.gnome-calculator" pid=2983 comm="apparmor_parser"
Oct 29 21:51:36 ubuntu kernel: [   55.705715] audit: type=1400 audit(1540849896.100:19): apparmor="STATUS" operation="profile_replace" profile="unconfined" name="snap.gnome-calculator.gnome-calculator" pid=2985 comm="apparmor_parser"
Oct 29 21:51:36 ubuntu kernel: [   55.771086] audit: type=1400 audit(1540849896.164:20): apparmor="STATUS" operation="profile_replace" info="same as current profile, skipping" profile="unconfined" name="/snap/core/4917/usr/lib/snapd/snap-confine" pid=2991 comm="apparmor_parser"
Oct 29 21:51:36 ubuntu kernel: [   55.771089] audit: type=1400 audit(1540849896.164:21): apparmor="STATUS" operation="profile_replace" info="same as current profile, skipping" profile="unconfined" name="/snap/core/4917/usr/lib/snapd/snap-confine//mount-namespace-capture-helper" pid=2991 comm="apparmor_parser"
Oct 29 21:51:36 ubuntu kernel: [   55.793208] audit: type=1400 audit(1540849896.188:22): apparmor="STATUS" operation="profile_replace" info="same as current profile, skipping" profile="unconfined" name="snap-update-ns.core" pid=2993 comm="apparmor_parser"
Oct 29 21:51:36 ubuntu kernel: [   55.796953] audit: type=1400 audit(1540849896.192:23): apparmor="STATUS" operation="profile_replace" info="same as current profile, skipping" profile="unconfined" name="snap.core.hook.configure" pid=2995 comm="apparmor_parser"
Oct 29 21:51:40 ubuntu kernel: [   59.899869] kauditd_printk_skb: 23 callbacks suppressed
Oct 29 21:51:40 ubuntu kernel: [   59.899870] audit: type=1400 audit(1540849900.292:47): apparmor="STATUS" operation="profile_replace" profile="unconfined" name="snap.gnome-calculator.gnome-calculator" pid=3073 comm="apparmor_parser"
Oct 29 21:51:40 ubuntu kernel: [   59.968917] audit: type=1400 audit(1540849900.364:48): apparmor="STATUS" operation="profile_replace" info="same as current profile, skipping" profile="unconfined" name="/snap/core/4917/usr/lib/snapd/snap-confine" pid=3079 comm="apparmor_parser"
Oct 29 21:51:40 ubuntu kernel: [   59.968920] audit: type=1400 audit(1540849900.364:49): apparmor="STATUS" operation="profile_replace" info="same as current profile, skipping" profile="unconfined" name="/snap/core/4917/usr/lib/snapd/snap-confine//mount-namespace-capture-helper" pid=3079 comm="apparmor_parser"
Oct 29 21:51:40 ubuntu kernel: [   59.990278] audit: type=1400 audit(1540849900.384:50): apparmor="STATUS" operation="profile_replace" info="same as current profile, skipping" profile="unconfined" name="snap-update-ns.core" pid=3081 comm="apparmor_parser"
